Archive member included to satisfy reference by file (symbol)

c:/siliconlabs/simplicitystudio/v4/developer/toolchains/gnu_arm/7.2_2017q4/bin/../lib/gcc/arm-none-eabi/7.2.1/thumb/v7e-m/fpv4-sp/softfp\libgcc.a(_arm_addsubdf3.o)
                              ./src/main.o (__aeabi_f2d)
c:/siliconlabs/simplicitystudio/v4/developer/toolchains/gnu_arm/7.2_2017q4/bin/../lib/gcc/arm-none-eabi/7.2.1/thumb/v7e-m/fpv4-sp/softfp\libgcc.a(_aeabi_uldivmod.o)
                              ./Drivers/rtcdriver.o (__aeabi_uldivmod)
c:/siliconlabs/simplicitystudio/v4/developer/toolchains/gnu_arm/7.2_2017q4/bin/../lib/gcc/arm-none-eabi/7.2.1/thumb/v7e-m/fpv4-sp/softfp\libgcc.a(_udivmoddi4.o)
                              c:/siliconlabs/simplicitystudio/v4/developer/toolchains/gnu_arm/7.2_2017q4/bin/../lib/gcc/arm-none-eabi/7.2.1/thumb/v7e-m/fpv4-sp/softfp\libgcc.a(_aeabi_uldivmod.o) (__udivmoddi4)
c:/siliconlabs/simplicitystudio/v4/developer/toolchains/gnu_arm/7.2_2017q4/bin/../lib/gcc/arm-none-eabi/7.2.1/thumb/v7e-m/fpv4-sp/softfp\libgcc.a(_dvmd_tls.o)
                              c:/siliconlabs/simplicitystudio/v4/developer/toolchains/gnu_arm/7.2_2017q4/bin/../lib/gcc/arm-none-eabi/7.2.1/thumb/v7e-m/fpv4-sp/softfp\libgcc.a(_aeabi_uldivmod.o) (__aeabi_ldiv0)
c:/siliconlabs/simplicitystudio/v4/developer/toolchains/gnu_arm/7.2_2017q4/bin/../lib/gcc/arm-none-eabi/7.2.1/../../../../arm-none-eabi/lib/thumb/v7e-m/fpv4-sp/softfp\libc_nano.a(lib_a-asctime.o)
                              ./src/main.o (asctime)
c:/siliconlabs/simplicitystudio/v4/developer/toolchains/gnu_arm/7.2_2017q4/bin/../lib/gcc/arm-none-eabi/7.2.1/../../../../arm-none-eabi/lib/thumb/v7e-m/fpv4-sp/softfp\libc_nano.a(lib_a-asctime_r.o)
                              c:/siliconlabs/simplicitystudio/v4/developer/toolchains/gnu_arm/7.2_2017q4/bin/../lib/gcc/arm-none-eabi/7.2.1/../../../../arm-none-eabi/lib/thumb/v7e-m/fpv4-sp/softfp\libc_nano.a(lib_a-asctime.o) (asctime_r)
c:/siliconlabs/simplicitystudio/v4/developer/toolchains/gnu_arm/7.2_2017q4/bin/../lib/gcc/arm-none-eabi/7.2.1/../../../../arm-none-eabi/lib/thumb/v7e-m/fpv4-sp/softfp\libc_nano.a(lib_a-efgcvt.o)
                              ./src/main.o (gcvt)
c:/siliconlabs/simplicitystudio/v4/developer/toolchains/gnu_arm/7.2_2017q4/bin/../lib/gcc/arm-none-eabi/7.2.1/../../../../arm-none-eabi/lib/thumb/v7e-m/fpv4-sp/softfp\libc_nano.a(lib_a-exit.o)
                              c:/siliconlabs/simplicitystudio/v4/developer/toolchains/gnu_arm/7.2_2017q4/bin/../lib/gcc/arm-none-eabi/7.2.1/../../../../arm-none-eabi/lib/thumb/v7e-m/fpv4-sp/softfp/crt0.o (exit)
c:/siliconlabs/simplicitystudio/v4/developer/toolchains/gnu_arm/7.2_2017q4/bin/../lib/gcc/arm-none-eabi/7.2.1/../../../../arm-none-eabi/lib/thumb/v7e-m/fpv4-sp/softfp\libc_nano.a(lib_a-gmtime.o)
                              ./src/main.o (gmtime)
c:/siliconlabs/simplicitystudio/v4/developer/toolchains/gnu_arm/7.2_2017q4/bin/../lib/gcc/arm-none-eabi/7.2.1/../../../../arm-none-eabi/lib/thumb/v7e-m/fpv4-sp/softfp\libc_nano.a(lib_a-gmtime_r.o)
                              c:/siliconlabs/simplicitystudio/v4/developer/toolchains/gnu_arm/7.2_2017q4/bin/../lib/gcc/arm-none-eabi/7.2.1/../../../../arm-none-eabi/lib/thumb/v7e-m/fpv4-sp/softfp\libc_nano.a(lib_a-gmtime.o) (gmtime_r)
c:/siliconlabs/simplicitystudio/v4/developer/toolchains/gnu_arm/7.2_2017q4/bin/../lib/gcc/arm-none-eabi/7.2.1/../../../../arm-none-eabi/lib/thumb/v7e-m/fpv4-sp/softfp\libc_nano.a(lib_a-impure.o)
                              c:/siliconlabs/simplicitystudio/v4/developer/toolchains/gnu_arm/7.2_2017q4/bin/../lib/gcc/arm-none-eabi/7.2.1/../../../../arm-none-eabi/lib/thumb/v7e-m/fpv4-sp/softfp\libc_nano.a(lib_a-exit.o) (_global_impure_ptr)
c:/siliconlabs/simplicitystudio/v4/developer/toolchains/gnu_arm/7.2_2017q4/bin/../lib/gcc/arm-none-eabi/7.2.1/../../../../arm-none-eabi/lib/thumb/v7e-m/fpv4-sp/softfp\libc_nano.a(lib_a-init.o)
                              c:/siliconlabs/simplicitystudio/v4/developer/toolchains/gnu_arm/7.2_2017q4/bin/../lib/gcc/arm-none-eabi/7.2.1/../../../../arm-none-eabi/lib/thumb/v7e-m/fpv4-sp/softfp/crt0.o (__libc_init_array)
c:/siliconlabs/simplicitystudio/v4/developer/toolchains/gnu_arm/7.2_2017q4/bin/../lib/gcc/arm-none-eabi/7.2.1/../../../../arm-none-eabi/lib/thumb/v7e-m/fpv4-sp/softfp\libc_nano.a(lib_a-malloc.o)
                              c:/siliconlabs/simplicitystudio/v4/developer/toolchains/gnu_arm/7.2_2017q4/bin/../lib/gcc/arm-none-eabi/7.2.1/../../../../arm-none-eabi/lib/thumb/v7e-m/fpv4-sp/softfp\libc_nano.a(lib_a-asctime.o) (malloc)
c:/siliconlabs/simplicitystudio/v4/developer/toolchains/gnu_arm/7.2_2017q4/bin/../lib/gcc/arm-none-eabi/7.2.1/../../../../arm-none-eabi/lib/thumb/v7e-m/fpv4-sp/softfp\libc_nano.a(lib_a-memcpy-stub.o)
                              ./Drivers/uartdrv.o (memcpy)
[...]
Memory Configuration

Name             Origin             Length             Attributes
FLASH            0x00000000         0x00200000         xr
RAM              0x20000000         0x00080000         xrw
*default*        0x00000000         0xffffffff

Linker script and memory map

LOAD c:/siliconlabs/simplicitystudio/v4/developer/toolchains/gnu_arm/7.2_2017q4/bin/../lib/gcc/arm-none-eabi/7.2.1/thumb/v7e-m/fpv4-sp/softfp/crti.o
LOAD c:/siliconlabs/simplicitystudio/v4/developer/toolchains/gnu_arm/7.2_2017q4/bin/../lib/gcc/arm-none-eabi/7.2.1/thumb/v7e-m/fpv4-sp/softfp/crtbegin.o
LOAD c:/siliconlabs/simplicitystudio/v4/developer/toolchains/gnu_arm/7.2_2017q4/bin/../lib/gcc/arm-none-eabi/7.2.1/../../../../arm-none-eabi/lib/thumb/v7e-m/fpv4-sp/softfp/crt0.o
LOAD ./CMSIS/EFM32GG11B/startup_efm32gg11b.o
LOAD ./CMSIS/EFM32GG11B/system_efm32gg11b.o
LOAD ./Drivers/dmadrv.o
LOAD ./Drivers/gpiointerrupt.o
LOAD ./Drivers/rtcdriver.o
LOAD ./Drivers/spidrv.o
LOAD ./Drivers/uartdrv.o
LOAD ./Drivers/ustimer.o
LOAD ./emlib/em_cmu.o
LOAD ./emlib/em_core.o
LOAD ./emlib/em_dma.o
LOAD ./emlib/em_emu.o
LOAD ./emlib/em_gpio.o
LOAD ./emlib/em_ldma.o
LOAD ./emlib/em_leuart.o
LOAD ./emlib/em_rtc.o
LOAD ./emlib/em_rtcc.o
LOAD ./emlib/em_system.o
LOAD ./emlib/em_usart.o
LOAD ./src/main.o
LOAD C:/SiliconLabs/SimplicityStudio/v4/developer/sdks/gecko_sdk_suite/v2.3//platform/emdrv/nvm3/lib/\libnvm3_CM4_gcc.a
START GROUP
LOAD c:/siliconlabs/simplicitystudio/v4/developer/toolchains/gnu_arm/7.2_2017q4/bin/../lib/gcc/arm-none-eabi/7.2.1/thumb/v7e-m/fpv4-sp/softfp\libgcc.a
LOAD c:/siliconlabs/simplicitystudio/v4/developer/toolchains/gnu_arm/7.2_2017q4/bin/../lib/gcc/arm-none-eabi/7.2.1/../../../../arm-none-eabi/lib/thumb/v7e-m/fpv4-sp/softfp\libc_nano.a
LOAD c:/siliconlabs/simplicitystudio/v4/developer/toolchains/gnu_arm/7.2_2017q4/bin/../lib/gcc/arm-none-eabi/7.2.1/../../../../arm-none-eabi/lib/thumb/v7e-m/fpv4-sp/softfp\libnosys.a
END GROUP
START GROUP
LOAD c:/siliconlabs/simplicitystudio/v4/developer/toolchains/gnu_arm/7.2_2017q4/bin/../lib/gcc/arm-none-eabi/7.2.1/thumb/v7e-m/fpv4-sp/softfp\libgcc.a
LOAD c:/siliconlabs/simplicitystudio/v4/developer/toolchains/gnu_arm/7.2_2017q4/bin/../lib/gcc/arm-none-eabi/7.2.1/../../../../arm-none-eabi/lib/thumb/v7e-m/fpv4-sp/softfp\libg_nano.a
LOAD c:/siliconlabs/simplicitystudio/v4/developer/toolchains/gnu_arm/7.2_2017q4/bin/../lib/gcc/arm-none-eabi/7.2.1/../../../../arm-none-eabi/lib/thumb/v7e-m/fpv4-sp/softfp\libc_nano.a
END GROUP
START GROUP
LOAD c:/siliconlabs/simplicitystudio/v4/developer/toolchains/gnu_arm/7.2_2017q4/bin/../lib/gcc/arm-none-eabi/7.2.1/thumb/v7e-m/fpv4-sp/softfp\libgcc.a
LOAD c:/siliconlabs/simplicitystudio/v4/developer/toolchains/gnu_arm/7.2_2017q4/bin/../lib/gcc/arm-none-eabi/7.2.1/../../../../arm-none-eabi/lib/thumb/v7e-m/fpv4-sp/softfp\libc_nano.a
END GROUP
LOAD c:/siliconlabs/simplicitystudio/v4/developer/toolchains/gnu_arm/7.2_2017q4/bin/../lib/gcc/arm-none-eabi/7.2.1/thumb/v7e-m/fpv4-sp/softfp/crtend.o
LOAD c:/siliconlabs/simplicitystudio/v4/developer/toolchains/gnu_arm/7.2_2017q4/bin/../lib/gcc/arm-none-eabi/7.2.1/thumb/v7e-m/fpv4-sp/softfp/crtn.o

.text           0x00000000     0xb7ec
 *(.vectors)
 .vectors       0x00000000      0x150 ./CMSIS/EFM32GG11B/startup_efm32gg11b.o
                0x00000000                __Vectors
                0x00000150                __Vectors_End = .
                0x00000150                __Vectors_Size = (__Vectors_End - __Vectors)
                0x00000150                __end__ = .
 *(.text*)
 .text          0x00000150       0x40 c:/siliconlabs/simplicitystudio/v4/developer/toolchains/gnu_arm/7.2_2017q4/bin/../lib/gcc/arm-none-eabi/7.2.1/thumb/v7e-m/fpv4-sp/softfp/crtbegin.o
 .text          0x00000190       0x74 c:/siliconlabs/simplicitystudio/v4/developer/toolchains/gnu_arm/7.2_2017q4/bin/../lib/gcc/arm-none-eabi/7.2.1/../../../../arm-none-eabi/lib/thumb/v7e-m/fpv4-sp/softfp/crt0.o
                0x00000190                _start
                0x00000190                _mainCRTStartup
 .text          0x00000204       0x30 ./CMSIS/EFM32GG11B/startup_efm32gg11b.o
                0x00000204                Reset_Handler
                0x00000230                TIMER5_IRQHandler
                0x00000230                DebugMon_Handler
                0x00000230                USART0_TX_IRQHandler
                0x00000230                USART5_RX_IRQHandler
                0x00000230                I2C0_IRQHandler
                0x00000230                HardFault_Handler
                0x00000230                LEUART1_IRQHandler
                0x00000230                SysTick_Handler
                0x00000230                SDIO_IRQHandler
                0x00000230                USART1_RX_IRQHandler
                0x00000230                PendSV_Handler
                0x00000230                NMI_Handler
                0x00000230                I2C1_IRQHandler
                0x00000230                CAN1_IRQHandler
                0x00000230                WTIMER0_IRQHandler
                0x00000230                WTIMER3_IRQHandler
                0x00000230                CRYPTO0_IRQHandler
                0x00000230                WDOG0_IRQHandler
                0x00000230                TIMER3_IRQHandler
                0x00000230                USART1_TX_IRQHandler
                0x00000230                USART4_RX_IRQHandler
                0x00000230                SMU_IRQHandler
                0x00000230                MSC_IRQHandler
                0x00000230                ADC0_IRQHandler
                0x00000230                UsageFault_Handler
                0x00000230                WDOG1_IRQHandler
                0x00000230                LEUART0_IRQHandler
                0x00000230                TIMER4_IRQHandler
                0x00000230                FPUEH_IRQHandler
                0x00000230                WTIMER1_IRQHandler
                0x00000230                UART0_TX_IRQHandler
                0x00000230                UART1_TX_IRQHandler
                0x00000230                VDAC0_IRQHandler
                0x00000230                QSPI0_IRQHandler
                0x00000230                TIMER6_IRQHandler
                0x00000230                CSEN_IRQHandler
                0x00000230                ADC1_IRQHandler
                0x00000230                I2C2_IRQHandler
                0x00000230                RTC_IRQHandler
                0x00000230                TIMER2_IRQHandler
                0x00000230                LCD_IRQHandler
                0x00000230                PCNT2_IRQHandler
                0x00000230                UART0_RX_IRQHandler
                0x00000230                WTIMER2_IRQHandler
                0x00000230                LETIMER0_IRQHandler
                0x00000230                TIMER1_IRQHandler
                0x00000230                TRNG0_IRQHandler
                0x00000230                USART2_RX_IRQHandler
                0x00000230                Default_Handler
                0x00000230                EMU_IRQHandler
                0x00000230                CRYOTIMER_IRQHandler
                0x00000230                PCNT0_IRQHandler
                0x00000230                USB_IRQHandler
                0x00000230                USART4_TX_IRQHandler
                0x00000230                PCNT1_IRQHandler
                0x00000230                ACMP0_IRQHandler
                0x00000230                USART0_RX_IRQHandler
                0x00000230                USART5_TX_IRQHandler
                0x00000230                MemManage_Handler
                0x00000230                SVC_Handler
                0x00000230                USART3_RX_IRQHandler
                0x00000230                UART1_RX_IRQHandler
                0x00000230                ETH_IRQHandler
                0x00000230                CMU_IRQHandler
                0x00000230                EBI_IRQHandler
                0x00000230                CAN0_IRQHandler
                0x00000230                LESENSE_IRQHandler
                0x00000230                USART3_TX_IRQHandler
                0x00000230                LETIMER1_IRQHandler
                0x00000230                ACMP2_IRQHandler
                0x00000230                BusFault_Handler
                0x00000230                USART2_TX_IRQHandler
                0x00000230                IDAC0_IRQHandler
 .text.SystemCoreClockGet
                0x00000234       0x40 ./CMSIS/EFM32GG11B/system_efm32gg11b.o
                0x00000234                SystemCoreClockGet
 .text.SystemMaxCoreClockGet
                0x00000274       0x14 ./CMSIS/EFM32GG11B/system_efm32gg11b.o
                0x00000274                SystemMaxCoreClockGet
 .text.SystemHFClockGet
                0x00000288       0x70 ./CMSIS/EFM32GG11B/system_efm32gg11b.o
                0x00000288                SystemHFClockGet
 .text.SystemHFXOClockGet
                0x000002f8       0x18 ./CMSIS/EFM32GG11B/system_efm32gg11b.o
                0x000002f8                SystemHFXOClockGet
 .text.SystemInit
                0x00000310       0x24 ./CMSIS/EFM32GG11B/system_efm32gg11b.o
                0x00000310                SystemInit
 .text.SystemLFRCOClockGet
                0x00000334       0x12 ./CMSIS/EFM32GG11B/system_efm32gg11b.o
                0x00000334                SystemLFRCOClockGet
 .text.SystemULFRCOClockGet
                0x00000346       0x12 ./CMSIS/EFM32GG11B/system_efm32gg11b.o
                0x00000346                SystemULFRCOClockGet
 .text.SystemLFXOClockGet
                0x00000358       0x18 ./CMSIS/EFM32GG11B/system_efm32gg11b.o
                0x00000358                SystemLFXOClockGet
 .text.DMADRV_AllocateChannel
                0x00000370       0xa4 ./Drivers/dmadrv.o
                0x00000370                DMADRV_AllocateChannel
 .text.DMADRV_Init
                0x00000414       0x7c ./Drivers/dmadrv.o
                0x00000414                DMADRV_Init
 .text.DMADRV_MemoryPeripheral
                0x00000490       0x46 ./Drivers/dmadrv.o
                0x00000490                DMADRV_MemoryPeripheral
 .text.DMADRV_PeripheralMemory
                0x000004d6       0x46 ./Drivers/dmadrv.o
                0x000004d6                DMADRV_PeripheralMemory
 .text.DMADRV_PauseTransfer
                0x0000051c       0x68 ./Drivers/dmadrv.o
                0x0000051c                DMADRV_PauseTransfer
 .text.DMADRV_ResumeTransfer
                0x00000584       0x68 ./Drivers/dmadrv.o
                0x00000584                DMADRV_ResumeTransfer
 .text.DMADRV_TransferActive
                0x000005ec       0x8c ./Drivers/dmadrv.o
                0x000005ec                DMADRV_TransferActive
 .text.LDMA_IRQHandler
                0x00000678       0xdc ./Drivers/dmadrv.o
                0x00000678                LDMA_IRQHandler
 .text.StartTransfer
                0x00000754      0x214 ./Drivers/dmadrv.o
 .text.NVIC_EnableIRQ
                0x00000968       0x34 ./Drivers/gpiointerrupt.o
 .text.NVIC_ClearPendingIRQ
                0x0000099c       0x34 ./Drivers/gpiointerrupt.o
 .text.GPIO_IntClear
                0x000009d0       0x20 ./Drivers/gpiointerrupt.o
 .text.GPIO_IntGetEnabled
                0x000009f0       0x28 ./Drivers/gpiointerrupt.o
 .text.SL_CTZ   0x00000a18       0x26 ./Drivers/gpiointerrupt.o
 .text.GPIOINT_Init
                0x00000a3e       0x20 ./Drivers/gpiointerrupt.o
                0x00000a3e                GPIOINT_Init
 *fill*         0x00000a5e        0x2 
 .text.GPIOINT_CallbackRegister
                0x00000a60       0x30 ./Drivers/gpiointerrupt.o
                0x00000a60                GPIOINT_CallbackRegister
 .text.GPIOINT_IRQDispatcher
                0x00000a90       0x50 ./Drivers/gpiointerrupt.o
 .text.GPIO_EVEN_IRQHandler
                0x00000ae0       0x28 ./Drivers/gpiointerrupt.o
                0x00000ae0                GPIO_EVEN_IRQHandler
 .text.GPIO_ODD_IRQHandler
                0x00000b08       0x28 ./Drivers/gpiointerrupt.o
                0x00000b08                GPIO_ODD_IRQHandler
 .text.NVIC_EnableIRQ
                0x00000b30       0x34 ./Drivers/rtcdriver.o
 .text.NVIC_ClearPendingIRQ
                0x00000b64       0x34 ./Drivers/rtcdriver.o
 .text.CMU_DivToLog2
                0x00000b98       0x30 ./Drivers/rtcdriver.o
 .text.RTCC_ChannelCCVGet
                0x00000bc8       0x28 ./Drivers/rtcdriver.o
 .text.RTCC_ChannelCCVSet
                0x00000bf0       0x2c ./Drivers/rtcdriver.o
 .text.RTCC_CounterGet
                0x00000c1c       0x18 ./Drivers/rtcdriver.o
 .text.RTCC_IntClear
                0x00000c34       0x20 ./Drivers/rtcdriver.o
 .text.RTCC_IntDisable
                0x00000c54       0x28 ./Drivers/rtcdriver.o
 .text.RTCC_IntEnable
                0x00000c7c       0x24 ./Drivers/rtcdriver.o
 .text.RTCC_IntGetEnabled
                0x00000ca0       0x24 ./Drivers/rtcdriver.o
 .text.RTCDRV_AllocateTimer
                0x00000cc4       0x8c ./Drivers/rtcdriver.o
                0x00000cc4                RTCDRV_AllocateTimer
 .text.RTCDRV_Init
                0x00000d50       0xbc ./Drivers/rtcdriver.o
                0x00000d50                RTCDRV_Init
 .text.RTCDRV_StartTimer
                0x00000e0c      0x310 ./Drivers/rtcdriver.o
                0x00000e0c                RTCDRV_StartTimer
 .text.RTCDRV_StopTimer
                0x0000111c       0x70 ./Drivers/rtcdriver.o
                0x0000111c                RTCDRV_StopTimer
 .text.RTCC_IRQHandler
                0x0000118c       0xa4 ./Drivers/rtcdriver.o
                0x0000118c                RTCC_IRQHandler
 .text.checkAllTimers
                0x00001230      0x2d0 ./Drivers/rtcdriver.o
 .text.executeTimerCallbacks
                0x00001500       0x64 ./Drivers/rtcdriver.o
 .text.rescheduleRtc
                0x00001564       0xec ./Drivers/rtcdriver.o
 .text.SPIDRV_Init
                0x00001650      0x33c ./Drivers/spidrv.o
                0x00001650                SPIDRV_Init
 .text.SPIDRV_MTransferB
                0x0000198c       0x68 ./Drivers/spidrv.o
                0x0000198c                SPIDRV_MTransferB
 .text.SPIDRV_MTransmitB
                0x000019f4       0x54 ./Drivers/spidrv.o
                0x000019f4                SPIDRV_MTransmitB
 .text.BlockingComplete
                0x00001a48       0x26 ./Drivers/spidrv.o
 *fill*         0x00001a6e        0x2 
 .text.ConfigGPIO
                0x00001a70     0x1034 ./Drivers/spidrv.o
 .text.RxDMAComplete
                0x00002aa4       0x62 ./Drivers/spidrv.o
 *fill*         0x00002b06        0x2 
 .text.StartTransferDMA
                0x00002b08       0xbc ./Drivers/spidrv.o
 .text.StartTransmitDMA
                0x00002bc4       0xc0 ./Drivers/spidrv.o
 .text.TransferApiBlockingPrologue
                0x00002c84       0x70 ./Drivers/spidrv.o
 .text.WaitForTransferCompletion
                0x00002cf4       0x4a ./Drivers/spidrv.o
 .text.USART_IntClear
                0x00002d3e       0x1c ./Drivers/uartdrv.o
 .text.BUS_RegBitRead
                0x00002d5a       0x2a ./Drivers/uartdrv.o
 .text.BUS_RegMaskedSet
                0x00002d84       0x24 ./Drivers/uartdrv.o
 .text.BUS_RegMaskedClear
                0x00002da8       0x24 ./Drivers/uartdrv.o
 .text.GPIO_PinInGet
                0x00002dcc       0x66 ./Drivers/uartdrv.o
 .text.GPIO_PinOutClear
                0x00002e32       0x6c ./Drivers/uartdrv.o
 .text.GPIO_PinOutSet
                0x00002e9e       0x6c ./Drivers/uartdrv.o
 .text.GPIO_IntConfig
                0x00002f0a       0x36 ./Drivers/uartdrv.o
 .text.HwFcCtsIrqGetDrvHandle
                0x00002f40       0x48 ./Drivers/uartdrv.o
 .text.HwFcGetClearToSendPin
                0x00002f88       0x32 ./Drivers/uartdrv.o
 .text.HwFcManageClearToSend
                0x00002fba       0xa0 ./Drivers/uartdrv.o
 .text.FcApplyState
                0x0000305a       0xcc ./Drivers/uartdrv.o
 *fill*         0x00003126        0x2 
 .text.EnqueueBuffer
                0x00003128       0xa8 ./Drivers/uartdrv.o
 .text.DequeueBuffer
                0x000031d0       0x84 ./Drivers/uartdrv.o
 .text.GetTailBuffer
                0x00003254       0x58 ./Drivers/uartdrv.o
 .text.EnableTransmitter
                0x000032ac       0x8a ./Drivers/uartdrv.o
 .text.DisableTransmitter
                0x00003336       0x6a ./Drivers/uartdrv.o
 .text.StartTransmitDma
                0x000033a0       0x80 ./Drivers/uartdrv.o
 .text.TransmitDmaComplete
                0x00003420       0xb0 ./Drivers/uartdrv.o
 .text.CheckParams
                0x000034d0       0x44 ./Drivers/uartdrv.o
 .text.SetupGpioUart
                0x00003514      0xa94 ./Drivers/uartdrv.o
 .text.ConfigGpio
                0x00003fa8      0x14e ./Drivers/uartdrv.o
 *fill*         0x000040f6        0x2 
 .text.SetHandleIndex
                0x000040f8       0xa4 ./Drivers/uartdrv.o
 .text.InitializeQueues
                0x0000419c       0x6c ./Drivers/uartdrv.o
 .text.InitializeGpioFlowControl
                0x00004208       0x3c ./Drivers/uartdrv.o
 .text.InitializeDma
                0x00004244       0x48 ./Drivers/uartdrv.o
 .text.UARTDRV_InitUart
                0x0000428c      0x350 ./Drivers/uartdrv.o
                0x0000428c                UARTDRV_InitUart
 .text.UARTDRV_ForceTransmit
                0x000045dc      0x120 ./Drivers/uartdrv.o
                0x000045dc                UARTDRV_ForceTransmit
 .text.UARTDRV_PauseTransmit
                0x000046fc       0x54 ./Drivers/uartdrv.o
                0x000046fc                UARTDRV_PauseTransmit
 .text.UARTDRV_ResumeTransmit
                0x00004750       0x68 ./Drivers/uartdrv.o
                0x00004750                UARTDRV_ResumeTransmit
 .text.UARTDRV_Transmit
                0x000047b8       0xa0 ./Drivers/uartdrv.o
                0x000047b8                UARTDRV_Transmit
 .text.TIMER_IntClear
                0x00004858       0x1c ./Drivers/ustimer.o
 .text.TIMER_IntGet
                0x00004874       0x18 ./Drivers/ustimer.o
 .text.TIMER0_IRQHandler
                0x0000488c       0x38 ./Drivers/ustimer.o
                0x0000488c                TIMER0_IRQHandler
 .text.BUS_RegBitWrite
                0x000048c4       0x2e ./emlib/em_cmu.o
 .text.BUS_RegBitRead
                0x000048f2       0x2a ./emlib/em_cmu.o
 .text.BUS_RegMaskedSet
                0x0000491c       0x24 ./emlib/em_cmu.o
 .text.BUS_RegMaskedClear
                0x00004940       0x24 ./emlib/em_cmu.o
 .text.CMU_Log2ToDiv
                0x00004964       0x1c ./emlib/em_cmu.o
 .text.CMU_PrescToLog2
                0x00004980       0x26 ./emlib/em_cmu.o
 *fill*         0x000049a6        0x2 
 .text.EMU_VScaleWait
                0x000049a8       0x1c ./emlib/em_cmu.o
 .text.EMU_VScaleGet
                0x000049c4       0x1c ./emlib/em_cmu.o
 .text.setHfLeConfig
                0x000049e0       0x64 ./emlib/em_cmu.o
 .text.auxClkGet
                0x00004a44       0x20 ./emlib/em_cmu.o
 .text.hfSrcClkGet
                0x00004a64       0x2c ./emlib/em_cmu.o
 .text.dbgClkGet
                0x00004a90       0x40 ./emlib/em_cmu.o
 .text.adcAsyncClkGet
                0x00004ad0       0x98 ./emlib/em_cmu.o
 .text.sdioRefClkGet
                0x00004b68       0x78 ./emlib/em_cmu.o
 .text.qspiRefClkGet
                0x00004be0       0x84 ./emlib/em_cmu.o
 .text.usbRateClkGet
                0x00004c64       0x98 ./emlib/em_cmu.o
 .text.flashWaitStateControl
                0x00004cfc       0x90 ./emlib/em_cmu.o
 .text.flashWaitStateMax
                0x00004d8c       0x44 ./emlib/em_cmu.o
 .text.setRamWaitState
                0x00004dd0       0x4c ./emlib/em_cmu.o
 .text.setBusWaitState
                0x00004e1c       0x40 ./emlib/em_cmu.o
 .text.CMU_UpdateWaitStates
                0x00004e5c       0x52 ./emlib/em_cmu.o
                0x00004e5c                CMU_UpdateWaitStates
 *fill*         0x00004eae        0x2 
 .text.getHfxoTuningMode
                0x00004eb0       0x1c ./emlib/em_cmu.o
 .text.setHfxoTuningMode
                0x00004ecc       0x2c ./emlib/em_cmu.o
 .text.lfClkGet
                0x00004ef8      0x120 ./emlib/em_cmu.o
 .text.syncReg  0x00005018       0x38 ./emlib/em_cmu.o
 .text.hfperClkSafePrescaler
                0x00005050       0x2c ./emlib/em_cmu.o
 .text.hfperClkOptimizedPrescaler
                0x0000507c       0xc8 ./emlib/em_cmu.o
 .text.CMU_ClockEnable
                0x00005144      0x150 ./emlib/em_cmu.o
                0x00005144                CMU_ClockEnable
 .text.CMU_ClockFreqGet
                0x00005294      0x368 ./emlib/em_cmu.o
                0x00005294                CMU_ClockFreqGet
 .text.CMU_ClockPrescSet
                0x000055fc      0x398 ./emlib/em_cmu.o
                0x000055fc                CMU_ClockPrescSet
 .text.CMU_ClockSelectGet
                0x00005994      0x2fc ./emlib/em_cmu.o
                0x00005994                CMU_ClockSelectGet
 .text.CMU_ClockSelectSet
                0x00005c90      0x554 ./emlib/em_cmu.o
                0x00005c90                CMU_ClockSelectSet
 .text.CMU_HFRCOBandGet
                0x000061e4       0x18 ./emlib/em_cmu.o
                0x000061e4                CMU_HFRCOBandGet
 .text.CMU_OscillatorEnable
                0x000061fc      0x18c ./emlib/em_cmu.o
                0x000061fc                CMU_OscillatorEnable
 .text.CMU_OscillatorTuningGet
                0x00006388       0x74 ./emlib/em_cmu.o
                0x00006388                CMU_OscillatorTuningGet
 .text.CMU_OscillatorTuningSet
                0x000063fc       0xf0 ./emlib/em_cmu.o
                0x000063fc                CMU_OscillatorTuningSet
 .text.CMU_OscillatorTuningWait
                0x000064ec       0x5c ./emlib/em_cmu.o
                0x000064ec                CMU_OscillatorTuningWait
 .text.NVIC_GetPriority
                0x00006548       0x50 ./emlib/em_core.o
 .text.CORE_EnterAtomic
                0x00006598       0x20 ./emlib/em_core.o
                0x00006598                CORE_EnterAtomic
 .text.CORE_ExitAtomic
                0x000065b8       0x1c ./emlib/em_core.o
                0x000065b8                CORE_ExitAtomic
 .text.CORE_IrqIsBlocked
                0x000065d4       0xa8 ./emlib/em_core.o
                0x000065d4                CORE_IrqIsBlocked
 .text.CORE_NvicIRQDisabled
                0x0000667c       0x54 ./emlib/em_core.o
                0x0000667c                CORE_NvicIRQDisabled
 .text.BUS_RegBitRead
                0x000066d0       0x2a ./emlib/em_emu.o
 *fill*         0x000066fa        0x2 
 .text.EMU_VScaleWait
                0x000066fc       0x1c ./emlib/em_emu.o
 .text.EMU_VScaleGet
                0x00006718       0x1c ./emlib/em_emu.o
 .text.vScaleEM01Cmd
                0x00006734       0x22 ./emlib/em_emu.o
 *fill*         0x00006756        0x2 
 .text.EMU_VScaleEM01ByClock
                0x00006758       0x70 ./emlib/em_emu.o
                0x00006758                EMU_VScaleEM01ByClock
 .text.EMU_VScaleEM01
                0x000067c8       0x88 ./emlib/em_emu.o
                0x000067c8                EMU_VScaleEM01
 .text.BUS_RegBitWrite
                0x00006850       0x2e ./emlib/em_gpio.o
 .text.BUS_RegMaskedSet
                0x0000687e       0x24 ./emlib/em_gpio.o
 .text.BUS_RegMaskedClear
                0x000068a2       0x24 ./emlib/em_gpio.o
 .text.BUS_RegMaskedWrite
                0x000068c6       0x24 ./emlib/em_gpio.o
 .text.GPIO_PinOutClear
                0x000068ea       0x6c ./emlib/em_gpio.o
 .text.GPIO_PinOutSet
                0x00006956       0x6c ./emlib/em_gpio.o
 *fill*         0x000069c2        0x2 
 .text.GPIO_ExtIntConfig
                0x000069c4      0x138 ./emlib/em_gpio.o
                0x000069c4                GPIO_ExtIntConfig
 .text.GPIO_PinModeSet
                0x00006afc      0x12c ./emlib/em_gpio.o
                0x00006afc                GPIO_PinModeSet
 .text.NVIC_EnableIRQ
                0x00006c28       0x34 ./emlib/em_ldma.o
 .text.NVIC_ClearPendingIRQ
                0x00006c5c       0x34 ./emlib/em_ldma.o
 .text.NVIC_SetPriority
                0x00006c90       0x54 ./emlib/em_ldma.o
 .text.BUS_RegBitWrite
                0x00006ce4       0x2e ./emlib/em_ldma.o
 .text.BUS_RegMaskedClear
                0x00006d12       0x24 ./emlib/em_ldma.o
 *fill*         0x00006d36        0x2 
 .text.LDMA_EnableChannelRequest
                0x00006d38       0x2c ./emlib/em_ldma.o
                0x00006d38                LDMA_EnableChannelRequest
 .text.LDMA_Init
                0x00006d64       0x74 ./emlib/em_ldma.o
                0x00006d64                LDMA_Init
 .text.LDMA_StartTransfer
                0x00006dd8      0x154 ./emlib/em_ldma.o
                0x00006dd8                LDMA_StartTransfer
 .text.LEUART_Sync
                0x00006f2c       0x32 ./emlib/em_leuart.o
 .text.LEUART_Tx
                0x00006f5e       0x30 ./emlib/em_leuart.o
                0x00006f5e                LEUART_Tx
 *fill*         0x00006f8e        0x2 
 .text.RTCC_ChannelInit
                0x00006f90       0x5c ./emlib/em_rtcc.o
                0x00006f90                RTCC_ChannelInit
 .text.RTCC_Init
                0x00006fec       0xa0 ./emlib/em_rtcc.o
                0x00006fec                RTCC_Init
 .text.USART_BaudrateAsyncSet
                0x0000708c       0xb0 ./emlib/em_usart.o
                0x0000708c                USART_BaudrateAsyncSet
 .text.USART_BaudrateSyncSet
                0x0000713c       0x40 ./emlib/em_usart.o
                0x0000713c                USART_BaudrateSyncSet
 .text.USART_Enable
                0x0000717c       0x94 ./emlib/em_usart.o
                0x0000717c                USART_Enable
 .text.USART_InitAsync
                0x00007210      0x120 ./emlib/em_usart.o
                0x00007210                USART_InitAsync
 .text.USART_InitSync
                0x00007330      0x11c ./emlib/em_usart.o
                0x00007330                USART_InitSync
 .text.USART_Reset
                0x0000744c       0xf4 ./emlib/em_usart.o
                0x0000744c                USART_Reset
 .text.USART_Tx
                0x00007540       0x2c ./emlib/em_usart.o
                0x00007540                USART_Tx
 .text.GPIO_IntClear
                0x0000756c       0x20 ./src/main.o
 .text.GPIO_IntDisable
                0x0000758c       0x2c ./src/main.o
 .text.GPIO_IntEnable
                0x000075b8       0x28 ./src/main.o
 .text.CHIP_Init
                0x000075e0       0x64 ./src/main.o
 .text.MAX_Init
                0x00007644      0x21c ./src/main.o
                0x00007644                MAX_Init
 .text.SPI_Init
                0x00007860       0x38 ./src/main.o
                0x00007860                SPI_Init
 .text.UART_Init
                0x00007898       0x38 ./src/main.o
                0x00007898                UART_Init
 .text.callback_UARTTX
                0x000078d0       0x1a ./src/main.o
                0x000078d0                callback_UARTTX
 *fill*         0x000078ea        0x2 
 .text.callback_RTC
                0x000078ec       0x98 ./src/main.o
                0x000078ec                callback_RTC
 .text.GPIOINT_callback
                0x00007984       0x34 ./src/main.o
                0x00007984                GPIOINT_callback
 .text.setupGPIOInt
                0x000079b8       0x44 ./src/main.o
                0x000079b8                setupGPIOInt
 .text.main     0x000079fc       0xd8 ./src/main.o
                0x000079fc                main
 .text.pollRTC  0x00007ad4       0x70 ./src/main.o
                0x00007ad4                pollRTC
 .text.pollTOF  0x00007b44       0x40 ./src/main.o
                0x00007b44                pollTOF
 .text.processRTC_ASCII
                0x00007b84      0x144 ./src/main.o
                0x00007b84                processRTC_ASCII
 .text.processTOF_ASCII
                0x00007cc8       0xa0 ./src/main.o
                0x00007cc8                processTOF_ASCII
 .text          0x00007d68      0x378 c:/siliconlabs/simplicitystudio/v4/developer/toolchains/gnu_arm/7.2_2017q4/bin/../lib/gcc/arm-none-eabi/7.2.1/thumb/v7e-m/fpv4-sp/softfp\libgcc.a(_arm_addsubdf3.o)
                0x00007d68                __aeabi_drsub
                0x00007d70                __aeabi_dsub
                0x00007d70                __subdf3
                0x00007d74                __aeabi_dadd
                0x00007d74                __adddf3
                0x00007fec                __floatunsidf
                0x00007fec                __aeabi_ui2d
                0x0000800c                __floatsidf
                0x0000800c                __aeabi_i2d
                0x00008030                __aeabi_f2d
                0x00008030                __extendsfdf2
                0x00008074                __floatundidf
                0x00008074                __aeabi_ul2d
                0x00008084                __floatdidf
                0x00008084                __aeabi_l2d
 .text          0x000080e0       0x30 c:/siliconlabs/simplicitystudio/v4/developer/toolchains/gnu_arm/7.2_2017q4/bin/../lib/gcc/arm-none-eabi/7.2.1/thumb/v7e-m/fpv4-sp/softfp\libgcc.a(_aeabi_uldivmod.o)
                0x000080e0                __aeabi_uldivmod
 .text          0x00008110      0x2cc c:/siliconlabs/simplicitystudio/v4/developer/toolchains/gnu_arm/7.2_2017q4/bin/../lib/gcc/arm-none-eabi/7.2.1/thumb/v7e-m/fpv4-sp/softfp\libgcc.a(_udivmoddi4.o)
                0x00008110                __udivmoddi4
 .text          0x000083dc        0x4 c:/siliconlabs/simplicitystudio/v4/developer/toolchains/gnu_arm/7.2_2017q4/bin/../lib/gcc/arm-none-eabi/7.2.1/thumb/v7e-m/fpv4-sp/softfp\libgcc.a(_dvmd_tls.o)
                0x000083dc                __aeabi_idiv0
                0x000083dc                __aeabi_ldiv0
 .text.asctime  0x000083e0       0x2c c:/siliconlabs/simplicitystudio/v4/developer/toolchains/gnu_arm/7.2_2017q4/bin/../lib/gcc/arm-none-eabi/7.2.1/../../../../arm-none-eabi/lib/thumb/v7e-m/fpv4-sp/softfp\libc_nano.a(lib_a-asctime.o)
                0x000083e0                asctime
 .text.asctime_r
                0x0000840c       0x4c c:/siliconlabs/simplicitystudio/v4/developer/toolchains/gnu_arm/7.2_2017q4/bin/../lib/gcc/arm-none-eabi/7.2.1/../../../../arm-none-eabi/lib/thumb/v7e-m/fpv4-sp/softfp\libc_nano.a(lib_a-asctime_r.o)
                0x0000840c                asctime_r
 .text.gcvt     0x00008458       0x48 c:/siliconlabs/simplicitystudio/v4/developer/toolchains/gnu_arm/7.2_2017q4/bin/../lib/gcc/arm-none-eabi/7.2.1/../../../../arm-none-eabi/lib/thumb/v7e-m/fpv4-sp/softfp\libc_nano.a(lib_a-efgcvt.o)
                0x00008458                gcvt
 .text.exit     0x000084a0       0x28 c:/siliconlabs/simplicitystudio/v4/developer/toolchains/gnu_arm/7.2_2017q4/bin/../lib/gcc/arm-none-eabi/7.2.1/../../../../arm-none-eabi/lib/thumb/v7e-m/fpv4-sp/softfp\libc_nano.a(lib_a-exit.o)
                0x000084a0                exit
 .text.gmtime   0x000084c8       0x24 c:/siliconlabs/simplicitystudio/v4/developer/toolchains/gnu_arm/7.2_2017q4/bin/../lib/gcc/arm-none-eabi/7.2.1/../../../../arm-none-eabi/lib/thumb/v7e-m/fpv4-sp/softfp\libc_nano.a(lib_a-gmtime.o)
                0x000084c8                gmtime
 .text.gmtime_r
                0x000084ec      0x15c c:/siliconlabs/simplicitystudio/v4/developer/toolchains/gnu_arm/7.2_2017q4/bin/../lib/gcc/arm-none-eabi/7.2.1/../../../../arm-none-eabi/lib/thumb/v7e-m/fpv4-sp/softfp\libc_nano.a(lib_a-gmtime_r.o)
                0x000084ec                gmtime_r
 .text.__libc_init_array
                0x00008648       0x48 c:/siliconlabs/simplicitystudio/v4/developer/toolchains/gnu_arm/7.2_2017q4/bin/../lib/gcc/arm-none-eabi/7.2.1/../../../../arm-none-eabi/lib/thumb/v7e-m/fpv4-sp/softfp\libc_nano.a(lib_a-init.o)
                0x00008648                __libc_init_array
 .text.malloc   0x00008690       0x10 c:/siliconlabs/simplicitystudio/v4/developer/toolchains/gnu_arm/7.2_2017q4/bin/../lib/gcc/arm-none-eabi/7.2.1/../../../../arm-none-eabi/lib/thumb/v7e-m/fpv4-sp/softfp\libc_nano.a(lib_a-malloc.o)
                0x00008690                malloc
 .text.memcpy   0x000086a0       0x16 c:/siliconlabs/simplicitystudio/v4/developer/toolchains/gnu_arm/7.2_2017q4/bin/../lib/gcc/arm-none-eabi/7.2.1/../../../../arm-none-eabi/lib/thumb/v7e-m/fpv4-sp/softfp\libc_nano.a(lib_a-memcpy-stub.o)
                0x000086a0                memcpy
 .text.memset   0x000086b6       0x10 c:/siliconlabs/simplicitystudio/v4/developer/toolchains/gnu_arm/7.2_2017q4/bin/../lib/gcc/arm-none-eabi/7.2.1/../../../../arm-none-eabi/lib/thumb/v7e-m/fpv4-sp/softfp\libc_nano.a(lib_a-memset.o)
                0x000086b6                memset
 *fill*         0x000086c6        0x2 
 .text._free_r  0x000086c8       0x9c c:/siliconlabs/simplicitystudio/v4/developer/toolchains/gnu_arm/7.2_2017q4/bin/../lib/gcc/arm-none-eabi/7.2.1/../../../../arm-none-eabi/lib/thumb/v7e-m/fpv4-sp/softfp\libc_nano.a(lib_a-nano-freer.o)
                0x000086c8                _free_r
 .text._malloc_r
                0x00008764       0xb4 c:/siliconlabs/simplicitystudio/v4/developer/toolchains/gnu_arm/7.2_2017q4/bin/../lib/gcc/arm-none-eabi/7.2.1/../../../../arm-none-eabi/lib/thumb/v7e-m/fpv4-sp/softfp\libc_nano.a(lib_a-nano-mallocr.o)
                0x00008764                _malloc_r
 .text.printf   0x00008818       0x30 c:/siliconlabs/simplicitystudio/v4/developer/toolchains/gnu_arm/7.2_2017q4/bin/../lib/gcc/arm-none-eabi/7.2.1/../../../../arm-none-eabi/lib/thumb/v7e-m/fpv4-sp/softfp\libc_nano.a(lib_a-printf.o)
                0x00008818                iprintf
                0x00008818                printf
 .text._sbrk_r  0x00008848       0x20 c:/siliconlabs/simplicitystudio/v4/developer/toolchains/gnu_arm/7.2_2017q4/bin/../lib/gcc/arm-none-eabi/7.2.1/../../../../arm-none-eabi/lib/thumb/v7e-m/fpv4-sp/softfp\libc_nano.a(lib_a-sbrkr.o)
                0x00008848                _sbrk_r
 .text.sprintf  0x00008868       0x40 c:/siliconlabs/simplicitystudio/v4/developer/toolchains/gnu_arm/7.2_2017q4/bin/../lib/gcc/arm-none-eabi/7.2.1/../../../../arm-none-eabi/lib/thumb/v7e-m/fpv4-sp/softfp\libc_nano.a(lib_a-sprintf.o)
                0x00008868                siprintf
                0x00008868                sprintf
 .text          0x000088a8       0x10 c:/siliconlabs/simplicitystudio/v4/developer/toolchains/gnu_arm/7.2_2017q4/bin/../lib/gcc/arm-none-eabi/7.2.1/../../../../arm-none-eabi/lib/thumb/v7e-m/fpv4-sp/softfp\libc_nano.a(lib_a-strlen.o)
                0x000088a8                strlen
 .text.time     0x000088b8       0x34 c:/siliconlabs/simplicitystudio/v4/developer/toolchains/gnu_arm/7.2_2017q4/bin/../lib/gcc/arm-none-eabi/7.2.1/../../../../arm-none-eabi/lib/thumb/v7e-m/fpv4-sp/softfp\libc_nano.a(lib_a-time.o)
                0x000088b8                time
 .text.print_e  0x000088ec       0xea c:/siliconlabs/simplicitystudio/v4/developer/toolchains/gnu_arm/7.2_2017q4/bin/../lib/gcc/arm-none-eabi/7.2.1/../../../../arm-none-eabi/lib/thumb/v7e-m/fpv4-sp/softfp\libc_nano.a(lib_a-ecvtbuf.o)
 *fill*         0x000089d6        0x2 
 .text._gcvt    0x000089d8      0x194 c:/siliconlabs/simplicitystudio/v4/developer/toolchains/gnu_arm/7.2_2017q4/bin/../lib/gcc/arm-none-eabi/7.2.1/../../../../arm-none-eabi/lib/thumb/v7e-m/fpv4-sp/softfp\libc_nano.a(lib_a-ecvtbuf.o)
                0x000089d8                _gcvt
 .text.std      0x00008b6c       0x48 c:/siliconlabs/simplicitystudio/v4/developer/toolchains/gnu_arm/7.2_2017q4/bin/../lib/gcc/arm-none-eabi/7.2.1/../../../../arm-none-eabi/lib/thumb/v7e-m/fpv4-sp/softfp\libc_nano.a(lib_a-findfp.o)
 .text._cleanup_r
                0x00008bb4        0xc c:/siliconlabs/simplicitystudio/v4/developer/toolchains/gnu_arm/7.2_2017q4/bin/../lib/gcc/arm-none-eabi/7.2.1/../../../../arm-none-eabi/lib/thumb/v7e-m/fpv4-sp/softfp\libc_nano.a(lib_a-findfp.o)
                0x00008bb4                _cleanup_r
 .text.__sfmoreglue
                0x00008bc0       0x2c c:/siliconlabs/simplicitystudio/v4/developer/toolchains/gnu_arm/7.2_2017q4/bin/../lib/gcc/arm-none-eabi/7.2.1/../../../../arm-none-eabi/lib/thumb/v7e-m/fpv4-sp/softfp\libc_nano.a(lib_a-findfp.o)
                0x00008bc0                __sfmoreglue
 .text.__sinit  0x00008bec       0x60 c:/siliconlabs/simplicitystudio/v4/developer/toolchains/gnu_arm/7.2_2017q4/bin/../lib/gcc/arm-none-eabi/7.2.1/../../../../arm-none-eabi/lib/thumb/v7e-m/fpv4-sp/softfp\libc_nano.a(lib_a-findfp.o)
                0x00008bec                __sinit
 .text.__sfp    0x00008c4c       0x78 c:/siliconlabs/simplicitystudio/v4/developer/toolchains/gnu_arm/7.2_2017q4/bin/../lib/gcc/arm-none-eabi/7.2.1/../../../../arm-none-eabi/lib/thumb/v7e-m/fpv4-sp/softfp\libc_nano.a(lib_a-findfp.o)
                0x00008c4c                __sfp
 .text._fwalk_reent
                0x00008cc4       0x3c c:/siliconlabs/simplicitystudio/v4/developer/toolchains/gnu_arm/7.2_2017q4/bin/../lib/gcc/arm-none-eabi/7.2.1/../../../../arm-none-eabi/lib/thumb/v7e-m/fpv4-sp/softfp\libc_nano.a(lib_a-fwalk.o)
                0x00008cc4                _fwalk_reent
 .text._gettimeofday_r
                0x00008d00       0x24 c:/siliconlabs/simplicitystudio/v4/developer/toolchains/gnu_arm/7.2_2017q4/bin/../lib/gcc/arm-none-eabi/7.2.1/../../../../arm-none-eabi/lib/thumb/v7e-m/fpv4-sp/softfp\libc_nano.a(lib_a-gettimeofdayr.o)
                0x00008d00                _gettimeofday_r
 .text.__malloc_lock
                0x00008d24        0x2 c:/siliconlabs/simplicitystudio/v4/developer/toolchains/gnu_arm/7.2_2017q4/bin/../lib/gcc/arm-none-eabi/7.2.1/../../../../arm-none-eabi/lib/thumb/v7e-m/fpv4-sp/softfp\libc_nano.a(lib_a-mlock.o)
                0x00008d24                __malloc_lock
 .text.__malloc_unlock
                0x00008d26        0x2 c:/siliconlabs/simplicitystudio/v4/developer/toolchains/gnu_arm/7.2_2017q4/bin/../lib/gcc/arm-none-eabi/7.2.1/../../../../arm-none-eabi/lib/thumb/v7e-m/fpv4-sp/softfp\libc_nano.a(lib_a-mlock.o)
                0x00008d26                __malloc_unlock
 .text._Balloc  0x00008d28       0x68 c:/siliconlabs/simplicitystudio/v4/developer/toolchains/gnu_arm/7.2_2017q4/bin/../lib/gcc/arm-none-eabi/7.2.1/../../../../arm-none-eabi/lib/thumb/v7e-m/fpv4-sp/softfp\libc_nano.a(lib_a-mprec.o)
                0x00008d28                _Balloc
 .text._Bfree   0x00008d90       0x2e c:/siliconlabs/simplicitystudio/v4/developer/toolchains/gnu_arm/7.2_2017q4/bin/../lib/gcc/arm-none-eabi/7.2.1/../../../../arm-none-eabi/lib/thumb/v7e-m/fpv4-sp/softfp\libc_nano.a(lib_a-mprec.o)
                0x00008d90                _Bfree
 .text.__multadd
                0x00008dbe       0x76 c:/siliconlabs/simplicitystudio/v4/developer/toolchains/gnu_arm/7.2_2017q4/bin/../lib/gcc/arm-none-eabi/7.2.1/../../../../arm-none-eabi/lib/thumb/v7e-m/fpv4-sp/softfp\libc_nano.a(lib_a-mprec.o)
                0x00008dbe                __multadd
 .text.__hi0bits
                0x00008e34       0x3e c:/siliconlabs/simplicitystudio/v4/developer/toolchains/gnu_arm/7.2_2017q4/bin/../lib/gcc/arm-none-eabi/7.2.1/../../../../arm-none-eabi/lib/thumb/v7e-m/fpv4-sp/softfp\libc_nano.a(lib_a-mprec.o)
                0x00008e34                __hi0bits
 .text.__lo0bits
                0x00008e72       0x5e c:/siliconlabs/simplicitystudio/v4/developer/toolchains/gnu_arm/7.2_2017q4/bin/../lib/gcc/arm-none-eabi/7.2.1/../../../../arm-none-eabi/lib/thumb/v7e-m/fpv4-sp/softfp\libc_nano.a(lib_a-mprec.o)
                0x00008e72                __lo0bits
 .text.__i2b    0x00008ed0       0x12 c:/siliconlabs/simplicitystudio/v4/developer/toolchains/gnu_arm/7.2_2017q4/bin/../lib/gcc/arm-none-eabi/7.2.1/../../../../arm-none-eabi/lib/thumb/v7e-m/fpv4-sp/softfp\libc_nano.a(lib_a-mprec.o)
                0x00008ed0                __i2b
 .text.__multiply
                0x00008ee2      0x12c c:/siliconlabs/simplicitystudio/v4/developer/toolchains/gnu_arm/7.2_2017q4/bin/../lib/gcc/arm-none-eabi/7.2.1/../../../../arm-none-eabi/lib/thumb/v7e-m/fpv4-sp/softfp\libc_nano.a(lib_a-mprec.o)
                0x00008ee2                __multiply
 *fill*         0x0000900e        0x2 
 .text.__pow5mult
                0x00009010       0x9c c:/siliconlabs/simplicitystudio/v4/developer/toolchains/gnu_arm/7.2_2017q4/bin/../lib/gcc/arm-none-eabi/7.2.1/../../../../arm-none-eabi/lib/thumb/v7e-m/fpv4-sp/softfp\libc_nano.a(lib_a-mprec.o)
                0x00009010                __pow5mult
 .text.__lshift
                0x000090ac       0xa8 c:/siliconlabs/simplicitystudio/v4/developer/toolchains/gnu_arm/7.2_2017q4/bin/../lib/gcc/arm-none-eabi/7.2.1/../../../../arm-none-eabi/lib/thumb/v7e-m/fpv4-sp/softfp\libc_nano.a(lib_a-mprec.o)
                0x000090ac                __lshift
 .text.__mcmp   0x00009154       0x34 c:/siliconlabs/simplicitystudio/v4/developer/toolchains/gnu_arm/7.2_2017q4/bin/../lib/gcc/arm-none-eabi/7.2.1/../../../../arm-none-eabi/lib/thumb/v7e-m/fpv4-sp/softfp\libc_nano.a(lib_a-mprec.o)
                0x00009154                __mcmp
 .text.__mdiff  0x00009188       0xba c:/siliconlabs/simplicitystudio/v4/developer/toolchains/gnu_arm/7.2_2017q4/bin/../lib/gcc/arm-none-eabi/7.2.1/../../../../arm-none-eabi/lib/thumb/v7e-m/fpv4-sp/softfp\libc_nano.a(lib_a-mprec.o)
                0x00009188                __mdiff
 .text.__d2b    0x00009242       0x9e c:/siliconlabs/simplicitystudio/v4/developer/toolchains/gnu_arm/7.2_2017q4/bin/../lib/gcc/arm-none-eabi/7.2.1/../../../../arm-none-eabi/lib/thumb/v7e-m/fpv4-sp/softfp\libc_nano.a(lib_a-mprec.o)
                0x00009242                __d2b
 .text._mprec_log10
                0x000092e0       0x38 c:/siliconlabs/simplicitystudio/v4/developer/toolchains/gnu_arm/7.2_2017q4/bin/../lib/gcc/arm-none-eabi/7.2.1/../../../../arm-none-eabi/lib/thumb/v7e-m/fpv4-sp/softfp\libc_nano.a(lib_a-mprec.o)
                0x000092e0                _mprec_log10
 .text._calloc_r
                0x00009318       0x1c c:/siliconlabs/simplicitystudio/v4/developer/toolchains/gnu_arm/7.2_2017q4/bin/../lib/gcc/arm-none-eabi/7.2.1/../../../../arm-none-eabi/lib/thumb/v7e-m/fpv4-sp/softfp\libc_nano.a(lib_a-nano-callocr.o)
                0x00009318                _calloc_r
 .text._realloc_r
                0x00009334       0x4c c:/siliconlabs/simplicitystudio/v4/developer/toolchains/gnu_arm/7.2_2017q4/bin/../lib/gcc/arm-none-eabi/7.2.1/../../../../arm-none-eabi/lib/thumb/v7e-m/fpv4-sp/softfp\libc_nano.a(lib_a-nano-reallocr.o)
                0x00009334                _realloc_r
 .text.__ssputs_r
                0x00009380       0xb4 c:/siliconlabs/simplicitystudio/v4/developer/toolchains/gnu_arm/7.2_2017q4/bin/../lib/gcc/arm-none-eabi/7.2.1/../../../../arm-none-eabi/lib/thumb/v7e-m/fpv4-sp/softfp\libc_nano.a(lib_a-nano-svfprintf.o)
                0x00009380                __ssputs_r
 .text._svfprintf_r
                0x00009434      0x1ec c:/siliconlabs/simplicitystudio/v4/developer/toolchains/gnu_arm/7.2_2017q4/bin/../lib/gcc/arm-none-eabi/7.2.1/../../../../arm-none-eabi/lib/thumb/v7e-m/fpv4-sp/softfp\libc_nano.a(lib_a-nano-svfprintf.o)
                0x00009434                _svfiprintf_r
                0x00009434                _svfprintf_r
 .text.__sfputc_r
                0x00009620       0x2e c:/siliconlabs/simplicitystudio/v4/developer/toolchains/gnu_arm/7.2_2017q4/bin/../lib/gcc/arm-none-eabi/7.2.1/../../../../arm-none-eabi/lib/thumb/v7e-m/fpv4-sp/softfp\libc_nano.a(lib_a-nano-vfprintf.o)
 .text.__sfputs_r
                0x0000964e       0x24 c:/siliconlabs/simplicitystudio/v4/developer/toolchains/gnu_arm/7.2_2017q4/bin/../lib/gcc/arm-none-eabi/7.2.1/../../../../arm-none-eabi/lib/thumb/v7e-m/fpv4-sp/softfp\libc_nano.a(lib_a-nano-vfprintf.o)
                0x0000964e                __sfputs_r
 *fill*         0x00009672        0x2 
 .text._vfprintf_r
                0x00009674      0x228 c:/siliconlabs/simplicitystudio/v4/developer/toolchains/gnu_arm/7.2_2017q4/bin/../lib/gcc/arm-none-eabi/7.2.1/../../../../arm-none-eabi/lib/thumb/v7e-m/fpv4-sp/softfp\libc_nano.a(lib_a-nano-vfprintf.o)
                0x00009674                _vfprintf_r
                0x00009674                _vfiprintf_r
 .text._printf_common
                0x0000989c       0xea c:/siliconlabs/simplicitystudio/v4/developer/toolchains/gnu_arm/7.2_2017q4/bin/../lib/gcc/arm-none-eabi/7.2.1/../../../../arm-none-eabi/lib/thumb/v7e-m/fpv4-sp/softfp\libc_nano.a(lib_a-nano-vfprintf_i.o)
                0x0000989c                _printf_common
 *fill*         0x00009986        0x2 
 .text._printf_i
                0x00009988      0x224 c:/siliconlabs/simplicitystudio/v4/developer/toolchains/gnu_arm/7.2_2017q4/bin/../lib/gcc/arm-none-eabi/7.2.1/../../../../arm-none-eabi/lib/thumb/v7e-m/fpv4-sp/softfp\libc_nano.a(lib_a-nano-vfprintf_i.o)
                0x00009988                _printf_i
 .text.__sread  0x00009bac       0x22 c:/siliconlabs/simplicitystudio/v4/developer/toolchains/gnu_arm/7.2_2017q4/bin/../lib/gcc/arm-none-eabi/7.2.1/../../../../arm-none-eabi/lib/thumb/v7e-m/fpv4-sp/softfp\libc_nano.a(lib_a-stdio.o)
                0x00009bac                __sread
 .text.__swrite
                0x00009bce       0x38 c:/siliconlabs/simplicitystudio/v4/developer/toolchains/gnu_arm/7.2_2017q4/bin/../lib/gcc/arm-none-eabi/7.2.1/../../../../arm-none-eabi/lib/thumb/v7e-m/fpv4-sp/softfp\libc_nano.a(lib_a-stdio.o)
                0x00009bce                __swrite
 .text.__sseek  0x00009c06       0x24 c:/siliconlabs/simplicitystudio/v4/developer/toolchains/gnu_arm/7.2_2017q4/bin/../lib/gcc/arm-none-eabi/7.2.1/../../../../arm-none-eabi/lib/thumb/v7e-m/fpv4-sp/softfp\libc_nano.a(lib_a-stdio.o)
                0x00009c06                __sseek
 .text.__sclose
                0x00009c2a        0x8 c:/siliconlabs/simplicitystudio/v4/developer/toolchains/gnu_arm/7.2_2017q4/bin/../lib/gcc/arm-none-eabi/7.2.1/../../../../arm-none-eabi/lib/thumb/v7e-m/fpv4-sp/softfp\libc_nano.a(lib_a-stdio.o)
                0x00009c2a                __sclose
 .text.strcpy   0x00009c32       0x10 c:/siliconlabs/simplicitystudio/v4/developer/toolchains/gnu_arm/7.2_2017q4/bin/../lib/gcc/arm-none-eabi/7.2.1/../../../../arm-none-eabi/lib/thumb/v7e-m/fpv4-sp/softfp\libc_nano.a(lib_a-strcpy.o)
                0x00009c32                strcpy
 *fill*         0x00009c42        0x2 
 .text.__swbuf_r
                0x00009c44       0xa4 c:/siliconlabs/simplicitystudio/v4/developer/toolchains/gnu_arm/7.2_2017q4/bin/../lib/gcc/arm-none-eabi/7.2.1/../../../../arm-none-eabi/lib/thumb/v7e-m/fpv4-sp/softfp\libc_nano.a(lib_a-wbuf.o)
                0x00009c44                __swbuf_r
 .text._write_r
                0x00009ce8       0x24 c:/siliconlabs/simplicitystudio/v4/developer/toolchains/gnu_arm/7.2_2017q4/bin/../lib/gcc/arm-none-eabi/7.2.1/../../../../arm-none-eabi/lib/thumb/v7e-m/fpv4-sp/softfp\libc_nano.a(lib_a-writer.o)
                0x00009ce8                _write_r
 .text.__swsetup_r
                0x00009d0c       0xdc c:/siliconlabs/simplicitystudio/v4/developer/toolchains/gnu_arm/7.2_2017q4/bin/../lib/gcc/arm-none-eabi/7.2.1/../../../../arm-none-eabi/lib/thumb/v7e-m/fpv4-sp/softfp\libc_nano.a(lib_a-wsetup.o)
                0x00009d0c                __swsetup_r
 .text._close_r
                0x00009de8       0x20 c:/siliconlabs/simplicitystudio/v4/developer/toolchains/gnu_arm/7.2_2017q4/bin/../lib/gcc/arm-none-eabi/7.2.1/../../../../arm-none-eabi/lib/thumb/v7e-m/fpv4-sp/softfp\libc_nano.a(lib_a-closer.o)
                0x00009de8                _close_r
 .text.quorem   0x00009e08      0x118 c:/siliconlabs/simplicitystudio/v4/developer/toolchains/gnu_arm/7.2_2017q4/bin/../lib/gcc/arm-none-eabi/7.2.1/../../../../arm-none-eabi/lib/thumb/v7e-m/fpv4-sp/softfp\libc_nano.a(lib_a-dtoa.o)
 .text._dtoa_r  0x00009f20      0xb7c c:/siliconlabs/simplicitystudio/v4/developer/toolchains/gnu_arm/7.2_2017q4/bin/../lib/gcc/arm-none-eabi/7.2.1/../../../../arm-none-eabi/lib/thumb/v7e-m/fpv4-sp/softfp\libc_nano.a(lib_a-dtoa.o)
                0x00009f20                _dtoa_r
 .text.__sflush_r
                0x0000aa9c      0x10c c:/siliconlabs/simplicitystudio/v4/developer/toolchains/gnu_arm/7.2_2017q4/bin/../lib/gcc/arm-none-eabi/7.2.1/../../../../arm-none-eabi/lib/thumb/v7e-m/fpv4-sp/softfp\libc_nano.a(lib_a-fflush.o)
                0x0000aa9c                __sflush_r
 .text._fflush_r
                0x0000aba8       0x54 c:/siliconlabs/simplicitystudio/v4/developer/toolchains/gnu_arm/7.2_2017q4/bin/../lib/gcc/arm-none-eabi/7.2.1/../../../../arm-none-eabi/lib/thumb/v7e-m/fpv4-sp/softfp\libc_nano.a(lib_a-fflush.o)
                0x0000aba8                _fflush_r
 .text._lseek_r
                0x0000abfc       0x24 c:/siliconlabs/simplicitystudio/v4/developer/toolchains/gnu_arm/7.2_2017q4/bin/../lib/gcc/arm-none-eabi/7.2.1/../../../../arm-none-eabi/lib/thumb/v7e-m/fpv4-sp/softfp\libc_nano.a(lib_a-lseekr.o)
                0x0000abfc                _lseek_r
 .text.__swhatbuf_r
                0x0000ac20       0x48 c:/siliconlabs/simplicitystudio/v4/developer/toolchains/gnu_arm/7.2_2017q4/bin/../lib/gcc/arm-none-eabi/7.2.1/../../../../arm-none-eabi/lib/thumb/v7e-m/fpv4-sp/softfp\libc_nano.a(lib_a-makebuf.o)
                0x0000ac20                __swhatbuf_r
 .text.__smakebuf_r
                0x0000ac68       0x80 c:/siliconlabs/simplicitystudio/v4/developer/toolchains/gnu_arm/7.2_2017q4/bin/../lib/gcc/arm-none-eabi/7.2.1/../../../../arm-none-eabi/lib/thumb/v7e-m/fpv4-sp/softfp\libc_nano.a(lib_a-makebuf.o)
                0x0000ac68                __smakebuf_r
 *fill*         0x0000ace8        0x8 
 .text          0x0000acf0       0xa0 c:/siliconlabs/simplicitystudio/v4/developer/toolchains/gnu_arm/7.2_2017q4/bin/../lib/gcc/arm-none-eabi/7.2.1/../../../../arm-none-eabi/lib/thumb/v7e-m/fpv4-sp/softfp\libc_nano.a(lib_a-memchr.o)
                0x0000acf0                memchr
 .text.memmove  0x0000ad90       0x32 c:/siliconlabs/simplicitystudio/v4/developer/toolchains/gnu_arm/7.2_2017q4/bin/../lib/gcc/arm-none-eabi/7.2.1/../../../../arm-none-eabi/lib/thumb/v7e-m/fpv4-sp/softfp\libc_nano.a(lib_a-memmove.o)
                0x0000ad90                memmove
 .text._malloc_usable_size_r
                0x0000adc2       0x10 c:/siliconlabs/simplicitystudio/v4/developer/toolchains/gnu_arm/7.2_2017q4/bin/../lib/gcc/arm-none-eabi/7.2.1/../../../../arm-none-eabi/lib/thumb/v7e-m/fpv4-sp/softfp\libc_nano.a(lib_a-nano-msizer.o)
                0x0000adc2                _malloc_usable_size_r
 *fill*         0x0000add2        0x2 
 .text._read_r  0x0000add4       0x24 c:/siliconlabs/simplicitystudio/v4/developer/toolchains/gnu_arm/7.2_2017q4/bin/../lib/gcc/arm-none-eabi/7.2.1/../../../../arm-none-eabi/lib/thumb/v7e-m/fpv4-sp/softfp\libc_nano.a(lib_a-readr.o)
                0x0000add4                _read_r
 .text._fstat_r
                0x0000adf8       0x24 c:/siliconlabs/simplicitystudio/v4/developer/toolchains/gnu_arm/7.2_2017q4/bin/../lib/gcc/arm-none-eabi/7.2.1/../../../../arm-none-eabi/lib/thumb/v7e-m/fpv4-sp/softfp\libc_nano.a(lib_a-fstatr.o)
                0x0000adf8                _fstat_r
 .text._isatty_r
                0x0000ae1c       0x20 c:/siliconlabs/simplicitystudio/v4/developer/toolchains/gnu_arm/7.2_2017q4/bin/../lib/gcc/arm-none-eabi/7.2.1/../../../../arm-none-eabi/lib/thumb/v7e-m/fpv4-sp/softfp\libc_nano.a(lib_a-isattyr.o)
                0x0000ae1c                _isatty_r
 .text._close   0x0000ae3c       0x10 c:/siliconlabs/simplicitystudio/v4/developer/toolchains/gnu_arm/7.2_2017q4/bin/../lib/gcc/arm-none-eabi/7.2.1/../../../../arm-none-eabi/lib/thumb/v7e-m/fpv4-sp/softfp\libnosys.a(close.o)
                0x0000ae3c                _close
 .text._fstat   0x0000ae4c       0x10 c:/siliconlabs/simplicitystudio/v4/developer/toolchains/gnu_arm/7.2_2017q4/bin/../lib/gcc/arm-none-eabi/7.2.1/../../../../arm-none-eabi/lib/thumb/v7e-m/fpv4-sp/softfp\libnosys.a(fstat.o)
                0x0000ae4c                _fstat
 .text._gettimeofday
                0x0000ae5c       0x10 c:/siliconlabs/simplicitystudio/v4/developer/toolchains/gnu_arm/7.2_2017q4/bin/../lib/gcc/arm-none-eabi/7.2.1/../../../../arm-none-eabi/lib/thumb/v7e-m/fpv4-sp/softfp\libnosys.a(gettod.o)
                0x0000ae5c                _gettimeofday
 .text._isatty  0x0000ae6c       0x10 c:/siliconlabs/simplicitystudio/v4/developer/toolchains/gnu_arm/7.2_2017q4/bin/../lib/gcc/arm-none-eabi/7.2.1/../../../../arm-none-eabi/lib/thumb/v7e-m/fpv4-sp/softfp\libnosys.a(isatty.o)
                0x0000ae6c                _isatty
 .text._lseek   0x0000ae7c       0x10 c:/siliconlabs/simplicitystudio/v4/developer/toolchains/gnu_arm/7.2_2017q4/bin/../lib/gcc/arm-none-eabi/7.2.1/../../../../arm-none-eabi/lib/thumb/v7e-m/fpv4-sp/softfp\libnosys.a(lseek.o)
                0x0000ae7c                _lseek
 .text._read    0x0000ae8c       0x10 c:/siliconlabs/simplicitystudio/v4/developer/toolchains/gnu_arm/7.2_2017q4/bin/../lib/gcc/arm-none-eabi/7.2.1/../../../../arm-none-eabi/lib/thumb/v7e-m/fpv4-sp/softfp\libnosys.a(read.o)
                0x0000ae8c                _read
 .text._sbrk    0x0000ae9c       0x1c c:/siliconlabs/simplicitystudio/v4/developer/toolchains/gnu_arm/7.2_2017q4/bin/../lib/gcc/arm-none-eabi/7.2.1/../../../../arm-none-eabi/lib/thumb/v7e-m/fpv4-sp/softfp\libnosys.a(sbrk.o)
                0x0000ae9c                _sbrk
 .text._write   0x0000aeb8       0x10 c:/siliconlabs/simplicitystudio/v4/developer/toolchains/gnu_arm/7.2_2017q4/bin/../lib/gcc/arm-none-eabi/7.2.1/../../../../arm-none-eabi/lib/thumb/v7e-m/fpv4-sp/softfp\libnosys.a(write.o)
                0x0000aeb8                _write
 .text._exit    0x0000aec8        0x4 c:/siliconlabs/simplicitystudio/v4/developer/toolchains/gnu_arm/7.2_2017q4/bin/../lib/gcc/arm-none-eabi/7.2.1/../../../../arm-none-eabi/lib/thumb/v7e-m/fpv4-sp/softfp\libnosys.a(_exit.o)
                0x0000aec8                _exit
 .text          0x0000aecc      0x424 c:/siliconlabs/simplicitystudio/v4/developer/toolchains/gnu_arm/7.2_2017q4/bin/../lib/gcc/arm-none-eabi/7.2.1/thumb/v7e-m/fpv4-sp/softfp\libgcc.a(_arm_muldivdf3.o)
                0x0000aecc                __aeabi_dmul
                0x0000aecc                __muldf3
                0x0000b120                __divdf3
                0x0000b120                __aeabi_ddiv
 .text          0x0000b2f0      0x110 c:/siliconlabs/simplicitystudio/v4/developer/toolchains/gnu_arm/7.2_2017q4/bin/../lib/gcc/arm-none-eabi/7.2.1/thumb/v7e-m/fpv4-sp/softfp\libgcc.a(_arm_cmpdf2.o)
                0x0000b2f0                __gtdf2
                0x0000b2f0                __gedf2
                0x0000b2f8                __ltdf2
                0x0000b2f8                __ledf2
                0x0000b300                __nedf2
                0x0000b300                __eqdf2
                0x0000b300                __cmpdf2
                0x0000b37c                __aeabi_cdrcmple
                0x0000b38c                __aeabi_cdcmpeq
                0x0000b38c                __aeabi_cdcmple
                0x0000b39c                __aeabi_dcmpeq
                0x0000b3b0                __aeabi_dcmplt
                0x0000b3c4                __aeabi_dcmple
                0x0000b3d8                __aeabi_dcmpge
                0x0000b3ec                __aeabi_dcmpgt
 .text          0x0000b400       0x50 c:/siliconlabs/simplicitystudio/v4/developer/toolchains/gnu_arm/7.2_2017q4/bin/../lib/gcc/arm-none-eabi/7.2.1/thumb/v7e-m/fpv4-sp/softfp\libgcc.a(_arm_fixdfsi.o)
                0x0000b400                __aeabi_d2iz
                0x0000b400                __fixdfsi
 .text          0x0000b450       0xa0 c:/siliconlabs/simplicitystudio/v4/developer/toolchains/gnu_arm/7.2_2017q4/bin/../lib/gcc/arm-none-eabi/7.2.1/thumb/v7e-m/fpv4-sp/softfp\libgcc.a(_aeabi_ldivmod.o)
                0x0000b450                __aeabi_ldivmod
 *(.init)
 .init          0x0000b4f0        0x4 c:/siliconlabs/simplicitystudio/v4/developer/toolchains/gnu_arm/7.2_2017q4/bin/../lib/gcc/arm-none-eabi/7.2.1/thumb/v7e-m/fpv4-sp/softfp/crti.o
                0x0000b4f0                _init
 .init          0x0000b4f4        0x8 c:/siliconlabs/simplicitystudio/v4/developer/toolchains/gnu_arm/7.2_2017q4/bin/../lib/gcc/arm-none-eabi/7.2.1/thumb/v7e-m/fpv4-sp/softfp/crtn.o
 *(.fini)
 .fini          0x0000b4fc        0x4 c:/siliconlabs/simplicitystudio/v4/developer/toolchains/gnu_arm/7.2_2017q4/bin/../lib/gcc/arm-none-eabi/7.2.1/thumb/v7e-m/fpv4-sp/softfp/crti.o
                0x0000b4fc                _fini
 .fini          0x0000b500        0x8 c:/siliconlabs/simplicitystudio/v4/developer/toolchains/gnu_arm/7.2_2017q4/bin/../lib/gcc/arm-none-eabi/7.2.1/thumb/v7e-m/fpv4-sp/softfp/crtn.o
 *crtbegin.o(.ctors)
 *crtbegin?.o(.ctors)
 *(EXCLUDE_FILE(*crtend.o *crtend?.o) .ctors)
 *(SORT_BY_NAME(.ctors.*))
 *(.ctors)
 *crtbegin.o(.dtors)
 *crtbegin?.o(.dtors)
 *(EXCLUDE_FILE(*crtend.o *crtend?.o) .dtors)
 *(SORT_BY_NAME(.dtors.*))
 *(.dtors)
 *(.rodata*)
 .rodata        0x0000b508        0x4 ./Drivers/dmadrv.o
 .rodata        0x0000b50c       0x18 ./Drivers/spidrv.o
 .rodata        0x0000b524       0x2c ./Drivers/uartdrv.o
 .rodata.flashWsTable
                0x0000b550       0x38 ./emlib/em_cmu.o
 .rodata        0x0000b588       0x63 ./src/main.o
 .rodata.asctime_r.str1.1
                0x0000b5eb       0x20 c:/siliconlabs/simplicitystudio/v4/developer/toolchains/gnu_arm/7.2_2017q4/bin/../lib/gcc/arm-none-eabi/7.2.1/../../../../arm-none-eabi/lib/thumb/v7e-m/fpv4-sp/softfp\libc_nano.a(lib_a-asctime_r.o)
 .rodata.day_name.6011
                0x0000b60b       0x15 c:/siliconlabs/simplicitystudio/v4/developer/toolchains/gnu_arm/7.2_2017q4/bin/../lib/gcc/arm-none-eabi/7.2.1/../../../../arm-none-eabi/lib/thumb/v7e-m/fpv4-sp/softfp\libc_nano.a(lib_a-asctime_r.o)
 .rodata.mon_name.6012
                0x0000b620       0x24 c:/siliconlabs/simplicitystudio/v4/developer/toolchains/gnu_arm/7.2_2017q4/bin/../lib/gcc/arm-none-eabi/7.2.1/../../../../arm-none-eabi/lib/thumb/v7e-m/fpv4-sp/softfp\libc_nano.a(lib_a-asctime_r.o)
 .rodata._global_impure_ptr
                0x0000b644        0x4 c:/siliconlabs/simplicitystudio/v4/developer/toolchains/gnu_arm/7.2_2017q4/bin/../lib/gcc/arm-none-eabi/7.2.1/../../../../arm-none-eabi/lib/thumb/v7e-m/fpv4-sp/softfp\libc_nano.a(lib_a-impure.o)
                0x0000b644                _global_impure_ptr
 .rodata.__sf_fake_stderr
                0x0000b648       0x20 c:/siliconlabs/simplicitystudio/v4/developer/toolchains/gnu_arm/7.2_2017q4/bin/../lib/gcc/arm-none-eabi/7.2.1/../../../../arm-none-eabi/lib/thumb/v7e-m/fpv4-sp/softfp\libc_nano.a(lib_a-findfp.o)
                0x0000b648                __sf_fake_stderr
 .rodata.__sf_fake_stdin
                0x0000b668       0x20 c:/siliconlabs/simplicitystudio/v4/developer/toolchains/gnu_arm/7.2_2017q4/bin/../lib/gcc/arm-none-eabi/7.2.1/../../../../arm-none-eabi/lib/thumb/v7e-m/fpv4-sp/softfp\libc_nano.a(lib_a-findfp.o)
                0x0000b668                __sf_fake_stdin
 .rodata.__sf_fake_stdout
                0x0000b688       0x20 c:/siliconlabs/simplicitystudio/v4/developer/toolchains/gnu_arm/7.2_2017q4/bin/../lib/gcc/arm-none-eabi/7.2.1/../../../../arm-none-eabi/lib/thumb/v7e-m/fpv4-sp/softfp\libc_nano.a(lib_a-findfp.o)
                0x0000b688                __sf_fake_stdout
 .rodata.__mprec_bigtens
                0x0000b6a8       0x28 c:/siliconlabs/simplicitystudio/v4/developer/toolchains/gnu_arm/7.2_2017q4/bin/../lib/gcc/arm-none-eabi/7.2.1/../../../../arm-none-eabi/lib/thumb/v7e-m/fpv4-sp/softfp\libc_nano.a(lib_a-mprec.o)
                0x0000b6a8                __mprec_bigtens
 .rodata.__mprec_tens
                0x0000b6d0       0xc8 c:/siliconlabs/simplicitystudio/v4/developer/toolchains/gnu_arm/7.2_2017q4/bin/../lib/gcc/arm-none-eabi/7.2.1/../../../../arm-none-eabi/lib/thumb/v7e-m/fpv4-sp/softfp\libc_nano.a(lib_a-mprec.o)
                0x0000b6d0                __mprec_tens
 .rodata.p05.7359
                0x0000b798        0xc c:/siliconlabs/simplicitystudio/v4/developer/toolchains/gnu_arm/7.2_2017q4/bin/../lib/gcc/arm-none-eabi/7.2.1/../../../../arm-none-eabi/lib/thumb/v7e-m/fpv4-sp/softfp\libc_nano.a(lib_a-mprec.o)
 .rodata._svfprintf_r.str1.1
                0x0000b7a4       0x11 c:/siliconlabs/simplicitystudio/v4/developer/toolchains/gnu_arm/7.2_2017q4/bin/../lib/gcc/arm-none-eabi/7.2.1/../../../../arm-none-eabi/lib/thumb/v7e-m/fpv4-sp/softfp\libc_nano.a(lib_a-nano-svfprintf.o)
 .rodata._vfprintf_r.str1.1
                0x0000b7b5       0x11 c:/siliconlabs/simplicitystudio/v4/developer/toolchains/gnu_arm/7.2_2017q4/bin/../lib/gcc/arm-none-eabi/7.2.1/../../../../arm-none-eabi/lib/thumb/v7e-m/fpv4-sp/softfp\libc_nano.a(lib_a-nano-vfprintf.o)
 .rodata._printf_i.str1.1
                0x0000b7b5       0x22 c:/siliconlabs/simplicitystudio/v4/developer/toolchains/gnu_arm/7.2_2017q4/bin/../lib/gcc/arm-none-eabi/7.2.1/../../../../arm-none-eabi/lib/thumb/v7e-m/fpv4-sp/softfp\libc_nano.a(lib_a-nano-vfprintf_i.o)
 .rodata._dtoa_r.str1.1
                0x0000b7d7        0xf c:/siliconlabs/simplicitystudio/v4/developer/toolchains/gnu_arm/7.2_2017q4/bin/../lib/gcc/arm-none-eabi/7.2.1/../../../../arm-none-eabi/lib/thumb/v7e-m/fpv4-sp/softfp\libc_nano.a(lib_a-dtoa.o)
 *(.eh_frame*)
 *fill*         0x0000b7e6        0x2 
 .eh_frame      0x0000b7e8        0x0 c:/siliconlabs/simplicitystudio/v4/developer/toolchains/gnu_arm/7.2_2017q4/bin/../lib/gcc/arm-none-eabi/7.2.1/thumb/v7e-m/fpv4-sp/softfp/crtbegin.o
 .eh_frame      0x0000b7e8        0x4 c:/siliconlabs/simplicitystudio/v4/developer/toolchains/gnu_arm/7.2_2017q4/bin/../lib/gcc/arm-none-eabi/7.2.1/thumb/v7e-m/fpv4-sp/softfp/crtend.o

.glue_7         0x0000b7ec        0x0
 .glue_7        0x0000b7ec        0x0 linker stubs

.glue_7t        0x0000b7ec        0x0
 .glue_7t       0x0000b7ec        0x0 linker stubs

.vfp11_veneer   0x0000b7ec        0x0
 .vfp11_veneer  0x0000b7ec        0x0 linker stubs

.v4_bx          0x0000b7ec        0x0
 .v4_bx         0x0000b7ec        0x0 linker stubs

.iplt           0x0000b7ec        0x0
 .iplt          0x0000b7ec        0x0 c:/siliconlabs/simplicitystudio/v4/developer/toolchains/gnu_arm/7.2_2017q4/bin/../lib/gcc/arm-none-eabi/7.2.1/thumb/v7e-m/fpv4-sp/softfp/crtbegin.o

.ARM.extab
 *(.ARM.extab* .gnu.linkonce.armextab.*)
                0x0000b7ec                __exidx_start = .

.ARM.exidx      0x0000b7ec        0x8
 *(.ARM.exidx* .gnu.linkonce.armexidx.*)
 .ARM.exidx     0x0000b7ec        0x8 c:/siliconlabs/simplicitystudio/v4/developer/toolchains/gnu_arm/7.2_2017q4/bin/../lib/gcc/arm-none-eabi/7.2.1/../../../../arm-none-eabi/lib/thumb/v7e-m/fpv4-sp/softfp/crt0.o
 .ARM.exidx     0x0000b7f4        0x0 c:/siliconlabs/simplicitystudio/v4/developer/toolchains/gnu_arm/7.2_2017q4/bin/../lib/gcc/arm-none-eabi/7.2.1/thumb/v7e-m/fpv4-sp/softfp\libgcc.a(_udivmoddi4.o)
                                  0x8 (size before relaxing)
                0x0000b7f4                __exidx_end = .
                0x0000b7f4                __etext = .

.rel.dyn        0x0000b7f4        0x0
 .rel.iplt      0x0000b7f4        0x0 c:/siliconlabs/simplicitystudio/v4/developer/toolchains/gnu_arm/7.2_2017q4/bin/../lib/gcc/arm-none-eabi/7.2.1/thumb/v7e-m/fpv4-sp/softfp/crtbegin.o

.data           0x20000000      0x1a0 load address 0x0000b7f4
                0x20000000                __data_start__ = .
 *(vtable)
 *(.data*)
 .data.SystemHFXOClock
                0x20000000        0x4 ./CMSIS/EFM32GG11B/system_efm32gg11b.o
 .data.SystemLFXOClock
                0x20000004        0x4 ./CMSIS/EFM32GG11B/system_efm32gg11b.o
 .data.SystemCoreClock
                0x20000008        0x4 ./CMSIS/EFM32GG11B/system_efm32gg11b.o
                0x20000008                SystemCoreClock
 .data.SystemHfrcoFreq
                0x2000000c        0x4 ./CMSIS/EFM32GG11B/system_efm32gg11b.o
                0x2000000c                SystemHfrcoFreq
 .data.initRTCC
                0x20000010        0xa ./Drivers/rtcdriver.o
 *fill*         0x2000001a        0x2 
 .data.initRTCCCompareChannel
                0x2000001c        0x7 ./Drivers/rtcdriver.o
 *fill*         0x20000023        0x1 
 .data.auxHfrcoFreq
                0x20000024        0x4 ./emlib/em_cmu.o
 .data.ushfrcoFreq
                0x20000028        0x4 ./emlib/em_cmu.o
 .data.spi_handle
                0x2000002c        0x4 ./src/main.o
                0x2000002c                spi_handle
 .data.rxBufferQueue
                0x20000030       0x80 ./src/main.o
 .data.txBufferQueue
                0x200000b0       0x80 ./src/main.o
 .data.uart_handle
                0x20000130        0x4 ./src/main.o
                0x20000130                uart_handle
 .data._impure_ptr
                0x20000134        0x4 c:/siliconlabs/simplicitystudio/v4/developer/toolchains/gnu_arm/7.2_2017q4/bin/../lib/gcc/arm-none-eabi/7.2.1/../../../../arm-none-eabi/lib/thumb/v7e-m/fpv4-sp/softfp\libc_nano.a(lib_a-impure.o)
                0x20000134                _impure_ptr
 .data.impure_data
                0x20000138       0x60 c:/siliconlabs/simplicitystudio/v4/developer/toolchains/gnu_arm/7.2_2017q4/bin/../lib/gcc/arm-none-eabi/7.2.1/../../../../arm-none-eabi/lib/thumb/v7e-m/fpv4-sp/softfp\libc_nano.a(lib_a-impure.o)
                0x20000198                . = ALIGN (0x4)
 *(.ram)
                0x20000198                . = ALIGN (0x4)
                0x20000198                PROVIDE (__preinit_array_start, .)
 *(.preinit_array)
                0x20000198                PROVIDE (__preinit_array_end, .)
                0x20000198                . = ALIGN (0x4)
                0x20000198                PROVIDE (__init_array_start, .)
 *(SORT_BY_NAME(.init_array.*))
 *(.init_array)
 .init_array    0x20000198        0x4 c:/siliconlabs/simplicitystudio/v4/developer/toolchains/gnu_arm/7.2_2017q4/bin/../lib/gcc/arm-none-eabi/7.2.1/thumb/v7e-m/fpv4-sp/softfp/crtbegin.o
                0x2000019c                PROVIDE (__init_array_end, .)
                0x2000019c                . = ALIGN (0x4)
                [!provide]                PROVIDE (__fini_array_start, .)
 *(SORT_BY_NAME(.fini_array.*))
 *(.fini_array)
 .fini_array    0x2000019c        0x4 c:/siliconlabs/simplicitystudio/v4/developer/toolchains/gnu_arm/7.2_2017q4/bin/../lib/gcc/arm-none-eabi/7.2.1/thumb/v7e-m/fpv4-sp/softfp/crtbegin.o
                [!provide]                PROVIDE (__fini_array_end, .)
 *(.jcr*)
                0x200001a0                . = ALIGN (0x4)
                0x200001a0                __data_end__ = .

.igot.plt       0x200001a0        0x0 load address 0x0000b994
 .igot.plt      0x200001a0        0x0 c:/siliconlabs/simplicitystudio/v4/developer/toolchains/gnu_arm/7.2_2017q4/bin/../lib/gcc/arm-none-eabi/7.2.1/thumb/v7e-m/fpv4-sp/softfp/crtbegin.o

.bss            0x200001a0      0x690 load address 0x0000b998
                0x200001a0                . = ALIGN (0x4)
                0x200001a0                __bss_start__ = .
 *(.bss*)
 .bss           0x200001a0       0x1c c:/siliconlabs/simplicitystudio/v4/developer/toolchains/gnu_arm/7.2_2017q4/bin/../lib/gcc/arm-none-eabi/7.2.1/thumb/v7e-m/fpv4-sp/softfp/crtbegin.o
 .bss.initialized
                0x200001bc        0x1 ./Drivers/dmadrv.o
 *fill*         0x200001bd        0x3 
 .bss.chTable   0x200001c0      0x180 ./Drivers/dmadrv.o
 .bss.dmaXfer   0x20000340      0x300 ./Drivers/dmadrv.o
 .bss.gpioCallbacks
                0x20000640       0x40 ./Drivers/gpiointerrupt.o
 .bss.timer     0x20000680       0xa0 ./Drivers/rtcdriver.o
 .bss.lastStart
                0x20000720        0x4 ./Drivers/rtcdriver.o
 .bss.startTimerNestingLevel
                0x20000724        0x4 ./Drivers/rtcdriver.o
 .bss.inTimerIRQ
                0x20000728        0x1 ./Drivers/rtcdriver.o
 .bss.rtcRunning
                0x20000729        0x1 ./Drivers/rtcdriver.o
 .bss.rtcdrvIsInitialized
                0x2000072a        0x1 ./Drivers/rtcdriver.o
 .bss.spidrvIsInitialized
                0x2000072b        0x1 ./Drivers/spidrv.o
 .bss.uartdrvHandleIsInitialized
                0x2000072c        0x1 ./Drivers/uartdrv.o
 *fill*         0x2000072d        0x3 
 .bss.uartdrvHandle
                0x20000730       0x10 ./Drivers/uartdrv.o
 .bss.timeElapsed
                0x20000740        0x1 ./Drivers/ustimer.o
 *fill*         0x20000741        0x3 
 .bss.vScaleEM01Config
                0x20000744        0x1 ./emlib/em_emu.o
 *fill*         0x20000745        0x3 
 .bss.__malloc_free_list
                0x20000748        0x4 c:/siliconlabs/simplicitystudio/v4/developer/toolchains/gnu_arm/7.2_2017q4/bin/../lib/gcc/arm-none-eabi/7.2.1/../../../../arm-none-eabi/lib/thumb/v7e-m/fpv4-sp/softfp\libc_nano.a(lib_a-nano-mallocr.o)
                0x20000748                __malloc_free_list
 .bss.__malloc_sbrk_start
                0x2000074c        0x4 c:/siliconlabs/simplicitystudio/v4/developer/toolchains/gnu_arm/7.2_2017q4/bin/../lib/gcc/arm-none-eabi/7.2.1/../../../../arm-none-eabi/lib/thumb/v7e-m/fpv4-sp/softfp\libc_nano.a(lib_a-nano-mallocr.o)
                0x2000074c                __malloc_sbrk_start
 .bss.heap_end.5377
                0x20000750        0x4 c:/siliconlabs/simplicitystudio/v4/developer/toolchains/gnu_arm/7.2_2017q4/bin/../lib/gcc/arm-none-eabi/7.2.1/../../../../arm-none-eabi/lib/thumb/v7e-m/fpv4-sp/softfp\libnosys.a(sbrk.o)
 *(COMMON)
 COMMON         0x20000754       0xd8 ./src/main.o
                0x20000754                spi_handleData
                0x200007ac                uart_tx_buffer
                0x200007d4                rtc_id
                0x200007d8                spi_rx_buffer
                0x200007f0                spi_tx_buffer
                0x200007f4                spi_tx_config_buffer
                0x200007f8                uart_handleData
 COMMON         0x2000082c        0x4 c:/siliconlabs/simplicitystudio/v4/developer/toolchains/gnu_arm/7.2_2017q4/bin/../lib/gcc/arm-none-eabi/7.2.1/../../../../arm-none-eabi/lib/thumb/v7e-m/fpv4-sp/softfp\libc_nano.a(lib_a-reent.o)
                0x2000082c                errno
                0x20000830                . = ALIGN (0x4)
                0x20000830                __bss_end__ = .

.heap           0x20000830      0xc00
                0x20000830                __HeapBase = .
                0x20000830                __end__ = .
                0x20000830                end = __end__
                0x20000830                _end = __end__
 *(.heap*)
 .heap          0x20000830      0xc00 ./CMSIS/EFM32GG11B/startup_efm32gg11b.o
                0x20001430                __HeapLimit = .

.stack_dummy    0x20000830      0x400
 *(.stack*)
 .stack         0x20000830      0x400 ./CMSIS/EFM32GG11B/startup_efm32gg11b.o
                0x20080000                __StackTop = (ORIGIN (RAM) + LENGTH (RAM))
                0x2007fc00                __StackLimit = (__StackTop - SIZEOF (.stack_dummy))
                0x20080000                PROVIDE (__stack, __StackTop)
                0x00000001                ASSERT ((__StackLimit >= __HeapLimit), region RAM overflowed with stack)
                0x00000001                ASSERT ((LENGTH (FLASH) >= (__etext + SIZEOF (.data))), FLASH memory overflowed !)
OUTPUT(GG11_MAX35103.axf elf32-littlearm)

.ARM.attributes
                0x00000000       0x2e
 .ARM.attributes
                0x00000000       0x22 c:/siliconlabs/simplicitystudio/v4/developer/toolchains/gnu_arm/7.2_2017q4/bin/../lib/gcc/arm-none-eabi/7.2.1/thumb/v7e-m/fpv4-sp/softfp/crti.o
 .ARM.attributes
                0x00000022       0x32 c:/siliconlabs/simplicitystudio/v4/developer/toolchains/gnu_arm/7.2_2017q4/bin/../lib/gcc/arm-none-eabi/7.2.1/thumb/v7e-m/fpv4-sp/softfp/crtbegin.o
 .ARM.attributes
                0x00000054       0x20 c:/siliconlabs/simplicitystudio/v4/developer/toolchains/gnu_arm/7.2_2017q4/bin/../lib/gcc/arm-none-eabi/7.2.1/../../../../arm-none-eabi/lib/thumb/v7e-m/fpv4-sp/softfp/crt0.o
 .ARM.attributes
                0x00000074       0x1f ./CMSIS/EFM32GG11B/startup_efm32gg11b.o
 .ARM.attributes
                0x00000093       0x37 ./CMSIS/EFM32GG11B/system_efm32gg11b.o
 .ARM.attributes
                0x000000ca       0x37 ./Drivers/dmadrv.o
 .ARM.attributes
                0x00000101       0x37 ./Drivers/gpiointerrupt.o
 .ARM.attributes
                0x00000138       0x37 ./Drivers/rtcdriver.o
 .ARM.attributes
                0x0000016f       0x37 ./Drivers/spidrv.o
 .ARM.attributes
                0x000001a6       0x37 ./Drivers/uartdrv.o
 .ARM.attributes
                0x000001dd       0x37 ./Drivers/ustimer.o
 .ARM.attributes
                0x00000214       0x37 ./emlib/em_cmu.o
 .ARM.attributes
                0x0000024b       0x37 ./emlib/em_core.o
 .ARM.attributes
                0x00000282       0x37 ./emlib/em_emu.o
 .ARM.attributes
                0x000002b9       0x37 ./emlib/em_gpio.o
 .ARM.attributes
                0x000002f0       0x37 ./emlib/em_ldma.o
 .ARM.attributes
                0x00000327       0x37 ./emlib/em_leuart.o
 .ARM.attributes
                0x0000035e       0x37 ./emlib/em_rtcc.o
 .ARM.attributes
                0x00000395       0x37 ./emlib/em_usart.o
 .ARM.attributes
                0x000003cc       0x37 ./src/main.o
 .ARM.attributes
                0x00000403       0x22 c:/siliconlabs/simplicitystudio/v4/developer/toolchains/gnu_arm/7.2_2017q4/bin/../lib/gcc/arm-none-eabi/7.2.1/thumb/v7e-m/fpv4-sp/softfp\libgcc.a(_arm_addsubdf3.o)
 .ARM.attributes
                0x00000425       0x22 c:/siliconlabs/simplicitystudio/v4/developer/toolchains/gnu_arm/7.2_2017q4/bin/../lib/gcc/arm-none-eabi/7.2.1/thumb/v7e-m/fpv4-sp/softfp\libgcc.a(_aeabi_uldivmod.o)
 .ARM.attributes
                0x00000447       0x32 c:/siliconlabs/simplicitystudio/v4/developer/toolchains/gnu_arm/7.2_2017q4/bin/../lib/gcc/arm-none-eabi/7.2.1/thumb/v7e-m/fpv4-sp/softfp\libgcc.a(_udivmoddi4.o)
 .ARM.attributes
                0x00000479       0x22 c:/siliconlabs/simplicitystudio/v4/developer/toolchains/gnu_arm/7.2_2017q4/bin/../lib/gcc/arm-none-eabi/7.2.1/thumb/v7e-m/fpv4-sp/softfp\libgcc.a(_dvmd_tls.o)
 .ARM.attributes
                0x0000049b       0x32 c:/siliconlabs/simplicitystudio/v4/developer/toolchains/gnu_arm/7.2_2017q4/bin/../lib/gcc/arm-none-eabi/7.2.1/../../../../arm-none-eabi/lib/thumb/v7e-m/fpv4-sp/softfp\libc_nano.a(lib_a-asctime.o)
 .ARM.attributes
                0x000004cd       0x32 c:/siliconlabs/simplicitystudio/v4/developer/toolchains/gnu_arm/7.2_2017q4/bin/../lib/gcc/arm-none-eabi/7.2.1/../../../../arm-none-eabi/lib/thumb/v7e-m/fpv4-sp/softfp\libc_nano.a(lib_a-asctime_r.o)
 .ARM.attributes
                0x000004ff       0x32 c:/siliconlabs/simplicitystudio/v4/developer/toolchains/gnu_arm/7.2_2017q4/bin/../lib/gcc/arm-none-eabi/7.2.1/../../../../arm-none-eabi/lib/thumb/v7e-m/fpv4-sp/softfp\libc_nano.a(lib_a-efgcvt.o)
 .ARM.attributes
                0x00000531       0x32 c:/siliconlabs/simplicitystudio/v4/developer/toolchains/gnu_arm/7.2_2017q4/bin/../lib/gcc/arm-none-eabi/7.2.1/../../../../arm-none-eabi/lib/thumb/v7e-m/fpv4-sp/softfp\libc_nano.a(lib_a-exit.o)
 .ARM.attributes
                0x00000563       0x32 c:/siliconlabs/simplicitystudio/v4/developer/toolchains/gnu_arm/7.2_2017q4/bin/../lib/gcc/arm-none-eabi/7.2.1/../../../../arm-none-eabi/lib/thumb/v7e-m/fpv4-sp/softfp\libc_nano.a(lib_a-gmtime.o)
 .ARM.attributes
                0x00000595       0x32 c:/siliconlabs/simplicitystudio/v4/developer/toolchains/gnu_arm/7.2_2017q4/bin/../lib/gcc/arm-none-eabi/7.2.1/../../../../arm-none-eabi/lib/thumb/v7e-m/fpv4-sp/softfp\libc_nano.a(lib_a-gmtime_r.o)
 .ARM.attributes
                0x000005c7       0x32 c:/siliconlabs/simplicitystudio/v4/developer/toolchains/gnu_arm/7.2_2017q4/bin/../lib/gcc/arm-none-eabi/7.2.1/../../../../arm-none-eabi/lib/thumb/v7e-m/fpv4-sp/softfp\libc_nano.a(lib_a-impure.o)
 .ARM.attributes
                0x000005f9       0x32 c:/siliconlabs/simplicitystudio/v4/developer/toolchains/gnu_arm/7.2_2017q4/bin/../lib/gcc/arm-none-eabi/7.2.1/../../../../arm-none-eabi/lib/thumb/v7e-m/fpv4-sp/softfp\libc_nano.a(lib_a-init.o)
 .ARM.attributes
                0x0000062b       0x32 c:/siliconlabs/simplicitystudio/v4/developer/toolchains/gnu_arm/7.2_2017q4/bin/../lib/gcc/arm-none-eabi/7.2.1/../../../../arm-none-eabi/lib/thumb/v7e-m/fpv4-sp/softfp\libc_nano.a(lib_a-malloc.o)
 .ARM.attributes
                0x0000065d       0x32 c:/siliconlabs/simplicitystudio/v4/developer/toolchains/gnu_arm/7.2_2017q4/bin/../lib/gcc/arm-none-eabi/7.2.1/../../../../arm-none-eabi/lib/thumb/v7e-m/fpv4-sp/softfp\libc_nano.a(lib_a-memcpy-stub.o)
 .ARM.attributes
                0x0000068f       0x32 c:/siliconlabs/simplicitystudio/v4/developer/toolchains/gnu_arm/7.2_2017q4/bin/../lib/gcc/arm-none-eabi/7.2.1/../../../../arm-none-eabi/lib/thumb/v7e-m/fpv4-sp/softfp\libc_nano.a(lib_a-memset.o)
 .ARM.attributes
                0x000006c1       0x32 c:/siliconlabs/simplicitystudio/v4/developer/toolchains/gnu_arm/7.2_2017q4/bin/../lib/gcc/arm-none-eabi/7.2.1/../../../../arm-none-eabi/lib/thumb/v7e-m/fpv4-sp/softfp\libc_nano.a(lib_a-nano-freer.o)
 .ARM.attributes
                0x000006f3       0x32 c:/siliconlabs/simplicitystudio/v4/developer/toolchains/gnu_arm/7.2_2017q4/bin/../lib/gcc/arm-none-eabi/7.2.1/../../../../arm-none-eabi/lib/thumb/v7e-m/fpv4-sp/softfp\libc_nano.a(lib_a-nano-mallocr.o)
 .ARM.attributes
                0x00000725       0x32 c:/siliconlabs/simplicitystudio/v4/developer/toolchains/gnu_arm/7.2_2017q4/bin/../lib/gcc/arm-none-eabi/7.2.1/../../../../arm-none-eabi/lib/thumb/v7e-m/fpv4-sp/softfp\libc_nano.a(lib_a-printf.o)
 .ARM.attributes
                0x00000757       0x32 c:/siliconlabs/simplicitystudio/v4/developer/toolchains/gnu_arm/7.2_2017q4/bin/../lib/gcc/arm-none-eabi/7.2.1/../../../../arm-none-eabi/lib/thumb/v7e-m/fpv4-sp/softfp\libc_nano.a(lib_a-sbrkr.o)
 .ARM.attributes
                0x00000789       0x32 c:/siliconlabs/simplicitystudio/v4/developer/toolchains/gnu_arm/7.2_2017q4/bin/../lib/gcc/arm-none-eabi/7.2.1/../../../../arm-none-eabi/lib/thumb/v7e-m/fpv4-sp/softfp\libc_nano.a(lib_a-sprintf.o)
 .ARM.attributes
                0x000007bb       0x1b c:/siliconlabs/simplicitystudio/v4/developer/toolchains/gnu_arm/7.2_2017q4/bin/../lib/gcc/arm-none-eabi/7.2.1/../../../../arm-none-eabi/lib/thumb/v7e-m/fpv4-sp/softfp\libc_nano.a(lib_a-strlen.o)
 .ARM.attributes
                0x000007d6       0x32 c:/siliconlabs/simplicitystudio/v4/developer/toolchains/gnu_arm/7.2_2017q4/bin/../lib/gcc/arm-none-eabi/7.2.1/../../../../arm-none-eabi/lib/thumb/v7e-m/fpv4-sp/softfp\libc_nano.a(lib_a-time.o)
 .ARM.attributes
                0x00000808       0x32 c:/siliconlabs/simplicitystudio/v4/developer/toolchains/gnu_arm/7.2_2017q4/bin/../lib/gcc/arm-none-eabi/7.2.1/../../../../arm-none-eabi/lib/thumb/v7e-m/fpv4-sp/softfp\libc_nano.a(lib_a-ecvtbuf.o)
 .ARM.attributes
                0x0000083a       0x32 c:/siliconlabs/simplicitystudio/v4/developer/toolchains/gnu_arm/7.2_2017q4/bin/../lib/gcc/arm-none-eabi/7.2.1/../../../../arm-none-eabi/lib/thumb/v7e-m/fpv4-sp/softfp\libc_nano.a(lib_a-findfp.o)
 .ARM.attributes
                0x0000086c       0x32 c:/siliconlabs/simplicitystudio/v4/developer/toolchains/gnu_arm/7.2_2017q4/bin/../lib/gcc/arm-none-eabi/7.2.1/../../../../arm-none-eabi/lib/thumb/v7e-m/fpv4-sp/softfp\libc_nano.a(lib_a-fwalk.o)
 .ARM.attributes
                0x0000089e       0x32 c:/siliconlabs/simplicitystudio/v4/developer/toolchains/gnu_arm/7.2_2017q4/bin/../lib/gcc/arm-none-eabi/7.2.1/../../../../arm-none-eabi/lib/thumb/v7e-m/fpv4-sp/softfp\libc_nano.a(lib_a-gettimeofdayr.o)
 .ARM.attributes
                0x000008d0       0x32 c:/siliconlabs/simplicitystudio/v4/developer/toolchains/gnu_arm/7.2_2017q4/bin/../lib/gcc/arm-none-eabi/7.2.1/../../../../arm-none-eabi/lib/thumb/v7e-m/fpv4-sp/softfp\libc_nano.a(lib_a-mlock.o)
 .ARM.attributes
                0x00000902       0x32 c:/siliconlabs/simplicitystudio/v4/developer/toolchains/gnu_arm/7.2_2017q4/bin/../lib/gcc/arm-none-eabi/7.2.1/../../../../arm-none-eabi/lib/thumb/v7e-m/fpv4-sp/softfp\libc_nano.a(lib_a-mprec.o)
 .ARM.attributes
                0x00000934       0x32 c:/siliconlabs/simplicitystudio/v4/developer/toolchains/gnu_arm/7.2_2017q4/bin/../lib/gcc/arm-none-eabi/7.2.1/../../../../arm-none-eabi/lib/thumb/v7e-m/fpv4-sp/softfp\libc_nano.a(lib_a-nano-callocr.o)
 .ARM.attributes
                0x00000966       0x32 c:/siliconlabs/simplicitystudio/v4/developer/toolchains/gnu_arm/7.2_2017q4/bin/../lib/gcc/arm-none-eabi/7.2.1/../../../../arm-none-eabi/lib/thumb/v7e-m/fpv4-sp/softfp\libc_nano.a(lib_a-nano-reallocr.o)
 .ARM.attributes
                0x00000998       0x32 c:/siliconlabs/simplicitystudio/v4/developer/toolchains/gnu_arm/7.2_2017q4/bin/../lib/gcc/arm-none-eabi/7.2.1/../../../../arm-none-eabi/lib/thumb/v7e-m/fpv4-sp/softfp\libc_nano.a(lib_a-nano-svfprintf.o)
 .ARM.attributes
                0x000009ca       0x32 c:/siliconlabs/simplicitystudio/v4/developer/toolchains/gnu_arm/7.2_2017q4/bin/../lib/gcc/arm-none-eabi/7.2.1/../../../../arm-none-eabi/lib/thumb/v7e-m/fpv4-sp/softfp\libc_nano.a(lib_a-nano-vfprintf.o)
 .ARM.attributes
                0x000009fc       0x32 c:/siliconlabs/simplicitystudio/v4/developer/toolchains/gnu_arm/7.2_2017q4/bin/../lib/gcc/arm-none-eabi/7.2.1/../../../../arm-none-eabi/lib/thumb/v7e-m/fpv4-sp/softfp\libc_nano.a(lib_a-nano-vfprintf_i.o)
 .ARM.attributes
                0x00000a2e       0x32 c:/siliconlabs/simplicitystudio/v4/developer/toolchains/gnu_arm/7.2_2017q4/bin/../lib/gcc/arm-none-eabi/7.2.1/../../../../arm-none-eabi/lib/thumb/v7e-m/fpv4-sp/softfp\libc_nano.a(lib_a-reent.o)
 .ARM.attributes
                0x00000a60       0x32 c:/siliconlabs/simplicitystudio/v4/developer/toolchains/gnu_arm/7.2_2017q4/bin/../lib/gcc/arm-none-eabi/7.2.1/../../../../arm-none-eabi/lib/thumb/v7e-m/fpv4-sp/softfp\libc_nano.a(lib_a-stdio.o)
 .ARM.attributes
                0x00000a92       0x32 c:/siliconlabs/simplicitystudio/v4/developer/toolchains/gnu_arm/7.2_2017q4/bin/../lib/gcc/arm-none-eabi/7.2.1/../../../../arm-none-eabi/lib/thumb/v7e-m/fpv4-sp/softfp\libc_nano.a(lib_a-strcpy.o)
 .ARM.attributes
                0x00000ac4       0x32 c:/siliconlabs/simplicitystudio/v4/developer/toolchains/gnu_arm/7.2_2017q4/bin/../lib/gcc/arm-none-eabi/7.2.1/../../../../arm-none-eabi/lib/thumb/v7e-m/fpv4-sp/softfp\libc_nano.a(lib_a-wbuf.o)
 .ARM.attributes
                0x00000af6       0x32 c:/siliconlabs/simplicitystudio/v4/developer/toolchains/gnu_arm/7.2_2017q4/bin/../lib/gcc/arm-none-eabi/7.2.1/../../../../arm-none-eabi/lib/thumb/v7e-m/fpv4-sp/softfp\libc_nano.a(lib_a-writer.o)
 .ARM.attributes
                0x00000b28       0x32 c:/siliconlabs/simplicitystudio/v4/developer/toolchains/gnu_arm/7.2_2017q4/bin/../lib/gcc/arm-none-eabi/7.2.1/../../../../arm-none-eabi/lib/thumb/v7e-m/fpv4-sp/softfp\libc_nano.a(lib_a-wsetup.o)
 .ARM.attributes
                0x00000b5a       0x32 c:/siliconlabs/simplicitystudio/v4/developer/toolchains/gnu_arm/7.2_2017q4/bin/../lib/gcc/arm-none-eabi/7.2.1/../../../../arm-none-eabi/lib/thumb/v7e-m/fpv4-sp/softfp\libc_nano.a(lib_a-closer.o)
 .ARM.attributes
                0x00000b8c       0x32 c:/siliconlabs/simplicitystudio/v4/developer/toolchains/gnu_arm/7.2_2017q4/bin/../lib/gcc/arm-none-eabi/7.2.1/../../../../arm-none-eabi/lib/thumb/v7e-m/fpv4-sp/softfp\libc_nano.a(lib_a-dtoa.o)
 .ARM.attributes
                0x00000bbe       0x32 c:/siliconlabs/simplicitystudio/v4/developer/toolchains/gnu_arm/7.2_2017q4/bin/../lib/gcc/arm-none-eabi/7.2.1/../../../../arm-none-eabi/lib/thumb/v7e-m/fpv4-sp/softfp\libc_nano.a(lib_a-fflush.o)
 .ARM.attributes
                0x00000bf0       0x32 c:/siliconlabs/simplicitystudio/v4/developer/toolchains/gnu_arm/7.2_2017q4/bin/../lib/gcc/arm-none-eabi/7.2.1/../../../../arm-none-eabi/lib/thumb/v7e-m/fpv4-sp/softfp\libc_nano.a(lib_a-lseekr.o)
 .ARM.attributes
                0x00000c22       0x32 c:/siliconlabs/simplicitystudio/v4/developer/toolchains/gnu_arm/7.2_2017q4/bin/../lib/gcc/arm-none-eabi/7.2.1/../../../../arm-none-eabi/lib/thumb/v7e-m/fpv4-sp/softfp\libc_nano.a(lib_a-makebuf.o)
 .ARM.attributes
                0x00000c54       0x20 c:/siliconlabs/simplicitystudio/v4/developer/toolchains/gnu_arm/7.2_2017q4/bin/../lib/gcc/arm-none-eabi/7.2.1/../../../../arm-none-eabi/lib/thumb/v7e-m/fpv4-sp/softfp\libc_nano.a(lib_a-memchr.o)
 .ARM.attributes
                0x00000c74       0x32 c:/siliconlabs/simplicitystudio/v4/developer/toolchains/gnu_arm/7.2_2017q4/bin/../lib/gcc/arm-none-eabi/7.2.1/../../../../arm-none-eabi/lib/thumb/v7e-m/fpv4-sp/softfp\libc_nano.a(lib_a-memmove.o)
 .ARM.attributes
                0x00000ca6       0x32 c:/siliconlabs/simplicitystudio/v4/developer/toolchains/gnu_arm/7.2_2017q4/bin/../lib/gcc/arm-none-eabi/7.2.1/../../../../arm-none-eabi/lib/thumb/v7e-m/fpv4-sp/softfp\libc_nano.a(lib_a-nano-msizer.o)
 .ARM.attributes
                0x00000cd8       0x32 c:/siliconlabs/simplicitystudio/v4/developer/toolchains/gnu_arm/7.2_2017q4/bin/../lib/gcc/arm-none-eabi/7.2.1/../../../../arm-none-eabi/lib/thumb/v7e-m/fpv4-sp/softfp\libc_nano.a(lib_a-readr.o)
 .ARM.attributes
                0x00000d0a       0x32 c:/siliconlabs/simplicitystudio/v4/developer/toolchains/gnu_arm/7.2_2017q4/bin/../lib/gcc/arm-none-eabi/7.2.1/../../../../arm-none-eabi/lib/thumb/v7e-m/fpv4-sp/softfp\libc_nano.a(lib_a-fstatr.o)
 .ARM.attributes
                0x00000d3c       0x32 c:/siliconlabs/simplicitystudio/v4/developer/toolchains/gnu_arm/7.2_2017q4/bin/../lib/gcc/arm-none-eabi/7.2.1/../../../../arm-none-eabi/lib/thumb/v7e-m/fpv4-sp/softfp\libc_nano.a(lib_a-isattyr.o)
 .ARM.attributes
                0x00000d6e       0x32 c:/siliconlabs/simplicitystudio/v4/developer/toolchains/gnu_arm/7.2_2017q4/bin/../lib/gcc/arm-none-eabi/7.2.1/../../../../arm-none-eabi/lib/thumb/v7e-m/fpv4-sp/softfp\libnosys.a(close.o)
 .ARM.attributes
                0x00000da0       0x32 c:/siliconlabs/simplicitystudio/v4/developer/toolchains/gnu_arm/7.2_2017q4/bin/../lib/gcc/arm-none-eabi/7.2.1/../../../../arm-none-eabi/lib/thumb/v7e-m/fpv4-sp/softfp\libnosys.a(fstat.o)
 .ARM.attributes
                0x00000dd2       0x32 c:/siliconlabs/simplicitystudio/v4/developer/toolchains/gnu_arm/7.2_2017q4/bin/../lib/gcc/arm-none-eabi/7.2.1/../../../../arm-none-eabi/lib/thumb/v7e-m/fpv4-sp/softfp\libnosys.a(gettod.o)
 .ARM.attributes
                0x00000e04       0x32 c:/siliconlabs/simplicitystudio/v4/developer/toolchains/gnu_arm/7.2_2017q4/bin/../lib/gcc/arm-none-eabi/7.2.1/../../../../arm-none-eabi/lib/thumb/v7e-m/fpv4-sp/softfp\libnosys.a(isatty.o)
 .ARM.attributes
                0x00000e36       0x32 c:/siliconlabs/simplicitystudio/v4/developer/toolchains/gnu_arm/7.2_2017q4/bin/../lib/gcc/arm-none-eabi/7.2.1/../../../../arm-none-eabi/lib/thumb/v7e-m/fpv4-sp/softfp\libnosys.a(lseek.o)
 .ARM.attributes
                0x00000e68       0x32 c:/siliconlabs/simplicitystudio/v4/developer/toolchains/gnu_arm/7.2_2017q4/bin/../lib/gcc/arm-none-eabi/7.2.1/../../../../arm-none-eabi/lib/thumb/v7e-m/fpv4-sp/softfp\libnosys.a(read.o)
 .ARM.attributes
                0x00000e9a       0x32 c:/siliconlabs/simplicitystudio/v4/developer/toolchains/gnu_arm/7.2_2017q4/bin/../lib/gcc/arm-none-eabi/7.2.1/../../../../arm-none-eabi/lib/thumb/v7e-m/fpv4-sp/softfp\libnosys.a(sbrk.o)
 .ARM.attributes
                0x00000ecc       0x32 c:/siliconlabs/simplicitystudio/v4/developer/toolchains/gnu_arm/7.2_2017q4/bin/../lib/gcc/arm-none-eabi/7.2.1/../../../../arm-none-eabi/lib/thumb/v7e-m/fpv4-sp/softfp\libnosys.a(write.o)
 .ARM.attributes
                0x00000efe       0x32 c:/siliconlabs/simplicitystudio/v4/developer/toolchains/gnu_arm/7.2_2017q4/bin/../lib/gcc/arm-none-eabi/7.2.1/../../../../arm-none-eabi/lib/thumb/v7e-m/fpv4-sp/softfp\libnosys.a(_exit.o)
 .ARM.attributes
                0x00000f30       0x22 c:/siliconlabs/simplicitystudio/v4/developer/toolchains/gnu_arm/7.2_2017q4/bin/../lib/gcc/arm-none-eabi/7.2.1/thumb/v7e-m/fpv4-sp/softfp\libgcc.a(_arm_muldivdf3.o)
 .ARM.attributes
                0x00000f52       0x22 c:/siliconlabs/simplicitystudio/v4/developer/toolchains/gnu_arm/7.2_2017q4/bin/../lib/gcc/arm-none-eabi/7.2.1/thumb/v7e-m/fpv4-sp/softfp\libgcc.a(_arm_cmpdf2.o)
 .ARM.attributes
                0x00000f74       0x22 c:/siliconlabs/simplicitystudio/v4/developer/toolchains/gnu_arm/7.2_2017q4/bin/../lib/gcc/arm-none-eabi/7.2.1/thumb/v7e-m/fpv4-sp/softfp\libgcc.a(_arm_fixdfsi.o)
 .ARM.attributes
                0x00000f96       0x22 c:/siliconlabs/simplicitystudio/v4/developer/toolchains/gnu_arm/7.2_2017q4/bin/../lib/gcc/arm-none-eabi/7.2.1/thumb/v7e-m/fpv4-sp/softfp\libgcc.a(_aeabi_ldivmod.o)
 .ARM.attributes
                0x00000fb8       0x32 c:/siliconlabs/simplicitystudio/v4/developer/toolchains/gnu_arm/7.2_2017q4/bin/../lib/gcc/arm-none-eabi/7.2.1/thumb/v7e-m/fpv4-sp/softfp/crtend.o
 .ARM.attributes
                0x00000fea       0x22 c:/siliconlabs/simplicitystudio/v4/developer/toolchains/gnu_arm/7.2_2017q4/bin/../lib/gcc/arm-none-eabi/7.2.1/thumb/v7e-m/fpv4-sp/softfp/crtn.o

.comment        0x00000000       0x7e
 .comment       0x00000000       0x7e ./CMSIS/EFM32GG11B/system_efm32gg11b.o
                                 0x7f (size before relaxing)
 .comment       0x0000007e       0x7f ./Drivers/dmadrv.o
 .comment       0x0000007e       0x7f ./Drivers/gpiointerrupt.o
 .comment       0x0000007e       0x7f ./Drivers/rtcdriver.o
 .comment       0x0000007e       0x7f ./Drivers/spidrv.o
 .comment       0x0000007e       0x7f ./Drivers/uartdrv.o
 .comment       0x0000007e       0x7f ./Drivers/ustimer.o
 .comment       0x0000007e       0x7f ./emlib/em_cmu.o
 .comment       0x0000007e       0x7f ./emlib/em_core.o
 .comment       0x0000007e       0x7f ./emlib/em_emu.o
 .comment       0x0000007e       0x7f ./emlib/em_gpio.o
 .comment       0x0000007e       0x7f ./emlib/em_ldma.o
 .comment       0x0000007e       0x7f ./emlib/em_leuart.o
 .comment       0x0000007e       0x7f ./emlib/em_rtcc.o
 .comment       0x0000007e       0x7f ./emlib/em_usart.o
 .comment       0x0000007e       0x7f ./src/main.o

.debug_line     0x00000000     0x9329
 .debug_line    0x00000000       0xd9 ./CMSIS/EFM32GG11B/startup_efm32gg11b.o
 .debug_line    0x000000d9      0x36e ./CMSIS/EFM32GG11B/system_efm32gg11b.o
 .debug_line    0x00000447      0x629 ./Drivers/dmadrv.o
 .debug_line    0x00000a70      0x4bc ./Drivers/gpiointerrupt.o
 .debug_line    0x00000f2c      0x818 ./Drivers/rtcdriver.o
 .debug_line    0x00001744     0x17da ./Drivers/spidrv.o
 .debug_line    0x00002f1e     0x19c1 ./Drivers/uartdrv.o
 .debug_line    0x000048df      0x603 ./Drivers/ustimer.o
 .debug_line    0x00004ee2      0xeb9 ./emlib/em_cmu.o
 .debug_line    0x00005d9b      0x617 ./emlib/em_core.o
 .debug_line    0x000063b2      0xd7b ./emlib/em_emu.o
 .debug_line    0x0000712d      0x554 ./emlib/em_gpio.o
 .debug_line    0x00007681      0x458 ./emlib/em_ldma.o
 .debug_line    0x00007ad9      0x43e ./emlib/em_leuart.o
 .debug_line    0x00007f17      0x431 ./emlib/em_rtcc.o
 .debug_line    0x00008348      0x664 ./emlib/em_usart.o
 .debug_line    0x000089ac      0x97d ./src/main.o

.debug_info     0x00000000    0x1904a
 .debug_info    0x00000000       0x26 ./CMSIS/EFM32GG11B/startup_efm32gg11b.o
 .debug_info    0x00000026      0x96a ./CMSIS/EFM32GG11B/system_efm32gg11b.o
 .debug_info    0x00000990     0x1721 ./Drivers/dmadrv.o
 .debug_info    0x000020b1      0x8c0 ./Drivers/gpiointerrupt.o
 .debug_info    0x00002971     0x1d66 ./Drivers/rtcdriver.o
 .debug_info    0x000046d7     0x2a46 ./Drivers/spidrv.o
 .debug_info    0x0000711d     0x3a50 ./Drivers/uartdrv.o
 .debug_info    0x0000ab6d     0x1367 ./Drivers/ustimer.o
 .debug_info    0x0000bed4     0x2a32 ./emlib/em_cmu.o
 .debug_info    0x0000e906      0xdd5 ./emlib/em_core.o
 .debug_info    0x0000f6db     0x2b41 ./emlib/em_emu.o
 .debug_info    0x0001221c      0xb1d ./emlib/em_gpio.o
 .debug_info    0x00012d39     0x1408 ./emlib/em_ldma.o
 .debug_info    0x00014141      0x9f7 ./emlib/em_leuart.o
 .debug_info    0x00014b38      0x706 ./emlib/em_rtcc.o
 .debug_info    0x0001523e     0x11b2 ./emlib/em_usart.o
 .debug_info    0x000163f0     0x2c5a ./src/main.o

.debug_abbrev   0x00000000     0x29e7
 .debug_abbrev  0x00000000       0x14 ./CMSIS/EFM32GG11B/startup_efm32gg11b.o
 .debug_abbrev  0x00000014      0x1b4 ./CMSIS/EFM32GG11B/system_efm32gg11b.o
 .debug_abbrev  0x000001c8      0x281 ./Drivers/dmadrv.o
 .debug_abbrev  0x00000449      0x268 ./Drivers/gpiointerrupt.o
 .debug_abbrev  0x000006b1      0x352 ./Drivers/rtcdriver.o
 .debug_abbrev  0x00000a03      0x30f ./Drivers/spidrv.o
 .debug_abbrev  0x00000d12      0x39c ./Drivers/uartdrv.o
 .debug_abbrev  0x000010ae      0x268 ./Drivers/ustimer.o
 .debug_abbrev  0x00001316      0x32e ./emlib/em_cmu.o
 .debug_abbrev  0x00001644      0x257 ./emlib/em_core.o
 .debug_abbrev  0x0000189b      0x349 ./emlib/em_emu.o
 .debug_abbrev  0x00001be4      0x21d ./emlib/em_gpio.o
 .debug_abbrev  0x00001e01      0x2a5 ./emlib/em_ldma.o
 .debug_abbrev  0x000020a6      0x202 ./emlib/em_leuart.o
 .debug_abbrev  0x000022a8      0x18c ./emlib/em_rtcc.o
 .debug_abbrev  0x00002434      0x202 ./emlib/em_usart.o
 .debug_abbrev  0x00002636      0x3b1 ./src/main.o

.debug_aranges  0x00000000      0xe30
 .debug_aranges
                0x00000000       0x20 ./CMSIS/EFM32GG11B/startup_efm32gg11b.o
 .debug_aranges
                0x00000020       0x68 ./CMSIS/EFM32GG11B/system_efm32gg11b.o
 .debug_aranges
                0x00000088       0xa0 ./Drivers/dmadrv.o
 .debug_aranges
                0x00000128       0x68 ./Drivers/gpiointerrupt.o
 .debug_aranges
                0x00000190       0xe0 ./Drivers/rtcdriver.o
 .debug_aranges
                0x00000270      0x128 ./Drivers/spidrv.o
 .debug_aranges
                0x00000398      0x1d0 ./Drivers/uartdrv.o
 .debug_aranges
                0x00000568       0xc0 ./Drivers/ustimer.o
 .debug_aranges
                0x00000628      0x208 ./emlib/em_cmu.o
 .debug_aranges
                0x00000830       0xe8 ./emlib/em_core.o
 .debug_aranges
                0x00000918      0x1b8 ./emlib/em_emu.o
 .debug_aranges
                0x00000ad0       0x88 ./emlib/em_gpio.o
 .debug_aranges
                0x00000b58       0x80 ./emlib/em_ldma.o
 .debug_aranges
                0x00000bd8       0x88 ./emlib/em_leuart.o
 .debug_aranges
                0x00000c60       0x50 ./emlib/em_rtcc.o
 .debug_aranges
                0x00000cb0       0xb8 ./emlib/em_usart.o
 .debug_aranges