Archive member included to satisfy reference by file (symbol)

c:/siliconlabs/simplicitystudio/v4/developer/toolchains/gnu_arm/7.2_2017q4/bin/../lib/gcc/arm-none-eabi/7.2.1/thumb/v7e-m/fpv4-sp/softfp\libgcc.a(_arm_addsubdf3.o)
                              ./src/main.o (__aeabi_f2d)
c:/siliconlabs/simplicitystudio/v4/developer/toolchains/gnu_arm/7.2_2017q4/bin/../lib/gcc/arm-none-eabi/7.2.1/thumb/v7e-m/fpv4-sp/softfp\libgcc.a(_aeabi_uldivmod.o)
                              ./Drivers/rtcdriver.o (__aeabi_uldivmod)
c:/siliconlabs/simplicitystudio/v4/developer/toolchains/gnu_arm/7.2_2017q4/bin/../lib/gcc/arm-none-eabi/7.2.1/thumb/v7e-m/fpv4-sp/softfp\libgcc.a(_udivmoddi4.o)
                              c:/siliconlabs/simplicitystudio/v4/developer/toolchains/gnu_arm/7.2_2017q4/bin/../lib/gcc/arm-none-eabi/7.2.1/thumb/v7e-m/fpv4-sp/softfp\libgcc.a(_aeabi_uldivmod.o) (__udivmoddi4)
c:/siliconlabs/simplicitystudio/v4/developer/toolchains/gnu_arm/7.2_2017q4/bin/../lib/gcc/arm-none-eabi/7.2.1/thumb/v7e-m/fpv4-sp/softfp\libgcc.a(_dvmd_tls.o)
                              c:/siliconlabs/simplicitystudio/v4/developer/toolchains/gnu_arm/7.2_2017q4/bin/../lib/gcc/arm-none-eabi/7.2.1/thumb/v7e-m/fpv4-sp/softfp\libgcc.a(_aeabi_uldivmod.o) (__aeabi_ldiv0)
c:/siliconlabs/simplicitystudio/v4/developer/toolchains/gnu_arm/7.2_2017q4/bin/../lib/gcc/arm-none-eabi/7.2.1/../../../../arm-none-eabi/lib/thumb/v7e-m/fpv4-sp/softfp\libc_nano.a(lib_a-efgcvt.o)
                              ./src/main.o (gcvt)
c:/siliconlabs/simplicitystudio/v4/developer/toolchains/gnu_arm/7.2_2017q4/bin/../lib/gcc/arm-none-eabi/7.2.1/../../../../arm-none-eabi/lib/thumb/v7e-m/fpv4-sp/softfp\libc_nano.a(lib_a-exit.o)
                              c:/siliconlabs/simplicitystudio/v4/developer/toolchains/gnu_arm/7.2_2017q4/bin/../lib/gcc/arm-none-eabi/7.2.1/../../../../arm-none-eabi/lib/thumb/v7e-m/fpv4-sp/softfp/crt0.o (exit)
c:/siliconlabs/simplicitystudio/v4/developer/toolchains/gnu_arm/7.2_2017q4/bin/../lib/gcc/arm-none-eabi/7.2.1/../../../../arm-none-eabi/lib/thumb/v7e-m/fpv4-sp/softfp\libc_nano.a(lib_a-impure.o)
                              c:/siliconlabs/simplicitystudio/v4/developer/toolchains/gnu_arm/7.2_2017q4/bin/../lib/gcc/arm-none-eabi/7.2.1/../../../../arm-none-eabi/lib/thumb/v7e-m/fpv4-sp/softfp\libc_nano.a(lib_a-exit.o) (_global_impure_ptr)
c:/siliconlabs/simplicitystudio/v4/developer/toolchains/gnu_arm/7.2_2017q4/bin/../lib/gcc/arm-none-eabi/7.2.1/../../../../arm-none-eabi/lib/thumb/v7e-m/fpv4-sp/softfp\libc_nano.a(lib_a-init.o)
                              c:/siliconlabs/simplicitystudio/v4/developer/toolchains/gnu_arm/7.2_2017q4/bin/../lib/gcc/arm-none-eabi/7.2.1/../../../../arm-none-eabi/lib/thumb/v7e-m/fpv4-sp/softfp/crt0.o (__libc_init_array)
c:/siliconlabs/simplicitystudio/v4/developer/toolchains/gnu_arm/7.2_2017q4/bin/../lib/gcc/arm-none-eabi/7.2.1/../../../../arm-none-eabi/lib/thumb/v7e-m/fpv4-sp/softfp\libc_nano.a(lib_a-memcpy-stub.o)
                              ./Drivers/uartdrv.o (memcpy)
c:/siliconlabs/simplicitystudio/v4/developer/toolchains/gnu_arm/7.2_2017q4/bin/../lib/gcc/arm-none-eabi/7.2.1/../../../../arm-none-eabi/lib/thumb/v7e-m/fpv4-sp/softfp\libc_nano.a(lib_a-memset.o)
                              c:/siliconlabs/simplicitystudio/v4/developer/toolchains/gnu_arm/7.2_2017q4/bin/../lib/gcc/arm-none-eabi/7.2.1/../../../../arm-none-eabi/lib/thumb/v7e-m/fpv4-sp/softfp/crt0.o (memset)
c:/siliconlabs/simplicitystudio/v4/developer/toolchains/gnu_arm/7.2_2017q4/bin/../lib/gcc/arm-none-eabi/7.2.1/../../../../arm-none-eabi/lib/thumb/v7e-m/fpv4-sp/softfp\libc_nano.a(lib_a-sprintf.o)
                              ./src/main.o (sprintf)
c:/siliconlabs/simplicitystudio/v4/developer/toolchains/gnu_arm/7.2_2017q4/bin/../lib/gcc/arm-none-eabi/7.2.1/../../../../arm-none-eabi/lib/thumb/v7e-m/fpv4-sp/softfp\libc_nano.a(lib_a-strlen.o)
                              ./src/main.o (strlen)
c:/siliconlabs/simplicitystudio/v4/developer/toolchains/gnu_arm/7.2_2017q4/bin/../lib/gcc/arm-none-eabi/7.2.1/../../../../arm-none-eabi/lib/thumb/v7e-m/fpv4-sp/softfp\libc_nano.a(lib_a-ecvtbuf.o)
                              c:/siliconlabs/simplicitystudio/v4/developer/toolchains/gnu_arm/7.2_2017q4/bin/../lib/gcc/arm-none-eabi/7.2.1/../../../../arm-none-eabi/lib/thumb/v7e-m/fpv4-sp/softfp\libc_nano.a(lib_a-efgcvt.o) (fcvtbuf)
c:/siliconlabs/simplicitystudio/v4/developer/toolchains/gnu_arm/7.2_2017q4/bin/../lib/gcc/arm-none-eabi/7.2.1/../../../../arm-none-eabi/lib/thumb/v7e-m/fpv4-sp/softfp\libc_nano.a(lib_a-mprec.o)
                              c:/siliconlabs/simplicitystudio/v4/developer/toolchains/gnu_arm/7.2_2017q4/bin/../lib/gcc/arm-none-eabi/7.2.1/../../../../arm-none-eabi/lib/thumb/v7e-m/fpv4-sp/softfp\libc_nano.a(lib_a-ecvtbuf.o) (_mprec_log10)
c:/siliconlabs/simplicitystudio/v4/developer/toolchains/gnu_arm/7.2_2017q4/bin/../lib/gcc/arm-none-eabi/7.2.1/../../../../arm-none-eabi/lib/thumb/v7e-m/fpv4-sp/softfp\libc_nano.a(lib_a-nano-callocr.o)
[...]
Memory Configuration

Name             Origin             Length             Attributes
FLASH            0x00000000         0x00200000         xr
RAM              0x20000000         0x00080000         xrw
*default*        0x00000000         0xffffffff

Linker script and memory map

LOAD c:/siliconlabs/simplicitystudio/v4/developer/toolchains/gnu_arm/7.2_2017q4/bin/../lib/gcc/arm-none-eabi/7.2.1/thumb/v7e-m/fpv4-sp/softfp/crti.o
LOAD c:/siliconlabs/simplicitystudio/v4/developer/toolchains/gnu_arm/7.2_2017q4/bin/../lib/gcc/arm-none-eabi/7.2.1/thumb/v7e-m/fpv4-sp/softfp/crtbegin.o
LOAD c:/siliconlabs/simplicitystudio/v4/developer/toolchains/gnu_arm/7.2_2017q4/bin/../lib/gcc/arm-none-eabi/7.2.1/../../../../arm-none-eabi/lib/thumb/v7e-m/fpv4-sp/softfp/crt0.o
LOAD ./CMSIS/EFM32GG11B/startup_efm32gg11b.o
LOAD ./CMSIS/EFM32GG11B/system_efm32gg11b.o
LOAD ./Drivers/dmadrv.o
LOAD ./Drivers/gpiointerrupt.o
LOAD ./Drivers/rtcdriver.o
LOAD ./Drivers/spidrv.o
LOAD ./Drivers/uartdrv.o
LOAD ./Drivers/ustimer.o
LOAD ./emlib/em_cmu.o
LOAD ./emlib/em_core.o
LOAD ./emlib/em_dma.o
LOAD ./emlib/em_emu.o
LOAD ./emlib/em_gpio.o
LOAD ./emlib/em_ldma.o
LOAD ./emlib/em_leuart.o
LOAD ./emlib/em_rtc.o
LOAD ./emlib/em_rtcc.o
LOAD ./emlib/em_system.o
LOAD ./emlib/em_usart.o
LOAD ./src/main.o
LOAD C:/SiliconLabs/SimplicityStudio/v4/developer/sdks/gecko_sdk_suite/v2.3//platform/emdrv/nvm3/lib/\libnvm3_CM4_gcc.a
START GROUP
LOAD c:/siliconlabs/simplicitystudio/v4/developer/toolchains/gnu_arm/7.2_2017q4/bin/../lib/gcc/arm-none-eabi/7.2.1/thumb/v7e-m/fpv4-sp/softfp\libgcc.a
LOAD c:/siliconlabs/simplicitystudio/v4/developer/toolchains/gnu_arm/7.2_2017q4/bin/../lib/gcc/arm-none-eabi/7.2.1/../../../../arm-none-eabi/lib/thumb/v7e-m/fpv4-sp/softfp\libc_nano.a
LOAD c:/siliconlabs/simplicitystudio/v4/developer/toolchains/gnu_arm/7.2_2017q4/bin/../lib/gcc/arm-none-eabi/7.2.1/../../../../arm-none-eabi/lib/thumb/v7e-m/fpv4-sp/softfp\libnosys.a
END GROUP
START GROUP
LOAD c:/siliconlabs/simplicitystudio/v4/developer/toolchains/gnu_arm/7.2_2017q4/bin/../lib/gcc/arm-none-eabi/7.2.1/thumb/v7e-m/fpv4-sp/softfp\libgcc.a
LOAD c:/siliconlabs/simplicitystudio/v4/developer/toolchains/gnu_arm/7.2_2017q4/bin/../lib/gcc/arm-none-eabi/7.2.1/../../../../arm-none-eabi/lib/thumb/v7e-m/fpv4-sp/softfp\libg_nano.a
LOAD c:/siliconlabs/simplicitystudio/v4/developer/toolchains/gnu_arm/7.2_2017q4/bin/../lib/gcc/arm-none-eabi/7.2.1/../../../../arm-none-eabi/lib/thumb/v7e-m/fpv4-sp/softfp\libc_nano.a
END GROUP
START GROUP
LOAD c:/siliconlabs/simplicitystudio/v4/developer/toolchains/gnu_arm/7.2_2017q4/bin/../lib/gcc/arm-none-eabi/7.2.1/thumb/v7e-m/fpv4-sp/softfp\libgcc.a
LOAD c:/siliconlabs/simplicitystudio/v4/developer/toolchains/gnu_arm/7.2_2017q4/bin/../lib/gcc/arm-none-eabi/7.2.1/../../../../arm-none-eabi/lib/thumb/v7e-m/fpv4-sp/softfp\libc_nano.a
END GROUP
LOAD c:/siliconlabs/simplicitystudio/v4/developer/toolchains/gnu_arm/7.2_2017q4/bin/../lib/gcc/arm-none-eabi/7.2.1/thumb/v7e-m/fpv4-sp/softfp/crtend.o
LOAD c:/siliconlabs/simplicitystudio/v4/developer/toolchains/gnu_arm/7.2_2017q4/bin/../lib/gcc/arm-none-eabi/7.2.1/thumb/v7e-m/fpv4-sp/softfp/crtn.o

.text           0x00000000     0xb084
 *(.vectors)
 .vectors       0x00000000      0x150 ./CMSIS/EFM32GG11B/startup_efm32gg11b.o
                0x00000000                __Vectors
                0x00000150                __Vectors_End = .
                0x00000150                __Vectors_Size = (__Vectors_End - __Vectors)
                0x00000150                __end__ = .
 *(.text*)
 .text          0x00000150       0x40 c:/siliconlabs/simplicitystudio/v4/developer/toolchains/gnu_arm/7.2_2017q4/bin/../lib/gcc/arm-none-eabi/7.2.1/thumb/v7e-m/fpv4-sp/softfp/crtbegin.o
 .text          0x00000190       0x74 c:/siliconlabs/simplicitystudio/v4/developer/toolchains/gnu_arm/7.2_2017q4/bin/../lib/gcc/arm-none-eabi/7.2.1/../../../../arm-none-eabi/lib/thumb/v7e-m/fpv4-sp/softfp/crt0.o
                0x00000190                _start
                0x00000190                _mainCRTStartup
 .text          0x00000204       0x30 ./CMSIS/EFM32GG11B/startup_efm32gg11b.o
                0x00000204                Reset_Handler
                0x00000230                TIMER5_IRQHandler
                0x00000230                DebugMon_Handler
                0x00000230                USART0_TX_IRQHandler
                0x00000230                USART5_RX_IRQHandler
                0x00000230                I2C0_IRQHandler
                0x00000230                HardFault_Handler
                0x00000230                LEUART1_IRQHandler
                0x00000230                SysTick_Handler
                0x00000230                SDIO_IRQHandler
                0x00000230                USART1_RX_IRQHandler
                0x00000230                PendSV_Handler
                0x00000230                NMI_Handler
                0x00000230                I2C1_IRQHandler
                0x00000230                CAN1_IRQHandler
                0x00000230                WTIMER0_IRQHandler
                0x00000230                WTIMER3_IRQHandler
                0x00000230                CRYPTO0_IRQHandler
                0x00000230                WDOG0_IRQHandler
                0x00000230                TIMER3_IRQHandler
                0x00000230                USART1_TX_IRQHandler
                0x00000230                USART4_RX_IRQHandler
                0x00000230                SMU_IRQHandler
                0x00000230                MSC_IRQHandler
                0x00000230                ADC0_IRQHandler
                0x00000230                UsageFault_Handler
                0x00000230                WDOG1_IRQHandler
                0x00000230                LEUART0_IRQHandler
                0x00000230                TIMER4_IRQHandler
                0x00000230                FPUEH_IRQHandler
                0x00000230                WTIMER1_IRQHandler
                0x00000230                UART0_TX_IRQHandler
                0x00000230                UART1_TX_IRQHandler
                0x00000230                VDAC0_IRQHandler
                0x00000230                QSPI0_IRQHandler
                0x00000230                TIMER6_IRQHandler
                0x00000230                CSEN_IRQHandler
                0x00000230                ADC1_IRQHandler
                0x00000230                I2C2_IRQHandler
                0x00000230                RTC_IRQHandler
                0x00000230                TIMER2_IRQHandler
                0x00000230                LCD_IRQHandler
                0x00000230                PCNT2_IRQHandler
                0x00000230                UART0_RX_IRQHandler
                0x00000230                WTIMER2_IRQHandler
                0x00000230                LETIMER0_IRQHandler
                0x00000230                TIMER1_IRQHandler
                0x00000230                TRNG0_IRQHandler
                0x00000230                USART2_RX_IRQHandler
                0x00000230                Default_Handler
                0x00000230                EMU_IRQHandler
                0x00000230                CRYOTIMER_IRQHandler
                0x00000230                PCNT0_IRQHandler
                0x00000230                USB_IRQHandler
                0x00000230                USART4_TX_IRQHandler
                0x00000230                PCNT1_IRQHandler
                0x00000230                ACMP0_IRQHandler
                0x00000230                USART0_RX_IRQHandler
                0x00000230                USART5_TX_IRQHandler
                0x00000230                MemManage_Handler
                0x00000230                SVC_Handler
                0x00000230                USART3_RX_IRQHandler
                0x00000230                UART1_RX_IRQHandler
                0x00000230                ETH_IRQHandler
                0x00000230                CMU_IRQHandler
                0x00000230                EBI_IRQHandler
                0x00000230                CAN0_IRQHandler
                0x00000230                LESENSE_IRQHandler
                0x00000230                USART3_TX_IRQHandler
                0x00000230                LETIMER1_IRQHandler
                0x00000230                ACMP2_IRQHandler
                0x00000230                BusFault_Handler
                0x00000230                USART2_TX_IRQHandler
                0x00000230                IDAC0_IRQHandler
 .text.SystemCoreClockGet
                0x00000234       0x40 ./CMSIS/EFM32GG11B/system_efm32gg11b.o
                0x00000234                SystemCoreClockGet
 .text.SystemMaxCoreClockGet
                0x00000274       0x14 ./CMSIS/EFM32GG11B/system_efm32gg11b.o
                0x00000274                SystemMaxCoreClockGet
 .text.SystemHFClockGet
                0x00000288       0x70 ./CMSIS/EFM32GG11B/system_efm32gg11b.o
                0x00000288                SystemHFClockGet
 .text.SystemHFXOClockGet
                0x000002f8       0x18 ./CMSIS/EFM32GG11B/system_efm32gg11b.o
                0x000002f8                SystemHFXOClockGet
 .text.SystemInit
                0x00000310       0x24 ./CMSIS/EFM32GG11B/system_efm32gg11b.o
                0x00000310                SystemInit
 .text.SystemLFRCOClockGet
                0x00000334       0x12 ./CMSIS/EFM32GG11B/system_efm32gg11b.o
                0x00000334                SystemLFRCOClockGet
 .text.SystemULFRCOClockGet
                0x00000346       0x12 ./CMSIS/EFM32GG11B/system_efm32gg11b.o
                0x00000346                SystemULFRCOClockGet
 .text.SystemLFXOClockGet
                0x00000358       0x18 ./CMSIS/EFM32GG11B/system_efm32gg11b.o
                0x00000358                SystemLFXOClockGet
 .text.DMADRV_AllocateChannel
                0x00000370       0xa4 ./Drivers/dmadrv.o
                0x00000370                DMADRV_AllocateChannel
 .text.DMADRV_Init
                0x00000414       0x7c ./Drivers/dmadrv.o
                0x00000414                DMADRV_Init
 .text.DMADRV_MemoryPeripheral
                0x00000490       0x46 ./Drivers/dmadrv.o
                0x00000490                DMADRV_MemoryPeripheral
 .text.DMADRV_PeripheralMemory
                0x000004d6       0x46 ./Drivers/dmadrv.o
                0x000004d6                DMADRV_PeripheralMemory
 .text.DMADRV_PauseTransfer
                0x0000051c       0x68 ./Drivers/dmadrv.o
                0x0000051c                DMADRV_PauseTransfer
 .text.DMADRV_ResumeTransfer
                0x00000584       0x68 ./Drivers/dmadrv.o
                0x00000584                DMADRV_ResumeTransfer
 .text.DMADRV_TransferActive
                0x000005ec       0x8c ./Drivers/dmadrv.o
                0x000005ec                DMADRV_TransferActive
 .text.LDMA_IRQHandler
                0x00000678       0xdc ./Drivers/dmadrv.o
                0x00000678                LDMA_IRQHandler
 .text.StartTransfer
                0x00000754      0x214 ./Drivers/dmadrv.o
 .text.NVIC_EnableIRQ
                0x00000968       0x34 ./Drivers/gpiointerrupt.o
 .text.NVIC_ClearPendingIRQ
                0x0000099c       0x34 ./Drivers/gpiointerrupt.o
 .text.GPIO_IntClear
                0x000009d0       0x20 ./Drivers/gpiointerrupt.o
 .text.GPIO_IntGetEnabled
                0x000009f0       0x28 ./Drivers/gpiointerrupt.o
 .text.SL_CTZ   0x00000a18       0x26 ./Drivers/gpiointerrupt.o
 .text.GPIOINT_Init
                0x00000a3e       0x20 ./Drivers/gpiointerrupt.o
                0x00000a3e                GPIOINT_Init
 *fill*         0x00000a5e        0x2 
 .text.GPIOINT_CallbackRegister
                0x00000a60       0x30 ./Drivers/gpiointerrupt.o
                0x00000a60                GPIOINT_CallbackRegister
 .text.GPIOINT_IRQDispatcher
                0x00000a90       0x50 ./Drivers/gpiointerrupt.o
 .text.GPIO_EVEN_IRQHandler
                0x00000ae0       0x28 ./Drivers/gpiointerrupt.o
                0x00000ae0                GPIO_EVEN_IRQHandler
 .text.GPIO_ODD_IRQHandler
                0x00000b08       0x28 ./Drivers/gpiointerrupt.o
                0x00000b08                GPIO_ODD_IRQHandler
 .text.NVIC_EnableIRQ
                0x00000b30       0x34 ./Drivers/rtcdriver.o
 .text.NVIC_ClearPendingIRQ
                0x00000b64       0x34 ./Drivers/rtcdriver.o
 .text.CMU_DivToLog2
                0x00000b98       0x30 ./Drivers/rtcdriver.o
 .text.RTCC_ChannelCCVGet
                0x00000bc8       0x28 ./Drivers/rtcdriver.o
 .text.RTCC_ChannelCCVSet
                0x00000bf0       0x2c ./Drivers/rtcdriver.o
 .text.RTCC_CounterGet
                0x00000c1c       0x18 ./Drivers/rtcdriver.o
 .text.RTCC_IntClear
                0x00000c34       0x20 ./Drivers/rtcdriver.o
 .text.RTCC_IntDisable
                0x00000c54       0x28 ./Drivers/rtcdriver.o
 .text.RTCC_IntEnable
                0x00000c7c       0x24 ./Drivers/rtcdriver.o
 .text.RTCC_IntGetEnabled
                0x00000ca0       0x24 ./Drivers/rtcdriver.o
 .text.RTCDRV_AllocateTimer
                0x00000cc4       0x8c ./Drivers/rtcdriver.o
                0x00000cc4                RTCDRV_AllocateTimer
 .text.RTCDRV_Init
                0x00000d50       0xbc ./Drivers/rtcdriver.o
                0x00000d50                RTCDRV_Init
 .text.RTCDRV_StartTimer
                0x00000e0c      0x310 ./Drivers/rtcdriver.o
                0x00000e0c                RTCDRV_StartTimer
 .text.RTCDRV_StopTimer
                0x0000111c       0x70 ./Drivers/rtcdriver.o
                0x0000111c                RTCDRV_StopTimer
 .text.RTCC_IRQHandler
                0x0000118c       0xa4 ./Drivers/rtcdriver.o
                0x0000118c                RTCC_IRQHandler
 .text.checkAllTimers
                0x00001230      0x2d0 ./Drivers/rtcdriver.o
 .text.executeTimerCallbacks
                0x00001500       0x64 ./Drivers/rtcdriver.o
 .text.rescheduleRtc
                0x00001564       0xec ./Drivers/rtcdriver.o
 .text.SPIDRV_Init
                0x00001650      0x33c ./Drivers/spidrv.o
                0x00001650                SPIDRV_Init
 .text.SPIDRV_MTransferB
                0x0000198c       0x68 ./Drivers/spidrv.o
                0x0000198c                SPIDRV_MTransferB
 .text.SPIDRV_MTransmitB
                0x000019f4       0x54 ./Drivers/spidrv.o
                0x000019f4                SPIDRV_MTransmitB
 .text.BlockingComplete
                0x00001a48       0x26 ./Drivers/spidrv.o
 *fill*         0x00001a6e        0x2 
 .text.ConfigGPIO
                0x00001a70     0x1034 ./Drivers/spidrv.o
 .text.RxDMAComplete
                0x00002aa4       0x62 ./Drivers/spidrv.o
 *fill*         0x00002b06        0x2 
 .text.StartTransferDMA
                0x00002b08       0xbc ./Drivers/spidrv.o
 .text.StartTransmitDMA
                0x00002bc4       0xc0 ./Drivers/spidrv.o
 .text.TransferApiBlockingPrologue
                0x00002c84       0x70 ./Drivers/spidrv.o
 .text.WaitForTransferCompletion
                0x00002cf4       0x4a ./Drivers/spidrv.o
 .text.USART_IntClear
                0x00002d3e       0x1c ./Drivers/uartdrv.o
 .text.BUS_RegBitRead
                0x00002d5a       0x2a ./Drivers/uartdrv.o
 .text.BUS_RegMaskedSet
                0x00002d84       0x24 ./Drivers/uartdrv.o
 .text.BUS_RegMaskedClear
                0x00002da8       0x24 ./Drivers/uartdrv.o
 .text.GPIO_PinInGet
                0x00002dcc       0x66 ./Drivers/uartdrv.o
 .text.GPIO_PinOutClear
                0x00002e32       0x6c ./Drivers/uartdrv.o
 .text.GPIO_PinOutSet
                0x00002e9e       0x6c ./Drivers/uartdrv.o
 .text.GPIO_IntConfig
                0x00002f0a       0x36 ./Drivers/uartdrv.o
 .text.EMU_EnterEM1
                0x00002f40       0x20 ./Drivers/uartdrv.o
 .text.HwFcCtsIrqGetDrvHandle
                0x00002f60       0x48 ./Drivers/uartdrv.o
 .text.HwFcGetClearToSendPin
                0x00002fa8       0x32 ./Drivers/uartdrv.o
 .text.HwFcManageClearToSend
                0x00002fda       0xa0 ./Drivers/uartdrv.o
 .text.FcApplyState
                0x0000307a       0xcc ./Drivers/uartdrv.o
 *fill*         0x00003146        0x2 
 .text.EnqueueBuffer
                0x00003148       0xa8 ./Drivers/uartdrv.o
 .text.DequeueBuffer
                0x000031f0       0x84 ./Drivers/uartdrv.o
 .text.GetTailBuffer
                0x00003274       0x58 ./Drivers/uartdrv.o
 .text.EnableTransmitter
                0x000032cc       0x8a ./Drivers/uartdrv.o
 .text.DisableTransmitter
                0x00003356       0x6a ./Drivers/uartdrv.o
 .text.EnableReceiver
                0x000033c0       0x8a ./Drivers/uartdrv.o
 .text.DisableReceiver
                0x0000344a       0x6a ./Drivers/uartdrv.o
 .text.StartReceiveDma
                0x000034b4       0x7c ./Drivers/uartdrv.o
 .text.StartTransmitDma
                0x00003530       0x80 ./Drivers/uartdrv.o
 .text.ReceiveDmaComplete
                0x000035b0      0x198 ./Drivers/uartdrv.o
 .text.TransmitDmaComplete
                0x00003748       0xb0 ./Drivers/uartdrv.o
 .text.CheckParams
                0x000037f8       0x44 ./Drivers/uartdrv.o
 .text.SetupGpioUart
                0x0000383c      0xa94 ./Drivers/uartdrv.o
 .text.ConfigGpio
                0x000042d0      0x14e ./Drivers/uartdrv.o
 *fill*         0x0000441e        0x2 
 .text.SetHandleIndex
                0x00004420       0xa4 ./Drivers/uartdrv.o
 .text.InitializeQueues
                0x000044c4       0x6c ./Drivers/uartdrv.o
 .text.InitializeGpioFlowControl
                0x00004530       0x3c ./Drivers/uartdrv.o
 .text.InitializeDma
                0x0000456c       0x48 ./Drivers/uartdrv.o
 .text.UARTDRV_InitUart
                0x000045b4      0x350 ./Drivers/uartdrv.o
                0x000045b4                UARTDRV_InitUart
 .text.UARTDRV_ForceTransmit
                0x00004904      0x120 ./Drivers/uartdrv.o
                0x00004904                UARTDRV_ForceTransmit
 .text.UARTDRV_PauseTransmit
                0x00004a24       0x54 ./Drivers/uartdrv.o
                0x00004a24                UARTDRV_PauseTransmit
 .text.UARTDRV_Receive
                0x00004a78       0x9c ./Drivers/uartdrv.o
                0x00004a78                UARTDRV_Receive
 .text.UARTDRV_ReceiveB
                0x00004b14       0xac ./Drivers/uartdrv.o
                0x00004b14                UARTDRV_ReceiveB
 .text.UARTDRV_ResumeTransmit
                0x00004bc0       0x68 ./Drivers/uartdrv.o
                0x00004bc0                UARTDRV_ResumeTransmit
 .text.UARTDRV_Transmit
                0x00004c28       0xa0 ./Drivers/uartdrv.o
                0x00004c28                UARTDRV_Transmit
 .text.TIMER_IntClear
                0x00004cc8       0x1c ./Drivers/ustimer.o
 .text.TIMER_IntGet
                0x00004ce4       0x18 ./Drivers/ustimer.o
 .text.TIMER0_IRQHandler
                0x00004cfc       0x38 ./Drivers/ustimer.o
                0x00004cfc                TIMER0_IRQHandler
 .text.BUS_RegBitWrite
                0x00004d34       0x2e ./emlib/em_cmu.o
 .text.BUS_RegBitRead
                0x00004d62       0x2a ./emlib/em_cmu.o
 .text.BUS_RegMaskedSet
                0x00004d8c       0x24 ./emlib/em_cmu.o
 .text.BUS_RegMaskedClear
                0x00004db0       0x24 ./emlib/em_cmu.o
 .text.CMU_Log2ToDiv
                0x00004dd4       0x1c ./emlib/em_cmu.o
 .text.CMU_PrescToLog2
                0x00004df0       0x26 ./emlib/em_cmu.o
 *fill*         0x00004e16        0x2 
 .text.EMU_VScaleWait
                0x00004e18       0x1c ./emlib/em_cmu.o
 .text.EMU_VScaleGet
                0x00004e34       0x1c ./emlib/em_cmu.o
 .text.setHfLeConfig
                0x00004e50       0x64 ./emlib/em_cmu.o
 .text.auxClkGet
                0x00004eb4       0x20 ./emlib/em_cmu.o
 .text.hfSrcClkGet
                0x00004ed4       0x2c ./emlib/em_cmu.o
 .text.dbgClkGet
                0x00004f00       0x40 ./emlib/em_cmu.o
 .text.adcAsyncClkGet
                0x00004f40       0x98 ./emlib/em_cmu.o
 .text.sdioRefClkGet
                0x00004fd8       0x78 ./emlib/em_cmu.o
 .text.qspiRefClkGet
                0x00005050       0x84 ./emlib/em_cmu.o
 .text.usbRateClkGet
                0x000050d4       0x98 ./emlib/em_cmu.o
 .text.flashWaitStateControl
                0x0000516c       0x90 ./emlib/em_cmu.o
 .text.flashWaitStateMax
                0x000051fc       0x44 ./emlib/em_cmu.o
 .text.setRamWaitState
                0x00005240       0x4c ./emlib/em_cmu.o
 .text.setBusWaitState
                0x0000528c       0x40 ./emlib/em_cmu.o
 .text.CMU_UpdateWaitStates
                0x000052cc       0x52 ./emlib/em_cmu.o
                0x000052cc                CMU_UpdateWaitStates
 *fill*         0x0000531e        0x2 
 .text.getHfxoTuningMode
                0x00005320       0x1c ./emlib/em_cmu.o
 .text.setHfxoTuningMode
                0x0000533c       0x2c ./emlib/em_cmu.o
 .text.lfClkGet
                0x00005368      0x120 ./emlib/em_cmu.o
 .text.syncReg  0x00005488       0x38 ./emlib/em_cmu.o
 .text.hfperClkSafePrescaler
                0x000054c0       0x2c ./emlib/em_cmu.o
 .text.hfperClkOptimizedPrescaler
                0x000054ec       0xc8 ./emlib/em_cmu.o
 .text.CMU_ClockEnable
                0x000055b4      0x150 ./emlib/em_cmu.o
                0x000055b4                CMU_ClockEnable
 .text.CMU_ClockFreqGet
                0x00005704      0x368 ./emlib/em_cmu.o
                0x00005704                CMU_ClockFreqGet
 .text.CMU_ClockPrescSet
                0x00005a6c      0x398 ./emlib/em_cmu.o
                0x00005a6c                CMU_ClockPrescSet
 .text.CMU_ClockSelectGet
                0x00005e04      0x2fc ./emlib/em_cmu.o
                0x00005e04                CMU_ClockSelectGet
 .text.CMU_ClockSelectSet
                0x00006100      0x554 ./emlib/em_cmu.o
                0x00006100                CMU_ClockSelectSet
 .text.CMU_HFRCOBandGet
                0x00006654       0x18 ./emlib/em_cmu.o
                0x00006654                CMU_HFRCOBandGet
 .text.CMU_OscillatorEnable
                0x0000666c      0x18c ./emlib/em_cmu.o
                0x0000666c                CMU_OscillatorEnable
 .text.CMU_OscillatorTuningGet
                0x000067f8       0x74 ./emlib/em_cmu.o
                0x000067f8                CMU_OscillatorTuningGet
 .text.CMU_OscillatorTuningSet
                0x0000686c       0xf0 ./emlib/em_cmu.o
                0x0000686c                CMU_OscillatorTuningSet
 .text.CMU_OscillatorTuningWait
                0x0000695c       0x5c ./emlib/em_cmu.o
                0x0000695c                CMU_OscillatorTuningWait
 .text.NVIC_GetPriority
                0x000069b8       0x50 ./emlib/em_core.o
 .text.CORE_EnterAtomic
                0x00006a08       0x20 ./emlib/em_core.o
                0x00006a08                CORE_EnterAtomic
 .text.CORE_ExitAtomic
                0x00006a28       0x1c ./emlib/em_core.o
                0x00006a28                CORE_ExitAtomic
 .text.CORE_IrqIsBlocked
                0x00006a44       0xa8 ./emlib/em_core.o
                0x00006a44                CORE_IrqIsBlocked
 .text.CORE_NvicIRQDisabled
                0x00006aec       0x54 ./emlib/em_core.o
                0x00006aec                CORE_NvicIRQDisabled
 .text.BUS_RegBitRead
                0x00006b40       0x2a ./emlib/em_emu.o
 *fill*         0x00006b6a        0x2 
 .text.EMU_VScaleWait
                0x00006b6c       0x1c ./emlib/em_emu.o
 .text.EMU_VScaleGet
                0x00006b88       0x1c ./emlib/em_emu.o
 .text.vScaleEM01Cmd
                0x00006ba4       0x22 ./emlib/em_emu.o
 *fill*         0x00006bc6        0x2 
 .text.EMU_VScaleEM01ByClock
                0x00006bc8       0x70 ./emlib/em_emu.o
                0x00006bc8                EMU_VScaleEM01ByClock
 .text.EMU_VScaleEM01
                0x00006c38       0x88 ./emlib/em_emu.o
                0x00006c38                EMU_VScaleEM01
 .text.BUS_RegBitWrite
                0x00006cc0       0x2e ./emlib/em_gpio.o
 .text.BUS_RegMaskedSet
                0x00006cee       0x24 ./emlib/em_gpio.o
 .text.BUS_RegMaskedClear
                0x00006d12       0x24 ./emlib/em_gpio.o
 .text.BUS_RegMaskedWrite
                0x00006d36       0x24 ./emlib/em_gpio.o
 .text.GPIO_PinOutClear
                0x00006d5a       0x6c ./emlib/em_gpio.o
 .text.GPIO_PinOutSet
                0x00006dc6       0x6c ./emlib/em_gpio.o
 *fill*         0x00006e32        0x2 
 .text.GPIO_ExtIntConfig
                0x00006e34      0x138 ./emlib/em_gpio.o
                0x00006e34                GPIO_ExtIntConfig
 .text.GPIO_PinModeSet
                0x00006f6c      0x12c ./emlib/em_gpio.o
                0x00006f6c                GPIO_PinModeSet
 .text.NVIC_EnableIRQ
                0x00007098       0x34 ./emlib/em_ldma.o
 .text.NVIC_ClearPendingIRQ
                0x000070cc       0x34 ./emlib/em_ldma.o
 .text.NVIC_SetPriority
                0x00007100       0x54 ./emlib/em_ldma.o
 .text.BUS_RegBitWrite
                0x00007154       0x2e ./emlib/em_ldma.o
 .text.BUS_RegMaskedClear
                0x00007182       0x24 ./emlib/em_ldma.o
 *fill*         0x000071a6        0x2 
 .text.LDMA_EnableChannelRequest
                0x000071a8       0x2c ./emlib/em_ldma.o
                0x000071a8                LDMA_EnableChannelRequest
 .text.LDMA_Init
                0x000071d4       0x74 ./emlib/em_ldma.o
                0x000071d4                LDMA_Init
 .text.LDMA_StartTransfer
                0x00007248      0x154 ./emlib/em_ldma.o
                0x00007248                LDMA_StartTransfer
 .text.LEUART_Sync
                0x0000739c       0x32 ./emlib/em_leuart.o
 .text.LEUART_Tx
                0x000073ce       0x30 ./emlib/em_leuart.o
                0x000073ce                LEUART_Tx
 *fill*         0x000073fe        0x2 
 .text.RTCC_ChannelInit
                0x00007400       0x5c ./emlib/em_rtcc.o
                0x00007400                RTCC_ChannelInit
 .text.RTCC_Init
                0x0000745c       0xa0 ./emlib/em_rtcc.o
                0x0000745c                RTCC_Init
 .text.USART_BaudrateAsyncSet
                0x000074fc       0xb0 ./emlib/em_usart.o
                0x000074fc                USART_BaudrateAsyncSet
 .text.USART_BaudrateSyncSet
                0x000075ac       0x40 ./emlib/em_usart.o
                0x000075ac                USART_BaudrateSyncSet
 .text.USART_Enable
                0x000075ec       0x94 ./emlib/em_usart.o
                0x000075ec                USART_Enable
 .text.USART_InitAsync
                0x00007680      0x120 ./emlib/em_usart.o
                0x00007680                USART_InitAsync
 .text.USART_InitSync
                0x000077a0      0x11c ./emlib/em_usart.o
                0x000077a0                USART_InitSync
 .text.USART_Reset
                0x000078bc       0xf4 ./emlib/em_usart.o
                0x000078bc                USART_Reset
 .text.USART_Tx
                0x000079b0       0x2c ./emlib/em_usart.o
                0x000079b0                USART_Tx
 .text.GPIO_IntClear
                0x000079dc       0x20 ./src/main.o
 .text.GPIO_IntDisable
                0x000079fc       0x2c ./src/main.o
 .text.GPIO_IntEnable
                0x00007a28       0x28 ./src/main.o
 .text.CHIP_Init
                0x00007a50       0x64 ./src/main.o
 .text.MAX_Init
                0x00007ab4      0x21c ./src/main.o
                0x00007ab4                MAX_Init
 .text.SPI_Init
                0x00007cd0       0x38 ./src/main.o
                0x00007cd0                SPI_Init
 .text.UART_Init
                0x00007d08       0x38 ./src/main.o
                0x00007d08                UART_Init
 .text.callback_UARTTX
                0x00007d40       0x1a ./src/main.o
                0x00007d40                callback_UARTTX
 *fill*         0x00007d5a        0x2 
 .text.callback_UARTRX
                0x00007d5c       0xf0 ./src/main.o
                0x00007d5c                callback_UARTRX
 .text.callback_RTC
                0x00007e4c       0x94 ./src/main.o
                0x00007e4c                callback_RTC
 .text.GPIOINT_callback
                0x00007ee0       0x34 ./src/main.o
                0x00007ee0                GPIOINT_callback
 .text.setupGPIOInt
                0x00007f14       0x44 ./src/main.o
                0x00007f14                setupGPIOInt
 .text.main     0x00007f58      0x15c ./src/main.o
                0x00007f58                main
 .text.pollRTC  0x000080b4       0x70 ./src/main.o
                0x000080b4                pollRTC
 .text.pollTOF  0x00008124       0x40 ./src/main.o
                0x00008124                pollTOF
 .text.processRTC_ASCII
                0x00008164      0x144 ./src/main.o
                0x00008164                processRTC_ASCII
 .text.processTOF_ASCII
                0x000082a8       0xa0 ./src/main.o
                0x000082a8                processTOF_ASCII
 .text          0x00008348      0x378 c:/siliconlabs/simplicitystudio/v4/developer/toolchains/gnu_arm/7.2_2017q4/bin/../lib/gcc/arm-none-eabi/7.2.1/thumb/v7e-m/fpv4-sp/softfp\libgcc.a(_arm_addsubdf3.o)
                0x00008348                __aeabi_drsub
                0x00008350                __aeabi_dsub
                0x00008350                __subdf3
                0x00008354                __aeabi_dadd
                0x00008354                __adddf3
                0x000085cc                __floatunsidf
                0x000085cc                __aeabi_ui2d
                0x000085ec                __floatsidf
                0x000085ec                __aeabi_i2d
                0x00008610                __aeabi_f2d
                0x00008610                __extendsfdf2
                0x00008654                __floatundidf
                0x00008654                __aeabi_ul2d
                0x00008664                __floatdidf
                0x00008664                __aeabi_l2d
 .text          0x000086c0       0x30 c:/siliconlabs/simplicitystudio/v4/developer/toolchains/gnu_arm/7.2_2017q4/bin/../lib/gcc/arm-none-eabi/7.2.1/thumb/v7e-m/fpv4-sp/softfp\libgcc.a(_aeabi_uldivmod.o)
                0x000086c0                __aeabi_uldivmod
 .text          0x000086f0      0x2cc c:/siliconlabs/simplicitystudio/v4/developer/toolchains/gnu_arm/7.2_2017q4/bin/../lib/gcc/arm-none-eabi/7.2.1/thumb/v7e-m/fpv4-sp/softfp\libgcc.a(_udivmoddi4.o)
                0x000086f0                __udivmoddi4
 .text          0x000089bc        0x4 c:/siliconlabs/simplicitystudio/v4/developer/toolchains/gnu_arm/7.2_2017q4/bin/../lib/gcc/arm-none-eabi/7.2.1/thumb/v7e-m/fpv4-sp/softfp\libgcc.a(_dvmd_tls.o)
                0x000089bc                __aeabi_idiv0
                0x000089bc                __aeabi_ldiv0
 .text.gcvt     0x000089c0       0x48 c:/siliconlabs/simplicitystudio/v4/developer/toolchains/gnu_arm/7.2_2017q4/bin/../lib/gcc/arm-none-eabi/7.2.1/../../../../arm-none-eabi/lib/thumb/v7e-m/fpv4-sp/softfp\libc_nano.a(lib_a-efgcvt.o)
                0x000089c0                gcvt
 .text.exit     0x00008a08       0x28 c:/siliconlabs/simplicitystudio/v4/developer/toolchains/gnu_arm/7.2_2017q4/bin/../lib/gcc/arm-none-eabi/7.2.1/../../../../arm-none-eabi/lib/thumb/v7e-m/fpv4-sp/softfp\libc_nano.a(lib_a-exit.o)
                0x00008a08                exit
 .text.__libc_init_array
                0x00008a30       0x48 c:/siliconlabs/simplicitystudio/v4/developer/toolchains/gnu_arm/7.2_2017q4/bin/../lib/gcc/arm-none-eabi/7.2.1/../../../../arm-none-eabi/lib/thumb/v7e-m/fpv4-sp/softfp\libc_nano.a(lib_a-init.o)
                0x00008a30                __libc_init_array
 .text.memcpy   0x00008a78       0x16 c:/siliconlabs/simplicitystudio/v4/developer/toolchains/gnu_arm/7.2_2017q4/bin/../lib/gcc/arm-none-eabi/7.2.1/../../../../arm-none-eabi/lib/thumb/v7e-m/fpv4-sp/softfp\libc_nano.a(lib_a-memcpy-stub.o)
                0x00008a78                memcpy
 .text.memset   0x00008a8e       0x10 c:/siliconlabs/simplicitystudio/v4/developer/toolchains/gnu_arm/7.2_2017q4/bin/../lib/gcc/arm-none-eabi/7.2.1/../../../../arm-none-eabi/lib/thumb/v7e-m/fpv4-sp/softfp\libc_nano.a(lib_a-memset.o)
                0x00008a8e                memset
 *fill*         0x00008a9e        0x2 
 .text.sprintf  0x00008aa0       0x40 c:/siliconlabs/simplicitystudio/v4/developer/toolchains/gnu_arm/7.2_2017q4/bin/../lib/gcc/arm-none-eabi/7.2.1/../../../../arm-none-eabi/lib/thumb/v7e-m/fpv4-sp/softfp\libc_nano.a(lib_a-sprintf.o)
                0x00008aa0                siprintf
                0x00008aa0                sprintf
 .text          0x00008ae0       0x10 c:/siliconlabs/simplicitystudio/v4/developer/toolchains/gnu_arm/7.2_2017q4/bin/../lib/gcc/arm-none-eabi/7.2.1/../../../../arm-none-eabi/lib/thumb/v7e-m/fpv4-sp/softfp\libc_nano.a(lib_a-strlen.o)
                0x00008ae0                strlen
 .text.print_e  0x00008af0       0xea c:/siliconlabs/simplicitystudio/v4/developer/toolchains/gnu_arm/7.2_2017q4/bin/../lib/gcc/arm-none-eabi/7.2.1/../../../../arm-none-eabi/lib/thumb/v7e-m/fpv4-sp/softfp\libc_nano.a(lib_a-ecvtbuf.o)
 *fill*         0x00008bda        0x6 
 .text._gcvt    0x00008be0      0x194 c:/siliconlabs/simplicitystudio/v4/developer/toolchains/gnu_arm/7.2_2017q4/bin/../lib/gcc/arm-none-eabi/7.2.1/../../../../arm-none-eabi/lib/thumb/v7e-m/fpv4-sp/softfp\libc_nano.a(lib_a-ecvtbuf.o)
                0x00008be0                _gcvt
 .text._Balloc  0x00008d74       0x68 c:/siliconlabs/simplicitystudio/v4/developer/toolchains/gnu_arm/7.2_2017q4/bin/../lib/gcc/arm-none-eabi/7.2.1/../../../../arm-none-eabi/lib/thumb/v7e-m/fpv4-sp/softfp\libc_nano.a(lib_a-mprec.o)
                0x00008d74                _Balloc
 .text._Bfree   0x00008ddc       0x2e c:/siliconlabs/simplicitystudio/v4/developer/toolchains/gnu_arm/7.2_2017q4/bin/../lib/gcc/arm-none-eabi/7.2.1/../../../../arm-none-eabi/lib/thumb/v7e-m/fpv4-sp/softfp\libc_nano.a(lib_a-mprec.o)
                0x00008ddc                _Bfree
 .text.__multadd
                0x00008e0a       0x76 c:/siliconlabs/simplicitystudio/v4/developer/toolchains/gnu_arm/7.2_2017q4/bin/../lib/gcc/arm-none-eabi/7.2.1/../../../../arm-none-eabi/lib/thumb/v7e-m/fpv4-sp/softfp\libc_nano.a(lib_a-mprec.o)
                0x00008e0a                __multadd
 .text.__hi0bits
                0x00008e80       0x3e c:/siliconlabs/simplicitystudio/v4/developer/toolchains/gnu_arm/7.2_2017q4/bin/../lib/gcc/arm-none-eabi/7.2.1/../../../../arm-none-eabi/lib/thumb/v7e-m/fpv4-sp/softfp\libc_nano.a(lib_a-mprec.o)
                0x00008e80                __hi0bits
 .text.__lo0bits
                0x00008ebe       0x5e c:/siliconlabs/simplicitystudio/v4/developer/toolchains/gnu_arm/7.2_2017q4/bin/../lib/gcc/arm-none-eabi/7.2.1/../../../../arm-none-eabi/lib/thumb/v7e-m/fpv4-sp/softfp\libc_nano.a(lib_a-mprec.o)
                0x00008ebe                __lo0bits
 .text.__i2b    0x00008f1c       0x12 c:/siliconlabs/simplicitystudio/v4/developer/toolchains/gnu_arm/7.2_2017q4/bin/../lib/gcc/arm-none-eabi/7.2.1/../../../../arm-none-eabi/lib/thumb/v7e-m/fpv4-sp/softfp\libc_nano.a(lib_a-mprec.o)
                0x00008f1c                __i2b
 .text.__multiply
                0x00008f2e      0x12c c:/siliconlabs/simplicitystudio/v4/developer/toolchains/gnu_arm/7.2_2017q4/bin/../lib/gcc/arm-none-eabi/7.2.1/../../../../arm-none-eabi/lib/thumb/v7e-m/fpv4-sp/softfp\libc_nano.a(lib_a-mprec.o)
                0x00008f2e                __multiply
 *fill*         0x0000905a        0x2 
 .text.__pow5mult
                0x0000905c       0x9c c:/siliconlabs/simplicitystudio/v4/developer/toolchains/gnu_arm/7.2_2017q4/bin/../lib/gcc/arm-none-eabi/7.2.1/../../../../arm-none-eabi/lib/thumb/v7e-m/fpv4-sp/softfp\libc_nano.a(lib_a-mprec.o)
                0x0000905c                __pow5mult
 .text.__lshift
                0x000090f8       0xa8 c:/siliconlabs/simplicitystudio/v4/developer/toolchains/gnu_arm/7.2_2017q4/bin/../lib/gcc/arm-none-eabi/7.2.1/../../../../arm-none-eabi/lib/thumb/v7e-m/fpv4-sp/softfp\libc_nano.a(lib_a-mprec.o)
                0x000090f8                __lshift
 .text.__mcmp   0x000091a0       0x34 c:/siliconlabs/simplicitystudio/v4/developer/toolchains/gnu_arm/7.2_2017q4/bin/../lib/gcc/arm-none-eabi/7.2.1/../../../../arm-none-eabi/lib/thumb/v7e-m/fpv4-sp/softfp\libc_nano.a(lib_a-mprec.o)
                0x000091a0                __mcmp
 .text.__mdiff  0x000091d4       0xba c:/siliconlabs/simplicitystudio/v4/developer/toolchains/gnu_arm/7.2_2017q4/bin/../lib/gcc/arm-none-eabi/7.2.1/../../../../arm-none-eabi/lib/thumb/v7e-m/fpv4-sp/softfp\libc_nano.a(lib_a-mprec.o)
                0x000091d4                __mdiff
 .text.__d2b    0x0000928e       0x9e c:/siliconlabs/simplicitystudio/v4/developer/toolchains/gnu_arm/7.2_2017q4/bin/../lib/gcc/arm-none-eabi/7.2.1/../../../../arm-none-eabi/lib/thumb/v7e-m/fpv4-sp/softfp\libc_nano.a(lib_a-mprec.o)
                0x0000928e                __d2b
 .text._mprec_log10
                0x0000932c       0x38 c:/siliconlabs/simplicitystudio/v4/developer/toolchains/gnu_arm/7.2_2017q4/bin/../lib/gcc/arm-none-eabi/7.2.1/../../../../arm-none-eabi/lib/thumb/v7e-m/fpv4-sp/softfp\libc_nano.a(lib_a-mprec.o)
                0x0000932c                _mprec_log10
 .text._calloc_r
                0x00009364       0x1c c:/siliconlabs/simplicitystudio/v4/developer/toolchains/gnu_arm/7.2_2017q4/bin/../lib/gcc/arm-none-eabi/7.2.1/../../../../arm-none-eabi/lib/thumb/v7e-m/fpv4-sp/softfp\libc_nano.a(lib_a-nano-callocr.o)
                0x00009364                _calloc_r
 .text._malloc_r
                0x00009380       0xb4 c:/siliconlabs/simplicitystudio/v4/developer/toolchains/gnu_arm/7.2_2017q4/bin/../lib/gcc/arm-none-eabi/7.2.1/../../../../arm-none-eabi/lib/thumb/v7e-m/fpv4-sp/softfp\libc_nano.a(lib_a-nano-mallocr.o)
                0x00009380                _malloc_r
 .text._realloc_r
                0x00009434       0x4c c:/siliconlabs/simplicitystudio/v4/developer/toolchains/gnu_arm/7.2_2017q4/bin/../lib/gcc/arm-none-eabi/7.2.1/../../../../arm-none-eabi/lib/thumb/v7e-m/fpv4-sp/softfp\libc_nano.a(lib_a-nano-reallocr.o)
                0x00009434                _realloc_r
 .text.__ssputs_r
                0x00009480       0xb4 c:/siliconlabs/simplicitystudio/v4/developer/toolchains/gnu_arm/7.2_2017q4/bin/../lib/gcc/arm-none-eabi/7.2.1/../../../../arm-none-eabi/lib/thumb/v7e-m/fpv4-sp/softfp\libc_nano.a(lib_a-nano-svfprintf.o)
                0x00009480                __ssputs_r
 .text._svfprintf_r
                0x00009534      0x1ec c:/siliconlabs/simplicitystudio/v4/developer/toolchains/gnu_arm/7.2_2017q4/bin/../lib/gcc/arm-none-eabi/7.2.1/../../../../arm-none-eabi/lib/thumb/v7e-m/fpv4-sp/softfp\libc_nano.a(lib_a-nano-svfprintf.o)
                0x00009534                _svfiprintf_r
                0x00009534                _svfprintf_r
 .text._printf_common
                0x00009720       0xea c:/siliconlabs/simplicitystudio/v4/developer/toolchains/gnu_arm/7.2_2017q4/bin/../lib/gcc/arm-none-eabi/7.2.1/../../../../arm-none-eabi/lib/thumb/v7e-m/fpv4-sp/softfp\libc_nano.a(lib_a-nano-vfprintf_i.o)
                0x00009720                _printf_common
 *fill*         0x0000980a        0x2 
 .text._printf_i
                0x0000980c      0x224 c:/siliconlabs/simplicitystudio/v4/developer/toolchains/gnu_arm/7.2_2017q4/bin/../lib/gcc/arm-none-eabi/7.2.1/../../../../arm-none-eabi/lib/thumb/v7e-m/fpv4-sp/softfp\libc_nano.a(lib_a-nano-vfprintf_i.o)
                0x0000980c                _printf_i
 .text._sbrk_r  0x00009a30       0x20 c:/siliconlabs/simplicitystudio/v4/developer/toolchains/gnu_arm/7.2_2017q4/bin/../lib/gcc/arm-none-eabi/7.2.1/../../../../arm-none-eabi/lib/thumb/v7e-m/fpv4-sp/softfp\libc_nano.a(lib_a-sbrkr.o)
                0x00009a30                _sbrk_r
 .text.strcpy   0x00009a50       0x10 c:/siliconlabs/simplicitystudio/v4/developer/toolchains/gnu_arm/7.2_2017q4/bin/../lib/gcc/arm-none-eabi/7.2.1/../../../../arm-none-eabi/lib/thumb/v7e-m/fpv4-sp/softfp\libc_nano.a(lib_a-strcpy.o)
                0x00009a50                strcpy
 .text.quorem   0x00009a60      0x118 c:/siliconlabs/simplicitystudio/v4/developer/toolchains/gnu_arm/7.2_2017q4/bin/../lib/gcc/arm-none-eabi/7.2.1/../../../../arm-none-eabi/lib/thumb/v7e-m/fpv4-sp/softfp\libc_nano.a(lib_a-dtoa.o)
 .text._dtoa_r  0x00009b78      0xb7c c:/siliconlabs/simplicitystudio/v4/developer/toolchains/gnu_arm/7.2_2017q4/bin/../lib/gcc/arm-none-eabi/7.2.1/../../../../arm-none-eabi/lib/thumb/v7e-m/fpv4-sp/softfp\libc_nano.a(lib_a-dtoa.o)
                0x00009b78                _dtoa_r
 .text.malloc   0x0000a6f4       0x10 c:/siliconlabs/simplicitystudio/v4/developer/toolchains/gnu_arm/7.2_2017q4/bin/../lib/gcc/arm-none-eabi/7.2.1/../../../../arm-none-eabi/lib/thumb/v7e-m/fpv4-sp/softfp\libc_nano.a(lib_a-malloc.o)
                0x0000a6f4                malloc
 *fill*         0x0000a704        0xc 
 .text          0x0000a710       0xa0 c:/siliconlabs/simplicitystudio/v4/developer/toolchains/gnu_arm/7.2_2017q4/bin/../lib/gcc/arm-none-eabi/7.2.1/../../../../arm-none-eabi/lib/thumb/v7e-m/fpv4-sp/softfp\libc_nano.a(lib_a-memchr.o)
                0x0000a710                memchr
 .text.memmove  0x0000a7b0       0x32 c:/siliconlabs/simplicitystudio/v4/developer/toolchains/gnu_arm/7.2_2017q4/bin/../lib/gcc/arm-none-eabi/7.2.1/../../../../arm-none-eabi/lib/thumb/v7e-m/fpv4-sp/softfp\libc_nano.a(lib_a-memmove.o)
                0x0000a7b0                memmove
 .text.__malloc_lock
                0x0000a7e2        0x2 c:/siliconlabs/simplicitystudio/v4/developer/toolchains/gnu_arm/7.2_2017q4/bin/../lib/gcc/arm-none-eabi/7.2.1/../../../../arm-none-eabi/lib/thumb/v7e-m/fpv4-sp/softfp\libc_nano.a(lib_a-mlock.o)
                0x0000a7e2                __malloc_lock
 .text.__malloc_unlock
                0x0000a7e4        0x2 c:/siliconlabs/simplicitystudio/v4/developer/toolchains/gnu_arm/7.2_2017q4/bin/../lib/gcc/arm-none-eabi/7.2.1/../../../../arm-none-eabi/lib/thumb/v7e-m/fpv4-sp/softfp\libc_nano.a(lib_a-mlock.o)
                0x0000a7e4                __malloc_unlock
 *fill*         0x0000a7e6        0x2 
 .text._free_r  0x0000a7e8       0x9c c:/siliconlabs/simplicitystudio/v4/developer/toolchains/gnu_arm/7.2_2017q4/bin/../lib/gcc/arm-none-eabi/7.2.1/../../../../arm-none-eabi/lib/thumb/v7e-m/fpv4-sp/softfp\libc_nano.a(lib_a-nano-freer.o)
                0x0000a7e8                _free_r
 .text._malloc_usable_size_r
                0x0000a884       0x10 c:/siliconlabs/simplicitystudio/v4/developer/toolchains/gnu_arm/7.2_2017q4/bin/../lib/gcc/arm-none-eabi/7.2.1/../../../../arm-none-eabi/lib/thumb/v7e-m/fpv4-sp/softfp\libc_nano.a(lib_a-nano-msizer.o)
                0x0000a884                _malloc_usable_size_r
 .text._sbrk    0x0000a894       0x1c c:/siliconlabs/simplicitystudio/v4/developer/toolchains/gnu_arm/7.2_2017q4/bin/../lib/gcc/arm-none-eabi/7.2.1/../../../../arm-none-eabi/lib/thumb/v7e-m/fpv4-sp/softfp\libnosys.a(sbrk.o)
                0x0000a894                _sbrk
 .text._exit    0x0000a8b0        0x4 c:/siliconlabs/simplicitystudio/v4/developer/toolchains/gnu_arm/7.2_2017q4/bin/../lib/gcc/arm-none-eabi/7.2.1/../../../../arm-none-eabi/lib/thumb/v7e-m/fpv4-sp/softfp\libnosys.a(_exit.o)
                0x0000a8b0                _exit
 .text          0x0000a8b4      0x424 c:/siliconlabs/simplicitystudio/v4/developer/toolchains/gnu_arm/7.2_2017q4/bin/../lib/gcc/arm-none-eabi/7.2.1/thumb/v7e-m/fpv4-sp/softfp\libgcc.a(_arm_muldivdf3.o)
                0x0000a8b4                __aeabi_dmul
                0x0000a8b4                __muldf3
                0x0000ab08                __divdf3
                0x0000ab08                __aeabi_ddiv
 .text          0x0000acd8      0x110 c:/siliconlabs/simplicitystudio/v4/developer/toolchains/gnu_arm/7.2_2017q4/bin/../lib/gcc/arm-none-eabi/7.2.1/thumb/v7e-m/fpv4-sp/softfp\libgcc.a(_arm_cmpdf2.o)
                0x0000acd8                __gtdf2
                0x0000acd8                __gedf2
                0x0000ace0                __ltdf2
                0x0000ace0                __ledf2
                0x0000ace8                __nedf2
                0x0000ace8                __eqdf2
                0x0000ace8                __cmpdf2
                0x0000ad64                __aeabi_cdrcmple
                0x0000ad74                __aeabi_cdcmpeq
                0x0000ad74                __aeabi_cdcmple
                0x0000ad84                __aeabi_dcmpeq
                0x0000ad98                __aeabi_dcmplt
                0x0000adac                __aeabi_dcmple
                0x0000adc0                __aeabi_dcmpge
                0x0000add4                __aeabi_dcmpgt
 .text          0x0000ade8       0x50 c:/siliconlabs/simplicitystudio/v4/developer/toolchains/gnu_arm/7.2_2017q4/bin/../lib/gcc/arm-none-eabi/7.2.1/thumb/v7e-m/fpv4-sp/softfp\libgcc.a(_arm_fixdfsi.o)
                0x0000ade8                __aeabi_d2iz
                0x0000ade8                __fixdfsi
 *(.init)
 .init          0x0000ae38        0x4 c:/siliconlabs/simplicitystudio/v4/developer/toolchains/gnu_arm/7.2_2017q4/bin/../lib/gcc/arm-none-eabi/7.2.1/thumb/v7e-m/fpv4-sp/softfp/crti.o
                0x0000ae38                _init
 .init          0x0000ae3c        0x8 c:/siliconlabs/simplicitystudio/v4/developer/toolchains/gnu_arm/7.2_2017q4/bin/../lib/gcc/arm-none-eabi/7.2.1/thumb/v7e-m/fpv4-sp/softfp/crtn.o
 *(.fini)
 .fini          0x0000ae44        0x4 c:/siliconlabs/simplicitystudio/v4/developer/toolchains/gnu_arm/7.2_2017q4/bin/../lib/gcc/arm-none-eabi/7.2.1/thumb/v7e-m/fpv4-sp/softfp/crti.o
                0x0000ae44                _fini
 .fini          0x0000ae48        0x8 c:/siliconlabs/simplicitystudio/v4/developer/toolchains/gnu_arm/7.2_2017q4/bin/../lib/gcc/arm-none-eabi/7.2.1/thumb/v7e-m/fpv4-sp/softfp/crtn.o
 *crtbegin.o(.ctors)
 *crtbegin?.o(.ctors)
 *(EXCLUDE_FILE(*crtend.o *crtend?.o) .ctors)
 *(SORT_BY_NAME(.ctors.*))
 *(.ctors)
 *crtbegin.o(.dtors)
 *crtbegin?.o(.dtors)
 *(EXCLUDE_FILE(*crtend.o *crtend?.o) .dtors)
 *(SORT_BY_NAME(.dtors.*))
 *(.dtors)
 *(.rodata*)
 .rodata        0x0000ae50        0x4 ./Drivers/dmadrv.o
 .rodata        0x0000ae54       0x18 ./Drivers/spidrv.o
 .rodata        0x0000ae6c       0x2c ./Drivers/uartdrv.o
 .rodata.flashWsTable
                0x0000ae98       0x38 ./emlib/em_cmu.o
 .rodata        0x0000aed0       0x6b ./src/main.o
 *fill*         0x0000af3b        0x1 
 .rodata._global_impure_ptr
                0x0000af3c        0x4 c:/siliconlabs/simplicitystudio/v4/developer/toolchains/gnu_arm/7.2_2017q4/bin/../lib/gcc/arm-none-eabi/7.2.1/../../../../arm-none-eabi/lib/thumb/v7e-m/fpv4-sp/softfp\libc_nano.a(lib_a-impure.o)
                0x0000af3c                _global_impure_ptr
 .rodata.__mprec_bigtens
                0x0000af40       0x28 c:/siliconlabs/simplicitystudio/v4/developer/toolchains/gnu_arm/7.2_2017q4/bin/../lib/gcc/arm-none-eabi/7.2.1/../../../../arm-none-eabi/lib/thumb/v7e-m/fpv4-sp/softfp\libc_nano.a(lib_a-mprec.o)
                0x0000af40                __mprec_bigtens
 .rodata.__mprec_tens
                0x0000af68       0xc8 c:/siliconlabs/simplicitystudio/v4/developer/toolchains/gnu_arm/7.2_2017q4/bin/../lib/gcc/arm-none-eabi/7.2.1/../../../../arm-none-eabi/lib/thumb/v7e-m/fpv4-sp/softfp\libc_nano.a(lib_a-mprec.o)
                0x0000af68                __mprec_tens
 .rodata.p05.7359
                0x0000b030        0xc c:/siliconlabs/simplicitystudio/v4/developer/toolchains/gnu_arm/7.2_2017q4/bin/../lib/gcc/arm-none-eabi/7.2.1/../../../../arm-none-eabi/lib/thumb/v7e-m/fpv4-sp/softfp\libc_nano.a(lib_a-mprec.o)
 .rodata._svfprintf_r.str1.1
                0x0000b03c       0x11 c:/siliconlabs/simplicitystudio/v4/developer/toolchains/gnu_arm/7.2_2017q4/bin/../lib/gcc/arm-none-eabi/7.2.1/../../../../arm-none-eabi/lib/thumb/v7e-m/fpv4-sp/softfp\libc_nano.a(lib_a-nano-svfprintf.o)
 .rodata._printf_i.str1.1
                0x0000b04d       0x22 c:/siliconlabs/simplicitystudio/v4/developer/toolchains/gnu_arm/7.2_2017q4/bin/../lib/gcc/arm-none-eabi/7.2.1/../../../../arm-none-eabi/lib/thumb/v7e-m/fpv4-sp/softfp\libc_nano.a(lib_a-nano-vfprintf_i.o)
 .rodata._dtoa_r.str1.1
                0x0000b06f        0xf c:/siliconlabs/simplicitystudio/v4/developer/toolchains/gnu_arm/7.2_2017q4/bin/../lib/gcc/arm-none-eabi/7.2.1/../../../../arm-none-eabi/lib/thumb/v7e-m/fpv4-sp/softfp\libc_nano.a(lib_a-dtoa.o)
 *(.eh_frame*)
 *fill*         0x0000b07e        0x2 
 .eh_frame      0x0000b080        0x0 c:/siliconlabs/simplicitystudio/v4/developer/toolchains/gnu_arm/7.2_2017q4/bin/../lib/gcc/arm-none-eabi/7.2.1/thumb/v7e-m/fpv4-sp/softfp/crtbegin.o
 .eh_frame      0x0000b080        0x4 c:/siliconlabs/simplicitystudio/v4/developer/toolchains/gnu_arm/7.2_2017q4/bin/../lib/gcc/arm-none-eabi/7.2.1/thumb/v7e-m/fpv4-sp/softfp/crtend.o

.glue_7         0x0000b084        0x0
 .glue_7        0x0000b084        0x0 linker stubs

.glue_7t        0x0000b084        0x0
 .glue_7t       0x0000b084        0x0 linker stubs

.vfp11_veneer   0x0000b084        0x0
 .vfp11_veneer  0x0000b084        0x0 linker stubs

.v4_bx          0x0000b084        0x0
 .v4_bx         0x0000b084        0x0 linker stubs

.iplt           0x0000b084        0x0
 .iplt          0x0000b084        0x0 c:/siliconlabs/simplicitystudio/v4/developer/toolchains/gnu_arm/7.2_2017q4/bin/../lib/gcc/arm-none-eabi/7.2.1/thumb/v7e-m/fpv4-sp/softfp/crtbegin.o

.ARM.extab
 *(.ARM.extab* .gnu.linkonce.armextab.*)
                0x0000b084                __exidx_start = .

.ARM.exidx      0x0000b084        0x8
 *(.ARM.exidx* .gnu.linkonce.armexidx.*)
 .ARM.exidx     0x0000b084        0x8 c:/siliconlabs/simplicitystudio/v4/developer/toolchains/gnu_arm/7.2_2017q4/bin/../lib/gcc/arm-none-eabi/7.2.1/../../../../arm-none-eabi/lib/thumb/v7e-m/fpv4-sp/softfp/crt0.o
 .ARM.exidx     0x0000b08c        0x0 c:/siliconlabs/simplicitystudio/v4/developer/toolchains/gnu_arm/7.2_2017q4/bin/../lib/gcc/arm-none-eabi/7.2.1/thumb/v7e-m/fpv4-sp/softfp\libgcc.a(_udivmoddi4.o)
                                  0x8 (size before relaxing)
                0x0000b08c                __exidx_end = .
                0x0000b08c                __etext = .

.rel.dyn        0x0000b08c        0x0
 .rel.iplt      0x0000b08c        0x0 c:/siliconlabs/simplicitystudio/v4/developer/toolchains/gnu_arm/7.2_2017q4/bin/../lib/gcc/arm-none-eabi/7.2.1/thumb/v7e-m/fpv4-sp/softfp/crtbegin.o

.data           0x20000000      0x1a8 load address 0x0000b08c
                0x20000000                __data_start__ = .
 *(vtable)
 *(.data*)
 .data.SystemHFXOClock
                0x20000000        0x4 ./CMSIS/EFM32GG11B/system_efm32gg11b.o
 .data.SystemLFXOClock
                0x20000004        0x4 ./CMSIS/EFM32GG11B/system_efm32gg11b.o
 .data.SystemCoreClock
                0x20000008        0x4 ./CMSIS/EFM32GG11B/system_efm32gg11b.o
                0x20000008                SystemCoreClock
 .data.SystemHfrcoFreq
                0x2000000c        0x4 ./CMSIS/EFM32GG11B/system_efm32gg11b.o
                0x2000000c                SystemHfrcoFreq
 .data.initRTCC
                0x20000010        0xa ./Drivers/rtcdriver.o
 *fill*         0x2000001a        0x2 
 .data.initRTCCCompareChannel
                0x2000001c        0x7 ./Drivers/rtcdriver.o
 *fill*         0x20000023        0x1 
 .data.auxHfrcoFreq
                0x20000024        0x4 ./emlib/em_cmu.o
 .data.ushfrcoFreq
                0x20000028        0x4 ./emlib/em_cmu.o
 .data.spi_handle
                0x2000002c        0x4 ./src/main.o
                0x2000002c                spi_handle
 .data.rxBufferQueue
                0x20000030       0x80 ./src/main.o
 .data.txBufferQueue
                0x200000b0       0x80 ./src/main.o
 .data.uart_handle
                0x20000130        0x4 ./src/main.o
                0x20000130                uart_handle
 .data.cmd_code
                0x20000134        0x4 ./src/main.o
                0x20000134                cmd_code
 .data.cmd_bufferptr
                0x20000138        0x4 ./src/main.o
                0x20000138                cmd_bufferptr
 .data._impure_ptr
                0x2000013c        0x4 c:/siliconlabs/simplicitystudio/v4/developer/toolchains/gnu_arm/7.2_2017q4/bin/../lib/gcc/arm-none-eabi/7.2.1/../../../../arm-none-eabi/lib/thumb/v7e-m/fpv4-sp/softfp\libc_nano.a(lib_a-impure.o)
                0x2000013c                _impure_ptr
 .data.impure_data
                0x20000140       0x60 c:/siliconlabs/simplicitystudio/v4/developer/toolchains/gnu_arm/7.2_2017q4/bin/../lib/gcc/arm-none-eabi/7.2.1/../../../../arm-none-eabi/lib/thumb/v7e-m/fpv4-sp/softfp\libc_nano.a(lib_a-impure.o)
                0x200001a0                . = ALIGN (0x4)
 *(.ram)
                0x200001a0                . = ALIGN (0x4)
                0x200001a0                PROVIDE (__preinit_array_start, .)
 *(.preinit_array)
                0x200001a0                PROVIDE (__preinit_array_end, .)
                0x200001a0                . = ALIGN (0x4)
                0x200001a0                PROVIDE (__init_array_start, .)
 *(SORT_BY_NAME(.init_array.*))
 *(.init_array)
 .init_array    0x200001a0        0x4 c:/siliconlabs/simplicitystudio/v4/developer/toolchains/gnu_arm/7.2_2017q4/bin/../lib/gcc/arm-none-eabi/7.2.1/thumb/v7e-m/fpv4-sp/softfp/crtbegin.o
                0x200001a4                PROVIDE (__init_array_end, .)
                0x200001a4                . = ALIGN (0x4)
                [!provide]                PROVIDE (__fini_array_start, .)
 *(SORT_BY_NAME(.fini_array.*))
 *(.fini_array)
 .fini_array    0x200001a4        0x4 c:/siliconlabs/simplicitystudio/v4/developer/toolchains/gnu_arm/7.2_2017q4/bin/../lib/gcc/arm-none-eabi/7.2.1/thumb/v7e-m/fpv4-sp/softfp/crtbegin.o
                [!provide]                PROVIDE (__fini_array_end, .)
 *(.jcr*)
                0x200001a8                . = ALIGN (0x4)
                0x200001a8                __data_end__ = .

.igot.plt       0x200001a8        0x0 load address 0x0000b234
 .igot.plt      0x200001a8        0x0 c:/siliconlabs/simplicitystudio/v4/developer/toolchains/gnu_arm/7.2_2017q4/bin/../lib/gcc/arm-none-eabi/7.2.1/thumb/v7e-m/fpv4-sp/softfp/crtbegin.o

.bss            0x200001a8      0x6f8 load address 0x0000b238
                0x200001a8                . = ALIGN (0x4)
                0x200001a8                __bss_start__ = .
 *(.bss*)
 .bss           0x200001a8       0x1c c:/siliconlabs/simplicitystudio/v4/developer/toolchains/gnu_arm/7.2_2017q4/bin/../lib/gcc/arm-none-eabi/7.2.1/thumb/v7e-m/fpv4-sp/softfp/crtbegin.o
 .bss.initialized
                0x200001c4        0x1 ./Drivers/dmadrv.o
 *fill*         0x200001c5        0x3 
 .bss.chTable   0x200001c8      0x180 ./Drivers/dmadrv.o
 .bss.dmaXfer   0x20000348      0x300 ./Drivers/dmadrv.o
 .bss.gpioCallbacks
                0x20000648       0x40 ./Drivers/gpiointerrupt.o
 .bss.timer     0x20000688       0xa0 ./Drivers/rtcdriver.o
 .bss.lastStart
                0x20000728        0x4 ./Drivers/rtcdriver.o
 .bss.startTimerNestingLevel
                0x2000072c        0x4 ./Drivers/rtcdriver.o
 .bss.inTimerIRQ
                0x20000730        0x1 ./Drivers/rtcdriver.o
 .bss.rtcRunning
                0x20000731        0x1 ./Drivers/rtcdriver.o
 .bss.rtcdrvIsInitialized
                0x20000732        0x1 ./Drivers/rtcdriver.o
 .bss.spidrvIsInitialized
                0x20000733        0x1 ./Drivers/spidrv.o
 .bss.uartdrvHandleIsInitialized
                0x20000734        0x1 ./Drivers/uartdrv.o
 *fill*         0x20000735        0x3 
 .bss.uartdrvHandle
                0x20000738       0x10 ./Drivers/uartdrv.o
 .bss.timeElapsed
                0x20000748        0x1 ./Drivers/ustimer.o
 *fill*         0x20000749        0x3 
 .bss.vScaleEM01Config
                0x2000074c        0x1 ./emlib/em_emu.o
 *fill*         0x2000074d        0x3 
 .bss.i         0x20000750        0x4 ./src/main.o
                0x20000750                i
 .bss.cmd_flag  0x20000754        0x4 ./src/main.o
                0x20000754                cmd_flag
 .bss.__malloc_free_list
                0x20000758        0x4 c:/siliconlabs/simplicitystudio/v4/developer/toolchains/gnu_arm/7.2_2017q4/bin/../lib/gcc/arm-none-eabi/7.2.1/../../../../arm-none-eabi/lib/thumb/v7e-m/fpv4-sp/softfp\libc_nano.a(lib_a-nano-mallocr.o)
                0x20000758                __malloc_free_list
 .bss.__malloc_sbrk_start
                0x2000075c        0x4 c:/siliconlabs/simplicitystudio/v4/developer/toolchains/gnu_arm/7.2_2017q4/bin/../lib/gcc/arm-none-eabi/7.2.1/../../../../arm-none-eabi/lib/thumb/v7e-m/fpv4-sp/softfp\libc_nano.a(lib_a-nano-mallocr.o)
                0x2000075c                __malloc_sbrk_start
 .bss.heap_end.5377
                0x20000760        0x4 c:/siliconlabs/simplicitystudio/v4/developer/toolchains/gnu_arm/7.2_2017q4/bin/../lib/gcc/arm-none-eabi/7.2.1/../../../../arm-none-eabi/lib/thumb/v7e-m/fpv4-sp/softfp\libnosys.a(sbrk.o)
 *(COMMON)
 COMMON         0x20000764      0x138 ./src/main.o
                0x20000764                spi_handleData
                0x200007bc                uart_tx_buffer
                0x200007e4                rtc_id
                0x200007e8                uart_tx_cmd_buffer
                0x20000828                spi_rx_buffer
                0x20000840                spi_tx_buffer
                0x20000844                spi_tx_config_buffer
                0x20000848                uart_handleData
                0x2000087c                uart_rx_buffer
 COMMON         0x2000089c        0x4 c:/siliconlabs/simplicitystudio/v4/developer/toolchains/gnu_arm/7.2_2017q4/bin/../lib/gcc/arm-none-eabi/7.2.1/../../../../arm-none-eabi/lib/thumb/v7e-m/fpv4-sp/softfp\libc_nano.a(lib_a-reent.o)
                0x2000089c                errno
                0x200008a0                . = ALIGN (0x4)
                0x200008a0                __bss_end__ = .

.heap           0x200008a0      0xc00
                0x200008a0                __HeapBase = .
                0x200008a0                __end__ = .
                0x200008a0                end = __end__
                0x200008a0                _end = __end__
 *(.heap*)
 .heap          0x200008a0      0xc00 ./CMSIS/EFM32GG11B/startup_efm32gg11b.o
                0x200014a0                __HeapLimit = .

.stack_dummy    0x200008a0      0x400
 *(.stack*)
 .stack         0x200008a0      0x400 ./CMSIS/EFM32GG11B/startup_efm32gg11b.o
                0x20080000                __StackTop = (ORIGIN (RAM) + LENGTH (RAM))
                0x2007fc00                __StackLimit = (__StackTop - SIZEOF (.stack_dummy))
                0x20080000                PROVIDE (__stack, __StackTop)
                0x00000001                ASSERT ((__StackLimit >= __HeapLimit), region RAM overflowed with stack)
                0x00000001                ASSERT ((LENGTH (FLASH) >= (__etext + SIZEOF (.data))), FLASH memory overflowed !)
OUTPUT(GG11_MAX35103.axf elf32-littlearm)

.ARM.attributes
                0x00000000       0x2e
 .ARM.attributes
                0x00000000       0x22 c:/siliconlabs/simplicitystudio/v4/developer/toolchains/gnu_arm/7.2_2017q4/bin/../lib/gcc/arm-none-eabi/7.2.1/thumb/v7e-m/fpv4-sp/softfp/crti.o
 .ARM.attributes
                0x00000022       0x32 c:/siliconlabs/simplicitystudio/v4/developer/toolchains/gnu_arm/7.2_2017q4/bin/../lib/gcc/arm-none-eabi/7.2.1/thumb/v7e-m/fpv4-sp/softfp/crtbegin.o
 .ARM.attributes
                0x00000054       0x20 c:/siliconlabs/simplicitystudio/v4/developer/toolchains/gnu_arm/7.2_2017q4/bin/../lib/gcc/arm-none-eabi/7.2.1/../../../../arm-none-eabi/lib/thumb/v7e-m/fpv4-sp/softfp/crt0.o
 .ARM.attributes
                0x00000074       0x1f ./CMSIS/EFM32GG11B/startup_efm32gg11b.o
 .ARM.attributes
                0x00000093       0x37 ./CMSIS/EFM32GG11B/system_efm32gg11b.o
 .ARM.attributes
                0x000000ca       0x37 ./Drivers/dmadrv.o
 .ARM.attributes
                0x00000101       0x37 ./Drivers/gpiointerrupt.o
 .ARM.attributes
                0x00000138       0x37 ./Drivers/rtcdriver.o
 .ARM.attributes
                0x0000016f       0x37 ./Drivers/spidrv.o
 .ARM.attributes
                0x000001a6       0x37 ./Drivers/uartdrv.o
 .ARM.attributes
                0x000001dd       0x37 ./Drivers/ustimer.o
 .ARM.attributes
                0x00000214       0x37 ./emlib/em_cmu.o
 .ARM.attributes
                0x0000024b       0x37 ./emlib/em_core.o
 .ARM.attributes
                0x00000282       0x37 ./emlib/em_emu.o
 .ARM.attributes
                0x000002b9       0x37 ./emlib/em_gpio.o
 .ARM.attributes
                0x000002f0       0x37 ./emlib/em_ldma.o
 .ARM.attributes
                0x00000327       0x37 ./emlib/em_leuart.o
 .ARM.attributes
                0x0000035e       0x37 ./emlib/em_rtcc.o
 .ARM.attributes
                0x00000395       0x37 ./emlib/em_usart.o
 .ARM.attributes
                0x000003cc       0x37 ./src/main.o
 .ARM.attributes
                0x00000403       0x22 c:/siliconlabs/simplicitystudio/v4/developer/toolchains/gnu_arm/7.2_2017q4/bin/../lib/gcc/arm-none-eabi/7.2.1/thumb/v7e-m/fpv4-sp/softfp\libgcc.a(_arm_addsubdf3.o)
 .ARM.attributes
                0x00000425       0x22 c:/siliconlabs/simplicitystudio/v4/developer/toolchains/gnu_arm/7.2_2017q4/bin/../lib/gcc/arm-none-eabi/7.2.1/thumb/v7e-m/fpv4-sp/softfp\libgcc.a(_aeabi_uldivmod.o)
 .ARM.attributes
                0x00000447       0x32 c:/siliconlabs/simplicitystudio/v4/developer/toolchains/gnu_arm/7.2_2017q4/bin/../lib/gcc/arm-none-eabi/7.2.1/thumb/v7e-m/fpv4-sp/softfp\libgcc.a(_udivmoddi4.o)
 .ARM.attributes
                0x00000479       0x22 c:/siliconlabs/simplicitystudio/v4/developer/toolchains/gnu_arm/7.2_2017q4/bin/../lib/gcc/arm-none-eabi/7.2.1/thumb/v7e-m/fpv4-sp/softfp\libgcc.a(_dvmd_tls.o)
 .ARM.attributes
                0x0000049b       0x32 c:/siliconlabs/simplicitystudio/v4/developer/toolchains/gnu_arm/7.2_2017q4/bin/../lib/gcc/arm-none-eabi/7.2.1/../../../../arm-none-eabi/lib/thumb/v7e-m/fpv4-sp/softfp\libc_nano.a(lib_a-efgcvt.o)
 .ARM.attributes
                0x000004cd       0x32 c:/siliconlabs/simplicitystudio/v4/developer/toolchains/gnu_arm/7.2_2017q4/bin/../lib/gcc/arm-none-eabi/7.2.1/../../../../arm-none-eabi/lib/thumb/v7e-m/fpv4-sp/softfp\libc_nano.a(lib_a-exit.o)
 .ARM.attributes
                0x000004ff       0x32 c:/siliconlabs/simplicitystudio/v4/developer/toolchains/gnu_arm/7.2_2017q4/bin/../lib/gcc/arm-none-eabi/7.2.1/../../../../arm-none-eabi/lib/thumb/v7e-m/fpv4-sp/softfp\libc_nano.a(lib_a-impure.o)
 .ARM.attributes
                0x00000531       0x32 c:/siliconlabs/simplicitystudio/v4/developer/toolchains/gnu_arm/7.2_2017q4/bin/../lib/gcc/arm-none-eabi/7.2.1/../../../../arm-none-eabi/lib/thumb/v7e-m/fpv4-sp/softfp\libc_nano.a(lib_a-init.o)
 .ARM.attributes
                0x00000563       0x32 c:/siliconlabs/simplicitystudio/v4/developer/toolchains/gnu_arm/7.2_2017q4/bin/../lib/gcc/arm-none-eabi/7.2.1/../../../../arm-none-eabi/lib/thumb/v7e-m/fpv4-sp/softfp\libc_nano.a(lib_a-memcpy-stub.o)
 .ARM.attributes
                0x00000595       0x32 c:/siliconlabs/simplicitystudio/v4/developer/toolchains/gnu_arm/7.2_2017q4/bin/../lib/gcc/arm-none-eabi/7.2.1/../../../../arm-none-eabi/lib/thumb/v7e-m/fpv4-sp/softfp\libc_nano.a(lib_a-memset.o)
 .ARM.attributes
                0x000005c7       0x32 c:/siliconlabs/simplicitystudio/v4/developer/toolchains/gnu_arm/7.2_2017q4/bin/../lib/gcc/arm-none-eabi/7.2.1/../../../../arm-none-eabi/lib/thumb/v7e-m/fpv4-sp/softfp\libc_nano.a(lib_a-sprintf.o)
 .ARM.attributes
                0x000005f9       0x1b c:/siliconlabs/simplicitystudio/v4/developer/toolchains/gnu_arm/7.2_2017q4/bin/../lib/gcc/arm-none-eabi/7.2.1/../../../../arm-none-eabi/lib/thumb/v7e-m/fpv4-sp/softfp\libc_nano.a(lib_a-strlen.o)
 .ARM.attributes
                0x00000614       0x32 c:/siliconlabs/simplicitystudio/v4/developer/toolchains/gnu_arm/7.2_2017q4/bin/../lib/gcc/arm-none-eabi/7.2.1/../../../../arm-none-eabi/lib/thumb/v7e-m/fpv4-sp/softfp\libc_nano.a(lib_a-ecvtbuf.o)
 .ARM.attributes
                0x00000646       0x32 c:/siliconlabs/simplicitystudio/v4/developer/toolchains/gnu_arm/7.2_2017q4/bin/../lib/gcc/arm-none-eabi/7.2.1/../../../../arm-none-eabi/lib/thumb/v7e-m/fpv4-sp/softfp\libc_nano.a(lib_a-mprec.o)
 .ARM.attributes
                0x00000678       0x32 c:/siliconlabs/simplicitystudio/v4/developer/toolchains/gnu_arm/7.2_2017q4/bin/../lib/gcc/arm-none-eabi/7.2.1/../../../../arm-none-eabi/lib/thumb/v7e-m/fpv4-sp/softfp\libc_nano.a(lib_a-nano-callocr.o)
 .ARM.attributes
                0x000006aa       0x32 c:/siliconlabs/simplicitystudio/v4/developer/toolchains/gnu_arm/7.2_2017q4/bin/../lib/gcc/arm-none-eabi/7.2.1/../../../../arm-none-eabi/lib/thumb/v7e-m/fpv4-sp/softfp\libc_nano.a(lib_a-nano-mallocr.o)
 .ARM.attributes
                0x000006dc       0x32 c:/siliconlabs/simplicitystudio/v4/developer/toolchains/gnu_arm/7.2_2017q4/bin/../lib/gcc/arm-none-eabi/7.2.1/../../../../arm-none-eabi/lib/thumb/v7e-m/fpv4-sp/softfp\libc_nano.a(lib_a-nano-reallocr.o)
 .ARM.attributes
                0x0000070e       0x32 c:/siliconlabs/simplicitystudio/v4/developer/toolchains/gnu_arm/7.2_2017q4/bin/../lib/gcc/arm-none-eabi/7.2.1/../../../../arm-none-eabi/lib/thumb/v7e-m/fpv4-sp/softfp\libc_nano.a(lib_a-nano-svfprintf.o)
 .ARM.attributes
                0x00000740       0x32 c:/siliconlabs/simplicitystudio/v4/developer/toolchains/gnu_arm/7.2_2017q4/bin/../lib/gcc/arm-none-eabi/7.2.1/../../../../arm-none-eabi/lib/thumb/v7e-m/fpv4-sp/softfp\libc_nano.a(lib_a-nano-vfprintf_i.o)
 .ARM.attributes
                0x00000772       0x32 c:/siliconlabs/simplicitystudio/v4/developer/toolchains/gnu_arm/7.2_2017q4/bin/../lib/gcc/arm-none-eabi/7.2.1/../../../../arm-none-eabi/lib/thumb/v7e-m/fpv4-sp/softfp\libc_nano.a(lib_a-sbrkr.o)
 .ARM.attributes
                0x000007a4       0x32 c:/siliconlabs/simplicitystudio/v4/developer/toolchains/gnu_arm/7.2_2017q4/bin/../lib/gcc/arm-none-eabi/7.2.1/../../../../arm-none-eabi/lib/thumb/v7e-m/fpv4-sp/softfp\libc_nano.a(lib_a-strcpy.o)
 .ARM.attributes
                0x000007d6       0x32 c:/siliconlabs/simplicitystudio/v4/developer/toolchains/gnu_arm/7.2_2017q4/bin/../lib/gcc/arm-none-eabi/7.2.1/../../../../arm-none-eabi/lib/thumb/v7e-m/fpv4-sp/softfp\libc_nano.a(lib_a-dtoa.o)
 .ARM.attributes
                0x00000808       0x32 c:/siliconlabs/simplicitystudio/v4/developer/toolchains/gnu_arm/7.2_2017q4/bin/../lib/gcc/arm-none-eabi/7.2.1/../../../../arm-none-eabi/lib/thumb/v7e-m/fpv4-sp/softfp\libc_nano.a(lib_a-malloc.o)
 .ARM.attributes
                0x0000083a       0x20 c:/siliconlabs/simplicitystudio/v4/developer/toolchains/gnu_arm/7.2_2017q4/bin/../lib/gcc/arm-none-eabi/7.2.1/../../../../arm-none-eabi/lib/thumb/v7e-m/fpv4-sp/softfp\libc_nano.a(lib_a-memchr.o)
 .ARM.attributes
                0x0000085a       0x32 c:/siliconlabs/simplicitystudio/v4/developer/toolchains/gnu_arm/7.2_2017q4/bin/../lib/gcc/arm-none-eabi/7.2.1/../../../../arm-none-eabi/lib/thumb/v7e-m/fpv4-sp/softfp\libc_nano.a(lib_a-memmove.o)
 .ARM.attributes
                0x0000088c       0x32 c:/siliconlabs/simplicitystudio/v4/developer/toolchains/gnu_arm/7.2_2017q4/bin/../lib/gcc/arm-none-eabi/7.2.1/../../../../arm-none-eabi/lib/thumb/v7e-m/fpv4-sp/softfp\libc_nano.a(lib_a-mlock.o)
 .ARM.attributes
                0x000008be       0x32 c:/siliconlabs/simplicitystudio/v4/developer/toolchains/gnu_arm/7.2_2017q4/bin/../lib/gcc/arm-none-eabi/7.2.1/../../../../arm-none-eabi/lib/thumb/v7e-m/fpv4-sp/softfp\libc_nano.a(lib_a-nano-freer.o)
 .ARM.attributes
                0x000008f0       0x32 c:/siliconlabs/simplicitystudio/v4/developer/toolchains/gnu_arm/7.2_2017q4/bin/../lib/gcc/arm-none-eabi/7.2.1/../../../../arm-none-eabi/lib/thumb/v7e-m/fpv4-sp/softfp\libc_nano.a(lib_a-nano-msizer.o)
 .ARM.attributes
                0x00000922       0x32 c:/siliconlabs/simplicitystudio/v4/developer/toolchains/gnu_arm/7.2_2017q4/bin/../lib/gcc/arm-none-eabi/7.2.1/../../../../arm-none-eabi/lib/thumb/v7e-m/fpv4-sp/softfp\libc_nano.a(lib_a-reent.o)
 .ARM.attributes
                0x00000954       0x32 c:/siliconlabs/simplicitystudio/v4/developer/toolchains/gnu_arm/7.2_2017q4/bin/../lib/gcc/arm-none-eabi/7.2.1/../../../../arm-none-eabi/lib/thumb/v7e-m/fpv4-sp/softfp\libnosys.a(sbrk.o)
 .ARM.attributes
                0x00000986       0x32 c:/siliconlabs/simplicitystudio/v4/developer/toolchains/gnu_arm/7.2_2017q4/bin/../lib/gcc/arm-none-eabi/7.2.1/../../../../arm-none-eabi/lib/thumb/v7e-m/fpv4-sp/softfp\libnosys.a(_exit.o)
 .ARM.attributes
                0x000009b8       0x22 c:/siliconlabs/simplicitystudio/v4/developer/toolchains/gnu_arm/7.2_2017q4/bin/../lib/gcc/arm-none-eabi/7.2.1/thumb/v7e-m/fpv4-sp/softfp\libgcc.a(_arm_muldivdf3.o)
 .ARM.attributes
                0x000009da       0x22 c:/siliconlabs/simplicitystudio/v4/developer/toolchains/gnu_arm/7.2_2017q4/bin/../lib/gcc/arm-none-eabi/7.2.1/thumb/v7e-m/fpv4-sp/softfp\libgcc.a(_arm_cmpdf2.o)
 .ARM.attributes
                0x000009fc       0x22 c:/siliconlabs/simplicitystudio/v4/developer/toolchains/gnu_arm/7.2_2017q4/bin/../lib/gcc/arm-none-eabi/7.2.1/thumb/v7e-m/fpv4-sp/softfp\libgcc.a(_arm_fixdfsi.o)
 .ARM.attributes
                0x00000a1e       0x32 c:/siliconlabs/simplicitystudio/v4/developer/toolchains/gnu_arm/7.2_2017q4/bin/../lib/gcc/arm-none-eabi/7.2.1/thumb/v7e-m/fpv4-sp/softfp/crtend.o
 .ARM.attributes
                0x00000a50       0x22 c:/siliconlabs/simplicitystudio/v4/developer/toolchains/gnu_arm/7.2_2017q4/bin/../lib/gcc/arm-none-eabi/7.2.1/thumb/v7e-m/fpv4-sp/softfp/crtn.o

.comment        0x00000000       0x7e
 .comment       0x00000000       0x7e ./CMSIS/EFM32GG11B/system_efm32gg11b.o
                                 0x7f (size before relaxing)
 .comment       0x0000007e       0x7f ./Drivers/dmadrv.o
 .comment       0x0000007e       0x7f ./Drivers/gpiointerrupt.o
 .comment       0x0000007e       0x7f ./Drivers/rtcdriver.o
 .comment       0x0000007e       0x7f ./Drivers/spidrv.o
 .comment       0x0000007e       0x7f ./Drivers/uartdrv.o
 .comment       0x0000007e       0x7f ./Drivers/ustimer.o
 .comment       0x0000007e       0x7f ./emlib/em_cmu.o
 .comment       0x0000007e       0x7f ./emlib/em_core.o
 .comment       0x0000007e       0x7f ./emlib/em_emu.o
 .comment       0x0000007e       0x7f ./emlib/em_gpio.o
 .comment       0x0000007e       0x7f ./emlib/em_ldma.o
 .comment       0x0000007e       0x7f ./emlib/em_leuart.o
 .comment       0x0000007e       0x7f ./emlib/em_rtcc.o
 .comment       0x0000007e       0x7f ./emlib/em_usart.o
 .comment       0x0000007e       0x7f ./src/main.o

.debug_line     0x00000000     0x92e8
 .debug_line    0x00000000       0xd9 ./CMSIS/EFM32GG11B/startup_efm32gg11b.o
 .debug_line    0x000000d9      0x36e ./CMSIS/EFM32GG11B/system_efm32gg11b.o
 .debug_line    0x00000447      0x629 ./Drivers/dmadrv.o
 .debug_line    0x00000a70      0x4bc ./Drivers/gpiointerrupt.o
 .debug_line    0x00000f2c      0x818 ./Drivers/rtcdriver.o
 .debug_line    0x00001744     0x17da ./Drivers/spidrv.o
 .debug_line    0x00002f1e     0x19c1 ./Drivers/uartdrv.o
 .debug_line    0x000048df      0x603 ./Drivers/ustimer.o
 .debug_line    0x00004ee2      0xeb9 ./emlib/em_cmu.o
 .debug_line    0x00005d9b      0x617 ./emlib/em_core.o
 .debug_line    0x000063b2      0xd7b ./emlib/em_emu.o
 .debug_line    0x0000712d      0x554 ./emlib/em_gpio.o
 .debug_line    0x00007681      0x458 ./emlib/em_ldma.o
 .debug_line    0x00007ad9      0x43e ./emlib/em_leuart.o
 .debug_line    0x00007f17      0x431 ./emlib/em_rtcc.o
 .debug_line    0x00008348      0x664 ./emlib/em_usart.o
 .debug_line    0x000089ac      0x93c ./src/main.o

.debug_info     0x00000000    0x18ff6
 .debug_info    0x00000000       0x26 ./CMSIS/EFM32GG11B/startup_efm32gg11b.o
 .debug_info    0x00000026      0x96a ./CMSIS/EFM32GG11B/system_efm32gg11b.o
 .debug_info    0x00000990     0x1721 ./Drivers/dmadrv.o
 .debug_info    0x000020b1      0x8c0 ./Drivers/gpiointerrupt.o
 .debug_info    0x00002971     0x1d66 ./Drivers/rtcdriver.o
 .debug_info    0x000046d7     0x2a46 ./Drivers/spidrv.o
 .debug_info    0x0000711d     0x3a50 ./Drivers/uartdrv.o
 .debug_info    0x0000ab6d     0x1367 ./Drivers/ustimer.o
 .debug_info    0x0000bed4     0x2a32 ./emlib/em_cmu.o
 .debug_info    0x0000e906      0xdd5 ./emlib/em_core.o
 .debug_info    0x0000f6db     0x2b41 ./emlib/em_emu.o
 .debug_info    0x0001221c      0xb1d ./emlib/em_gpio.o
 .debug_info    0x00012d39     0x1408 ./emlib/em_ldma.o
 .debug_info    0x00014141      0x9f7 ./emlib/em_leuart.o
 .debug_info    0x00014b38      0x706 ./emlib/em_rtcc.o
 .debug_info    0x0001523e     0x11b2 ./emlib/em_usart.o
 .debug_info    0x000163f0     0x2c06 ./src/main.o

.debug_abbrev   0x00000000     0x29e9
 .debug_abbrev  0x00000000       0x14 ./CMSIS/EFM32GG11B/startup_efm32gg11b.o
 .debug_abbrev  0x00000014      0x1b4 ./CMSIS/EFM32GG11B/system_efm32gg11b.o
 .debug_abbrev  0x000001c8      0x281 ./Drivers/dmadrv.o
 .debug_abbrev  0x00000449      0x268 ./Drivers/gpiointerrupt.o
 .debug_abbrev  0x000006b1      0x352 ./Drivers/rtcdriver.o
 .debug_abbrev  0x00000a03      0x30f ./Drivers/spidrv.o
 .debug_abbrev  0x00000d12      0x39c ./Drivers/uartdrv.o
 .debug_abbrev  0x000010ae      0x268 ./Drivers/ustimer.o
 .debug_abbrev  0x00001316      0x32e ./emlib/em_cmu.o
 .debug_abbrev  0x00001644      0x257 ./emlib/em_core.o
 .debug_abbrev  0x0000189b      0x349 ./emlib/em_emu.o
 .debug_abbrev  0x00001be4      0x21d ./emlib/em_gpio.o
 .debug_abbrev  0x00001e01      0x2a5 ./emlib/em_ldma.o
 .debug_abbrev  0x000020a6      0x202 ./emlib/em_leuart.o
 .debug_abbrev  0x000022a8      0x18c ./emlib/em_rtcc.o
 .debug_abbrev  0x00002434      0x202 ./emlib/em_usart.o
 .debug_abbrev  0x00002636      0x3b3 ./src/main.o

.debug_aranges  0x00000000      0xe30
 .debug_aranges
                0x00000000       0x20 ./CMSIS/EFM32GG11B/startup_efm32gg11b.o
 .debug_aranges
                0x00000020       0x68 ./CMSIS/EFM32GG11B/system_efm32gg11b.o
 .debug_aranges
                0x00000088       0xa0 ./Drivers/dmadrv.o
 .debug_aranges
                0x00000128       0x68 ./Drivers/gpiointerrupt.o
 .debug_aranges
                0x00000190       0xe0 ./Drivers/rtcdriver.o
 .debug_aranges
                0x00000270      0x128 ./Drivers/spidrv.o
 .debug_aranges
                0x00000398      0x1d0 ./Drivers/uartdrv.o
 .debug_aranges
                0x00000568       0xc0 ./Drivers/ustimer.o
 .debug_aranges
                0x00000628      0x208 ./emlib/em_cmu.o
 .debug_aranges
                0x00000830       0xe8 ./emlib/em_core.o
 .debug_aranges
                0x00000918      0x1b8 ./emlib/em_emu.o
 .debug_aranges
                0x00000ad0       0x88 ./emlib/em_gpio.o
 .debug_aranges
                0x00000b58       0x80 ./emlib/em_ldma.o
 .debug_aranges
                0x00000bd8       0x88 ./emlib/em_leuart.o
 .debug_aranges
                0x00000c60       0x50 ./emlib/em_rtcc.o
 .debug_aranges
                0x00000cb0       0xb8 ./emlib/em_usart.o
 .debug_aranges
                0x00000d68       0xc8 ./src/main.o

.debug_str      0x00000000     0x8900
 .debug_str     0x00000000       0xed ./CMSIS/EFM32GG11B/startup_efm32gg11b.o
 .debug_str     0x000000ed      0x660 ./CMSIS/EFM32GG11B/system_efm32gg11b.o
                                0x720 (size before relaxing)
 .debug_str     0x0000074d     0x1988 ./Drivers/dmadrv.o
                               0x1c14 (size before relaxing)
 .debug_str     0x000020d5      0x5da ./Drivers/gpiointerrupt.o
                                0x8cc (size before relaxing)
 .debug_str     0x000026af     0x125f ./Drivers/rtcdriver.o
                               0x199b (size before relaxing)
 .debug_str     0x0000390e      0xc2f ./Drivers/spidrv.o
                               0x2c7c (size before relaxing)
 .debug_str     0x0000453d      0xbc4 ./Drivers/uartdrv.o
                               0x35a5 (size before relaxing)
 .debug_str     0x00005101      0x6df ./Drivers/ustimer.o
                               0x1366 (size before relaxing)
 .debug_str     0x000057e0     0x12ac ./emlib/em_cmu.o
                               0x1ed2 (size before relaxing)
 .debug_str     0x00006a8c      0x308 ./emlib/em_core.o
                                0x9f0 (size before relaxing)
 .debug_str     0x00006d94     0x1013 ./emlib/em_emu.o
                               0x22b6 (size before relaxing)
 .debug_str     0x00007da7      0x18d ./emlib/em_gpio.o
                                0x938 (size before relaxing)
 .debug_str     0x00007f34       0xd1 ./emlib/em_ldma.o
                                0xfae (size before relaxing)
 .debug_str     0x00008005      0x10e ./emlib/em_leuart.o
                                0xa34 (size before relaxing)
 .debug_str     0x00008113       0x6a ./emlib/em_rtcc.o
                                0x82b (size before relaxing)
 .debug_str     0x0000817d      0x4f0 ./emlib/em_usart.o
                               0x1191 (size before relaxing)
 .debug_str     0x0000866d      0x293 ./src/main.o
                               0x2c3c (size before relaxing)

.debug_loc      0x00000000     0x7fbb
 .debug_loc     0x00000000      0x2e4 ./CMSIS/EFM32GG11B/system_efm32gg11b.o
 .debug_loc     0x000002e4      0x568 ./Drivers/dmadrv.o
 .debug_loc     0x0000084c      0x338 ./Drivers/gpiointerrupt.o
 .debug_loc     0x00000b84      0x7f6 ./Drivers/rtcdriver.o
 .debug_loc     0x0000137a      0xac7 ./Drivers/spidrv.o
 .debug_loc     0x00001e41     0x1222 ./Drivers/uartdrv.o
 .debug_loc     0x00003063      0x6d8 ./Drivers/ustimer.o
 .debug_loc     0x0000373b     0x136c ./emlib/em_cmu.o
 .debug_loc     0x00004aa7      0x88c ./emlib/em_core.o
 .debug_loc     0x00005333      0xfbe ./emlib/em_emu.o
 .debug_loc     0x000062f1      0x4b4 ./emlib/em_gpio.o
 .debug_loc     0x000067a5      0x434 ./emlib/em_ldma.o
 .debug_loc     0x00006bd9      0x49c ./emlib/em_leuart.o
 .debug_loc     0x00007075      0x23c ./emlib/em_rtcc.o
 .debug_loc     0x000072b1      0x6d2 ./emlib/em_usart.o
 .debug_loc     0x00007983      0x638 ./src/main.o

.debug_ranges   0x00000000      0xd28
 .debug_ranges  0x00000000       0x58 ./CMSIS/EFM32GG11B/system_efm32gg11b.o
 .debug_ranges  0x00000058       0x90 ./Drivers/dmadrv.o
 .debug_ranges  0x000000e8       0x58 ./Drivers/gpiointerrupt.o
 .debug_ranges  0x00000140       0xd0 ./Drivers/rtcdriver.o
 .debug_ranges  0x00000210      0x118 ./Drivers/spidrv.o
 .debug_ranges  0x00000328      0x1d8 ./Drivers/uartdrv.o
 .debug_ranges  0x00000500       0xb0 ./Drivers/ustimer.o
 .debug_ranges  0x000005b0      0x1f8 ./emlib/em_cmu.o
 .debug_ranges  0x000007a8       0xd8 ./emlib/em_core.o
 .debug_ranges  0x00000880      0x1a8 ./emlib/em_emu.o
 .debug_ranges  0x00000a28       0x78 ./emlib/em_gpio.o
 .debug_ranges  0x00000aa0       0x70 ./emlib/em_ldma.o
 .debug_ranges  0x00000b10       0x78 ./emlib/em_leuart.o
 .debug_ranges  0x00000b88       0x40 ./emlib/em_rtcc.o
 .debug_ranges  0x00000bc8       0xa8 ./emlib/em_usart.o
 .debug_ranges  0x00000c70       0xb8 ./src/main.o

.debug_frame    0x00000000     0x4668
 .debug_frame   0x00000000      0x164 ./CMSIS/EFM32GG11B/system_efm32gg11b.o
 .debug_frame   0x00000164      0x280 ./Drivers/dmadrv.o
 .debug_frame   0x000003e4      0x184 ./Drivers/gpiointerrupt.o
 .debug_frame   0x00000568      0x3c8 ./Drivers/rtcdriver.o
 .debug_frame   0x00000930      0x500 ./Drivers/spidrv.o
 .debug_frame   0x00000e30      0x840 ./Drivers/uartdrv.o
 .debug_frame   0x00001670      0x338 ./Drivers/ustimer.o
 .debug_frame   0x000019a8      0x8f0 ./emlib/em_cmu.o
 .debug_frame   0x00002298      0x3e0 ./emlib/em_core.o
 .debug_frame   0x00002678      0x764 ./emlib/em_emu.o
 .debug_frame   0x00002ddc      0x224 ./emlib/em_gpio.o
 .debug_frame   0x00003000      0x1f4 ./emlib/em_ldma.o
 .debug_frame   0x000031f4      0x21c ./emlib/em_leuart.o
 .debug_frame   0x00003410      0x110 ./emlib/em_rtcc.o
 .debug_frame   0x00003520      0x314 ./emlib/em_usart.o
 .debug_frame   0x00003834      0x328 ./src/main.o
 .debug_frame   0x00003b5c       0xac c:/siliconlabs/simplicitystudio/v4/developer/toolchains/gnu_arm/7.2_2017q4/bin/../lib/gcc/arm-none-eabi/7.2.1/thumb/v7e-m/fpv4-sp/softfp\libgcc.a(_arm_addsubdf3.o)
 .debug_frame   0x00003c08       0x2c c:/siliconlabs/simplicitystudio/v4/developer/toolchains/gnu_arm/7.2_2017q4/bin/../lib/gcc/arm-none-eabi/7.2.1/thumb/v7e-m/fpv4-sp/softfp\libgcc.a(_aeabi_uldivmod.o)
 .debug_frame   0x00003c34       0x34 c:/siliconlabs/simplicitystudio/v4/developer/toolchains/gnu_arm/7.2_2017q4/bin/../lib/gcc/arm-none-eabi/7.2.1/thumb/v7e-m/fpv4-sp/softfp\libgcc.a(_udivmoddi4.o)
 .debug_frame   0x00003c68       0xd0 c:/siliconlabs/simplicitystudio/v4/developer/toolchains/gnu_arm/7.2_2017q4/bin/../lib/gcc/arm-none-eabi/7.2.1/../../../../arm-none-eabi/lib/thumb/v7e-m/fpv4-sp/softfp\libc_nano.a(lib_a-efgcvt.o)
 .debug_frame   0x00003d38       0x28 c:/siliconlabs/simplicitystudio/v4/developer/toolchains/gnu_arm/7.2_2017q4/bin/../lib/gcc/arm-none-eabi/7.2.1/../../../../arm-none-eabi/lib/thumb/v7e-m/fpv4-sp/softfp\libc_nano.a(lib_a-exit.o)
 .debug_frame   0x00003d60       0x2c c:/siliconlabs/simplicitystudio/v4/developer/toolchains/gnu_arm/7.2_2017q4/bin/../lib/gcc/arm-none-eabi/7.2.1/../../../../arm-none-eabi/lib/thumb/v7e-m/fpv4-sp/softfp\libc_nano.a(lib_a-init.o)
 .debug_frame   0x00003d8c       0x28 c:/siliconlabs/simplicitystudio/v4/developer/toolchains/gnu_arm/7.2_2017q4/bin/../lib/gcc/arm-none-eabi/7.2.1/../../../../arm-none-eabi/lib/thumb/v7e-m/fpv4-sp/softfp\libc_nano.a(lib_a-memcpy-stub.o)
 .debug_frame   0x00003db4       0x20 c:/siliconlabs/simplicitystudio/v4/developer/toolchains/gnu_arm/7.2_2017q4/bin/../lib/gcc/arm-none-eabi/7.2.1/../../../../arm-none-eabi/lib/thumb/v7e-m/fpv4-sp/softfp\libc_nano.a(lib_a-memset.o)
 .debug_frame   0x00003dd4       0x6c c:/siliconlabs/simplicitystudio/v4/developer/toolchains/gnu_arm/7.2_2017q4/bin/../lib/gcc/arm-none-eabi/7.2.1/../../../../arm-none-eabi/lib/thumb/v7e-m/fpv4-sp/softfp\libc_nano.a(lib_a-sprintf.o)
 .debug_frame   0x00003e40       0xf0 c:/siliconlabs/simplicitystudio/v4/developer/toolchains/gnu_arm/7.2_2017q4/bin/../lib/gcc/arm-none-eabi/7.2.1/../../../../arm-none-eabi/lib/thumb/v7e-m/fpv4-sp/softfp\libc_nano.a(lib_a-ecvtbuf.o)
 .debug_frame   0x00003f30      0x248 c:/siliconlabs/simplicitystudio/v4/developer/toolchains/gnu_arm/7.2_2017q4/bin/../lib/gcc/arm-none-eabi/7.2.1/../../../../arm-none-eabi/lib/thumb/v7e-m/fpv4-sp/softfp\libc_nano.a(lib_a-mprec.o)
 .debug_frame   0x00004178       0x2c c:/siliconlabs/simplicitystudio/v4/developer/toolchains/gnu_arm/7.2_2017q4/bin/../lib/gcc/arm-none-eabi/7.2.1/../../../../arm-none-eabi/lib/thumb/v7e-m/fpv4-sp/softfp\libc_nano.a(lib_a-nano-callocr.o)
 .debug_frame   0x000041a4       0x2c c:/siliconlabs/simplicitystudio/v4/developer/toolchains/gnu_arm/7.2_2017q4/bin/../lib/gcc/arm-none-eabi/7.2.1/../../../../arm-none-eabi/lib/thumb/v7e-m/fpv4-sp/softfp\libc_nano.a(lib_a-nano-mallocr.o)
 .debug_frame   0x000041d0       0x3c c:/siliconlabs/simplicitystudio/v4/developer/toolchains/gnu_arm/7.2_2017q4/bin/../lib/gcc/arm-none-eabi/7.2.1/../../../../arm-none-eabi/lib/thumb/v7e-m/fpv4-sp/softfp\libc_nano.a(lib_a-nano-reallocr.o)
 .debug_frame   0x0000420c       0x90 c:/siliconlabs/simplicitystudio/v4/developer/toolchains/gnu_arm/7.2_2017q4/bin/../lib/gcc/arm-none-eabi/7.2.1/../../../../arm-none-eabi/lib/thumb/v7e-m/fpv4-sp/softfp\libc_nano.a(lib_a-nano-svfprintf.o)
 .debug_frame   0x0000429c       0x60 c:/siliconlabs/simplicitystudio/v4/developer/toolchains/gnu_arm/7.2_2017q4/bin/../lib/gcc/arm-none-eabi/7.2.1/../../../../arm-none-eabi/lib/thumb/v7e-m/fpv4-sp/softfp\libc_nano.a(lib_a-nano-vfprintf_i.o)
 .debug_frame   0x000042fc       0x2c c:/siliconlabs/simplicitystudio/v4/developer/toolchains/gnu_arm/7.2_2017q4/bin/../lib/gcc/arm-none-eabi/7.2.1/../../../../arm-none-eabi/lib/thumb/v7e-m/fpv4-sp/softfp\libc_nano.a(lib_a-sbrkr.o)
 .debug_frame   0x00004328       0x20 c:/siliconlabs/simplicitystudio/v4/developer/toolchains/gnu_arm/7.2_2017q4/bin/../lib/gcc/arm-none-eabi/7.2.1/../../../../arm-none-eabi/lib/thumb/v7e-m/fpv4-sp/softfp\libc_nano.a(lib_a-strcpy.o)
 .debug_frame   0x00004348       0x6c c:/siliconlabs/simplicitystudio/v4/developer/toolchains/gnu_arm/7.2_2017q4/bin/../lib/gcc/arm-none-eabi/7.2.1/../../../../arm-none-eabi/lib/thumb/v7e-m/fpv4-sp/softfp\libc_nano.a(lib_a-dtoa.o)
 .debug_frame   0x000043b4       0x30 c:/siliconlabs/simplicitystudio/v4/developer/toolchains/gnu_arm/7.2_2017q4/bin/../lib/gcc/arm-none-eabi/7.2.1/../../../../arm-none-eabi/lib/thumb/v7e-m/fpv4-sp/softfp\libc_nano.a(lib_a-malloc.o)
 .debug_frame   0x000043e4       0x28 c:/siliconlabs/simplicitystudio/v4/developer/toolchains/gnu_arm/7.2_2017q4/bin/../lib/gcc/arm-none-eabi/7.2.1/../../../../arm-none-eabi/lib/thumb/v7e-m/fpv4-sp/softfp\libc_nano.a(lib_a-memmove.o)
 .debug_frame   0x0000440c       0x30 c:/siliconlabs/simplicitystudio/v4/developer/toolchains/gnu_arm/7.2_2017q4/bin/../lib/gcc/arm-none-eabi/7.2.1/../../../../arm-none-eabi/lib/thumb/v7e-m/fpv4-sp/softfp\libc_nano.a(lib_a-mlock.o)
 .debug_frame   0x0000443c       0x38 c:/siliconlabs/simplicitystudio/v4/developer/toolchains/gnu_arm/7.2_2017q4/bin/../lib/gcc/arm-none-eabi/7.2.1/../../../../arm-none-eabi/lib/thumb/v7e-m/fpv4-sp/softfp\libc_nano.a(lib_a-nano-freer.o)
 .debug_frame   0x00004474       0x20 c:/siliconlabs/simplicitystudio/v4/developer/toolchains/gnu_arm/7.2_2017q4/bin/../lib/gcc/arm-none-eabi/7.2.1/../../../../arm-none-eabi/lib/thumb/v7e-m/fpv4-sp/softfp\libc_nano.a(lib_a-nano-msizer.o)
 .debug_frame   0x00004494       0x5c c:/siliconlabs/simplicitystudio/v4/developer/toolchains/gnu_arm/7.2_2017q4/bin/../lib/gcc/arm-none-eabi/7.2.1/../../../../arm-none-eabi/lib/thumb/v7e-m/fpv4-sp/softfp\libc_nano.a(lib_a-reent.o)
 .debug_frame   0x000044f0       0x20 c:/siliconlabs/simplicitystudio/v4/developer/toolchains/gnu_arm/7.2_2017q4/bin/../lib/gcc/arm-none-eabi/7.2.1/../../../../arm-none-eabi/lib/thumb/v7e-m/fpv4-sp/softfp\libnosys.a(sbrk.o)
 .debug_frame   0x00004510       0x20 c:/siliconlabs/simplicitystudio/v4/developer/toolchains/gnu_arm/7.2_2017q4/bin/../lib/gcc/arm-none-eabi/7.2.1/../../../../arm-none-eabi/lib/thumb/v7e-m/fpv4-sp/softfp\libnosys.a(_exit.o)
 .debug_frame   0x00004530       0x50 c:/siliconlabs/simplicitystudio/v4/developer/toolchains/gnu_arm/7.2_2017q4/bin/../lib/gcc/arm-none-eabi/7.2.1/thumb/v7e-m/fpv4-sp/softfp\libgcc.a(_arm_muldivdf3.o)
 .debug_frame   0x00004580       0xc4 c:/siliconlabs/simplicitystudio/v4/developer/toolchains/gnu_arm/7.2_2017q4/bin/../lib/gcc/arm-none-eabi/7.2.1/thumb/v7e-m/fpv4-sp/softfp\libgcc.a(_arm_cmpdf2.o)
 .debug_frame   0x00004644       0x24 c:/siliconlabs/simplicitystudio/v4/developer/toolchains/gnu_arm/7.2_2017q4/bin/../lib/gcc/arm-none-eabi/7.2.1/thumb/v7e-m/fpv4-sp/softfp\libgcc.a(_arm_fixdfsi.o)
